Archive member included to satisfy reference by file (symbol)

/Users/brianlesko/.pico-sdk/toolchain/13_2_Rel1/bin/../lib/gcc/arm-none-eabi/13.2.1/thumb/v6-m/nofp/libgcc.a(_dvmd_tls.o)
                              CMakeFiles/hello_serial.dir/Users/brianlesko/.pico-sdk/sdk/2.0.0/src/rp2_common/pico_divider/divider_hardware.S.obj (__aeabi_idiv0)
/Users/brianlesko/.pico-sdk/toolchain/13_2_Rel1/bin/../lib/gcc/arm-none-eabi/13.2.1/../../../../arm-none-eabi/lib/thumb/v6-m/nofp/libg.a(libc_a-calloc.o)
                              CMakeFiles/hello_serial.dir/Users/brianlesko/.pico-sdk/sdk/2.0.0/src/rp2_common/pico_malloc/malloc.c.obj (calloc)
/Users/brianlesko/.pico-sdk/toolchain/13_2_Rel1/bin/../lib/gcc/arm-none-eabi/13.2.1/../../../../arm-none-eabi/lib/thumb/v6-m/nofp/libg.a(libc_a-callocr.o)
                              /Users/brianlesko/.pico-sdk/toolchain/13_2_Rel1/bin/../lib/gcc/arm-none-eabi/13.2.1/../../../../arm-none-eabi/lib/thumb/v6-m/nofp/libg.a(libc_a-calloc.o) (_calloc_r)
/Users/brianlesko/.pico-sdk/toolchain/13_2_Rel1/bin/../lib/gcc/arm-none-eabi/13.2.1/../../../../arm-none-eabi/lib/thumb/v6-m/nofp/libg.a(libc_a-malloc.o)
                              CMakeFiles/hello_serial.dir/Users/brianlesko/.pico-sdk/sdk/2.0.0/src/rp2_common/pico_malloc/malloc.c.obj (malloc)
/Users/brianlesko/.pico-sdk/toolchain/13_2_Rel1/bin/../lib/gcc/arm-none-eabi/13.2.1/../../../../arm-none-eabi/lib/thumb/v6-m/nofp/libg.a(libc_a-mallocr.o)
                              /Users/brianlesko/.pico-sdk/toolchain/13_2_Rel1/bin/../lib/gcc/arm-none-eabi/13.2.1/../../../../arm-none-eabi/lib/thumb/v6-m/nofp/libg.a(libc_a-callocr.o) (_malloc_r)
/Users/brianlesko/.pico-sdk/toolchain/13_2_Rel1/bin/../lib/gcc/arm-none-eabi/13.2.1/../../../../arm-none-eabi/lib/thumb/v6-m/nofp/libg.a(libc_a-mlock.o)
                              /Users/brianlesko/.pico-sdk/toolchain/13_2_Rel1/bin/../lib/gcc/arm-none-eabi/13.2.1/../../../../arm-none-eabi/lib/thumb/v6-m/nofp/libg.a(libc_a-mallocr.o) (__malloc_lock)
/Users/brianlesko/.pico-sdk/toolchain/13_2_Rel1/bin/../lib/gcc/arm-none-eabi/13.2.1/../../../../arm-none-eabi/lib/thumb/v6-m/nofp/libg.a(libc_a-realloc.o)
                              CMakeFiles/hello_serial.dir/Users/brianlesko/.pico-sdk/sdk/2.0.0/src/rp2_common/pico_malloc/malloc.c.obj (realloc)
/Users/brianlesko/.pico-sdk/toolchain/13_2_Rel1/bin/../lib/gcc/arm-none-eabi/13.2.1/../../../../arm-none-eabi/lib/thumb/v6-m/nofp/libg.a(libc_a-reallocr.o)
                              /Users/brianlesko/.pico-sdk/toolchain/13_2_Rel1/bin/../lib/gcc/arm-none-eabi/13.2.1/../../../../arm-none-eabi/lib/thumb/v6-m/nofp/libg.a(libc_a-realloc.o) (_realloc_r)
/Users/brianlesko/.pico-sdk/toolchain/13_2_Rel1/bin/../lib/gcc/arm-none-eabi/13.2.1/../../../../arm-none-eabi/lib/thumb/v6-m/nofp/libg.a(libc_a-memcmp.o)
                              CMakeFiles/hello_serial.dir/Users/brianlesko/.pico-sdk/sdk/2.0.0/src/rp2_common/pico_atomic/atomic.c.obj (memcmp)
/Users/brianlesko/.pico-sdk/toolchain/13_2_Rel1/bin/../lib/gcc/arm-none-eabi/13.2.1/../../../../arm-none-eabi/lib/thumb/v6-m/nofp/libg.a(libc_a-memmove.o)
                              /Users/brianlesko/.pico-sdk/toolchain/13_2_Rel1/bin/../lib/gcc/arm-none-eabi/13.2.1/../../../../arm-none-eabi/lib/thumb/v6-m/nofp/libg.a(libc_a-reallocr.o) (memmove)
/Users/brianlesko/.pico-sdk/toolchain/13_2_Rel1/bin/../lib/gcc/arm-none-eabi/13.2.1/../../../../arm-none-eabi/lib/thumb/v6-m/nofp/libg.a(libc_a-lcltime_r.o)
                              CMakeFiles/hello_serial.dir/Users/brianlesko/.pico-sdk/sdk/2.0.0/src/common/pico_util/datetime.c.obj (localtime_r)
/Users/brianlesko/.pico-sdk/toolchain/13_2_Rel1/bin/../lib/gcc/arm-none-eabi/13.2.1/../../../../arm-none-eabi/lib/thumb/v6-m/nofp/libg.a(libc_a-mktime.o)
                              CMakeFiles/hello_serial.dir/Users/brianlesko/.pico-sdk/sdk/2.0.0/src/common/pico_util/datetime.c.obj (mktime)
/Users/brianlesko/.pico-sdk/toolchain/13_2_Rel1/bin/../lib/gcc/arm-none-eabi/13.2.1/../../../../arm-none-eabi/lib/thumb/v6-m/nofp/libg.a(libc_a-month_lengths.o)
                              /Users/brianlesko/.pico-sdk/toolchain/13_2_Rel1/bin/../lib/gcc/arm-none-eabi/13.2.1/../../../../arm-none-eabi/lib/thumb/v6-m/nofp/libg.a(libc_a-lcltime_r.o) (__month_lengths)
/Users/brianlesko/.pico-sdk/toolchain/13_2_Rel1/bin/../lib/gcc/arm-none-eabi/13.2.1/../../../../arm-none-eabi/lib/thumb/v6-m/nofp/libg.a(libc_a-tzcalc_limits.o)
                              /Users/brianlesko/.pico-sdk/toolchain/13_2_Rel1/bin/../lib/gcc/arm-none-eabi/13.2.1/../../../../arm-none-eabi/lib/thumb/v6-m/nofp/libg.a(libc_a-lcltime_r.o) (__tzcalc_limits)
/Users/brianlesko/.pico-sdk/toolchain/13_2_Rel1/bin/../lib/gcc/arm-none-eabi/13.2.1/../../../../arm-none-eabi/lib/thumb/v6-m/nofp/libg.a(libc_a-tzlock.o)
                              /Users/brianlesko/.pico-sdk/toolchain/13_2_Rel1/bin/../lib/gcc/arm-none-eabi/13.2.1/../../../../arm-none-eabi/lib/thumb/v6-m/nofp/libg.a(libc_a-lcltime_r.o) (__tz_lock)
[...]
Memory Configuration

Name             Origin             Length             Attributes
FLASH            0x10000000         0x00200000         xr
RAM              0x20000000         0x00040000         xrw
SCRATCH_X        0x20040000         0x00001000         xrw
SCRATCH_Y        0x20041000         0x00001000         xrw
*default*        0x00000000         0xffffffff

Linker script and memory map

LOAD /Users/brianlesko/.pico-sdk/toolchain/13_2_Rel1/bin/../lib/gcc/arm-none-eabi/13.2.1/thumb/v6-m/nofp/crti.o
LOAD /Users/brianlesko/.pico-sdk/toolchain/13_2_Rel1/bin/../lib/gcc/arm-none-eabi/13.2.1/thumb/v6-m/nofp/crtbegin.o
LOAD /Users/brianlesko/.pico-sdk/toolchain/13_2_Rel1/bin/../lib/gcc/arm-none-eabi/13.2.1/../../../../arm-none-eabi/lib/thumb/v6-m/nofp/crt0.o

.flash_begin    0x10000000        0x0
                0x10000000                        __flash_binary_start = .

.boot2          0x10000000      0x100
                0x10000000                        __boot2_start__ = .
 *(.boot2)
 .boot2         0x10000000      0x100 /var/folders/z5/9z702w_d7xb5zs4lq1hj6lrm0000gp/T//cc5NCGTP.o
                0x10000100                        __boot2_end__ = .
                0x00000001                        ASSERT (((__boot2_end__ - __boot2_start__) == 0x100), ERROR: Pico second stage bootloader must be 256 bytes in size)

.text           0x10000100     0x65ac
                0x10000100                        __logical_binary_start = .
 *(.vectors)
 .vectors       0x10000100       0xd4 CMakeFiles/hello_serial.dir/Users/brianlesko/.pico-sdk/sdk/2.0.0/src/rp2_common/pico_crt0/crt0.S.obj
                0x10000100                __VECTOR_TABLE
                0x10000100                __vectors
                0x100001c0                __default_isrs_start
                0x100001c0                isr_invalid
                0x100001c2                isr_nmi
                0x100001c4                isr_hardfault
                0x100001c6                isr_svcall
                0x100001c8                isr_pendsv
                0x100001ca                isr_systick
                0x100001cc                isr_irq28
                0x100001cc                isr_irq19
                0x100001cc                isr_irq0
                0x100001cc                isr_irq6
                0x100001cc                isr_irq22
                0x100001cc                isr_irq17
                0x100001cc                isr_irq14
                0x100001cc                isr_irq2
                0x100001cc                isr_irq10
                0x100001cc                isr_irq8
                0x100001cc                isr_irq24
                0x100001cc                isr_irq1
                0x100001cc                isr_irq7
                0x100001cc                isr_irq21
                0x100001cc                isr_irq20
                0x100001cc                isr_irq15
                0x100001cc                isr_irq25
                0x100001cc                isr_irq4
                0x100001cc                isr_irq16
                0x100001cc                isr_irq29
                0x100001cc                isr_irq26
                0x100001cc                __default_isrs_end
                0x100001cc                isr_irq3
                0x100001cc                isr_irq9
                0x100001cc                __unhandled_user_irq
                0x100001cc                isr_irq13
                0x100001cc                isr_irq27
                0x100001cc                isr_irq31
                0x100001cc                isr_irq5
                0x100001cc                isr_irq11
                0x100001cc                isr_irq23
                0x100001cc                isr_irq18
                0x100001cc                isr_irq30
                0x100001cc                isr_irq12
                0x100001d2                unhandled_user_irq_num_in_r0
 *(.binary_info_header)
 .binary_info_header
                0x100001d4       0x14 CMakeFiles/hello_serial.dir/Users/brianlesko/.pico-sdk/sdk/2.0.0/src/rp2_common/pico_crt0/crt0.S.obj
                0x100001e8                        __binary_info_header_end = .
 *(.embedded_block)
                0x100001e8                        __embedded_block_end = .
 *(.reset)
 .reset         0x100001e8       0x9c CMakeFiles/hello_serial.dir/Users/brianlesko/.pico-sdk/sdk/2.0.0/src/rp2_common/pico_crt0/crt0.S.obj
                0x100001e8                _entry_point
 *(.init)
 .init          0x10000284        0x4 /Users/brianlesko/.pico-sdk/toolchain/13_2_Rel1/bin/../lib/gcc/arm-none-eabi/13.2.1/thumb/v6-m/nofp/crti.o
                0x10000284                _init
 *(EXCLUDE_FILE(*libm.a: *libc.a:*lib_a-mem*.o *libgcc.a:) .text*)
 .text.register_tm_clones
                0x10000288       0x28 /Users/brianlesko/.pico-sdk/toolchain/13_2_Rel1/bin/../lib/gcc/arm-none-eabi/13.2.1/thumb/v6-m/nofp/crtbegin.o
 .text.frame_dummy
                0x100002b0       0x24 /Users/brianlesko/.pico-sdk/toolchain/13_2_Rel1/bin/../lib/gcc/arm-none-eabi/13.2.1/thumb/v6-m/nofp/crtbegin.o
 .text.main     0x100002d4       0x1c CMakeFiles/hello_serial.dir/hello_serial.c.obj
                0x100002d4                main
 .text.rp2040_chip_version
                0x100002f0       0x54 CMakeFiles/hello_serial.dir/Users/brianlesko/.pico-sdk/sdk/2.0.0/src/rp2040/pico_platform/platform.c.obj
                0x100002f0                rp2040_chip_version
 .text.panic    0x10000344       0x30 CMakeFiles/hello_serial.dir/Users/brianlesko/.pico-sdk/sdk/2.0.0/src/rp2_common/pico_platform_panic/panic.c.obj
                0x10000344                panic
 .text.hw_claim_lock
                0x10000374       0x18 CMakeFiles/hello_serial.dir/Users/brianlesko/.pico-sdk/sdk/2.0.0/src/common/hardware_claim/claim.c.obj
                0x10000374                hw_claim_lock
 .text.hw_claim_unlock
                0x1000038c       0x14 CMakeFiles/hello_serial.dir/Users/brianlesko/.pico-sdk/sdk/2.0.0/src/common/hardware_claim/claim.c.obj
                0x1000038c                hw_claim_unlock
 .text.hw_claim_or_assert
                0x100003a0       0x32 CMakeFiles/hello_serial.dir/Users/brianlesko/.pico-sdk/sdk/2.0.0/src/common/hardware_claim/claim.c.obj
                0x100003a0                hw_claim_or_assert
 .text.hw_claim_unused_from_range
                0x100003d2       0x50 CMakeFiles/hello_serial.dir/Users/brianlesko/.pico-sdk/sdk/2.0.0/src/common/hardware_claim/claim.c.obj
                0x100003d2                hw_claim_unused_from_range
 *fill*         0x10000422        0x2 
 .text.next_striped_spin_lock_num
                0x10000424       0x1c CMakeFiles/hello_serial.dir/Users/brianlesko/.pico-sdk/sdk/2.0.0/src/rp2_common/hardware_sync/sync.c.obj
                0x10000424                next_striped_spin_lock_num
 .text.spin_lock_claim_unused
                0x10000440       0x24 CMakeFiles/hello_serial.dir/Users/brianlesko/.pico-sdk/sdk/2.0.0/src/rp2_common/hardware_sync/sync.c.obj
                0x10000440                spin_lock_claim_unused
 .text.spin_locks_reset
                0x10000464       0x20 CMakeFiles/hello_serial.dir/Users/brianlesko/.pico-sdk/sdk/2.0.0/src/rp2_common/hardware_sync_spin_lock/sync_spin_lock.c.obj
                0x10000464                spin_locks_reset
 .text.set_raw_irq_handler_and_unlock
                0x10000484       0x28 CMakeFiles/hello_serial.dir/Users/brianlesko/.pico-sdk/sdk/2.0.0/src/rp2_common/hardware_irq/irq.c.obj
 .text.nvic_ipr0
                0x100004ac        0x8 CMakeFiles/hello_serial.dir/Users/brianlesko/.pico-sdk/sdk/2.0.0/src/rp2_common/hardware_irq/irq.c.obj
 .text.runtime_init_per_core_irq_priorities
                0x100004b4       0x1c CMakeFiles/hello_serial.dir/Users/brianlesko/.pico-sdk/sdk/2.0.0/src/rp2_common/hardware_irq/irq.c.obj
                0x100004b4                runtime_init_per_core_irq_priorities
 .text.resolve_j_16
                0x100004d0       0x30 CMakeFiles/hello_serial.dir/Users/brianlesko/.pico-sdk/sdk/2.0.0/src/rp2_common/hardware_irq/irq.c.obj
 .text.make_j_16
                0x10000500       0x48 CMakeFiles/hello_serial.dir/Users/brianlesko/.pico-sdk/sdk/2.0.0/src/rp2_common/hardware_irq/irq.c.obj
 .text.irq_is_enabled
                0x10000548       0x18 CMakeFiles/hello_serial.dir/Users/brianlesko/.pico-sdk/sdk/2.0.0/src/rp2_common/hardware_irq/irq.c.obj
                0x10000548                irq_is_enabled
 .text.irq_set_mask_n_enabled
                0x10000560       0x1c CMakeFiles/hello_serial.dir/Users/brianlesko/.pico-sdk/sdk/2.0.0/src/rp2_common/hardware_irq/irq.c.obj
                0x10000560                irq_set_mask_n_enabled
 .text.irq_set_enabled
                0x1000057c       0x14 CMakeFiles/hello_serial.dir/Users/brianlesko/.pico-sdk/sdk/2.0.0/src/rp2_common/hardware_irq/irq.c.obj
                0x1000057c                irq_set_enabled
 .text.irq_set_pending
                0x10000590       0x10 CMakeFiles/hello_serial.dir/Users/brianlesko/.pico-sdk/sdk/2.0.0/src/rp2_common/hardware_irq/irq.c.obj
                0x10000590                irq_set_pending
 .text.irq_get_vtable_handler
                0x100005a0       0x10 CMakeFiles/hello_serial.dir/Users/brianlesko/.pico-sdk/sdk/2.0.0/src/rp2_common/hardware_irq/irq.c.obj
                0x100005a0                irq_get_vtable_handler
 .text.irq_has_shared_handler
                0x100005b0       0x24 CMakeFiles/hello_serial.dir/Users/brianlesko/.pico-sdk/sdk/2.0.0/src/rp2_common/hardware_irq/irq.c.obj
                0x100005b0                irq_has_shared_handler
 .text.irq_set_exclusive_handler
                0x100005d4       0x54 CMakeFiles/hello_serial.dir/Users/brianlesko/.pico-sdk/sdk/2.0.0/src/rp2_common/hardware_irq/irq.c.obj
                0x100005d4                irq_set_exclusive_handler
 .text.irq_add_shared_handler
                0x10000628      0x218 CMakeFiles/hello_serial.dir/Users/brianlesko/.pico-sdk/sdk/2.0.0/src/rp2_common/hardware_irq/irq.c.obj
                0x10000628                irq_add_shared_handler
 .text.irq_add_tail_to_free_list
                0x10000840       0xf4 CMakeFiles/hello_serial.dir/Users/brianlesko/.pico-sdk/sdk/2.0.0/src/rp2_common/hardware_irq/irq.c.obj
                0x10000840                irq_add_tail_to_free_list
 .text.user_irq_claim_unused
                0x10000934       0x2c CMakeFiles/hello_serial.dir/Users/brianlesko/.pico-sdk/sdk/2.0.0/src/rp2_common/hardware_irq/irq.c.obj
                0x10000934                user_irq_claim_unused
 .text.lock_init
                0x10000960       0x10 CMakeFiles/hello_serial.dir/Users/brianlesko/.pico-sdk/sdk/2.0.0/src/common/pico_sync/lock_core.c.obj
                0x10000960                lock_init
 .text.mutex_init
                0x10000970       0x1a CMakeFiles/hello_serial.dir/Users/brianlesko/.pico-sdk/sdk/2.0.0/src/common/pico_sync/mutex.c.obj
                0x10000970                mutex_init
 .text.recursive_mutex_init
                0x1000098a       0x1e CMakeFiles/hello_serial.dir/Users/brianlesko/.pico-sdk/sdk/2.0.0/src/common/pico_sync/mutex.c.obj
                0x1000098a                recursive_mutex_init
 .text.runtime_init_mutex
                0x100009a8       0x4c CMakeFiles/hello_serial.dir/Users/brianlesko/.pico-sdk/sdk/2.0.0/src/common/pico_sync/mutex.c.obj
                0x100009a8                runtime_init_mutex
 .text.critical_section_init_with_lock_num
                0x100009f4       0x14 CMakeFiles/hello_serial.dir/Users/brianlesko/.pico-sdk/sdk/2.0.0/src/common/pico_sync/critical_section.c.obj
                0x100009f4                critical_section_init_with_lock_num
 .text.critical_section_init
                0x10000a08       0x14 CMakeFiles/hello_serial.dir/Users/brianlesko/.pico-sdk/sdk/2.0.0/src/common/pico_sync/critical_section.c.obj
                0x10000a08                critical_section_init
 .text.make_alarm_id
                0x10000a1c        0x6 CMakeFiles/hello_serial.dir/Users/brianlesko/.pico-sdk/sdk/2.0.0/src/common/pico_time/time.c.obj
 *fill*         0x10000a22        0x2 
 .text.sleep_until_callback
                0x10000a24       0x30 CMakeFiles/hello_serial.dir/Users/brianlesko/.pico-sdk/sdk/2.0.0/src/common/pico_time/time.c.obj
 .text.alarm_pool_irq_handler
                0x10000a54      0x2e0 CMakeFiles/hello_serial.dir/Users/brianlesko/.pico-sdk/sdk/2.0.0/src/common/pico_time/time.c.obj
 .text.ta_enable_irq_handler
                0x10000d34       0x2c CMakeFiles/hello_serial.dir/Users/brianlesko/.pico-sdk/sdk/2.0.0/src/common/pico_time/time.c.obj
 .text.alarm_pool_post_alloc_init
                0x10000d60       0x78 CMakeFiles/hello_serial.dir/Users/brianlesko/.pico-sdk/sdk/2.0.0/src/common/pico_time/time.c.obj
 .text.alarm_pool_get_default
                0x10000dd8       0x2c CMakeFiles/hello_serial.dir/Users/brianlesko/.pico-sdk/sdk/2.0.0/src/common/pico_time/time.c.obj
                0x10000dd8                alarm_pool_get_default
 .text.alarm_pool_add_alarm_at_force_in_context
                0x10000e04       0xa4 CMakeFiles/hello_serial.dir/Users/brianlesko/.pico-sdk/sdk/2.0.0/src/common/pico_time/time.c.obj
                0x10000e04                alarm_pool_add_alarm_at_force_in_context
 .text.alarm_pool_add_alarm_at
                0x10000ea8       0x3c CMakeFiles/hello_serial.dir/Users/brianlesko/.pico-sdk/sdk/2.0.0/src/common/pico_time/time.c.obj
                0x10000ea8                alarm_pool_add_alarm_at
 .text.add_alarm_at
                0x10000ee4       0x2e CMakeFiles/hello_serial.dir/Users/brianlesko/.pico-sdk/sdk/2.0.0/src/common/pico_time/time.c.obj
 *fill*         0x10000f12        0x2 
 .text.alarm_pool_cancel_alarm
                0x10000f14       0x78 CMakeFiles/hello_serial.dir/Users/brianlesko/.pico-sdk/sdk/2.0.0/src/common/pico_time/time.c.obj
                0x10000f14                alarm_pool_cancel_alarm
 .text.cancel_alarm
                0x10000f8c       0x10 CMakeFiles/hello_serial.dir/Users/brianlesko/.pico-sdk/sdk/2.0.0/src/common/pico_time/time.c.obj
 .text.alarm_pool_core_num
                0x10000f9c        0x4 CMakeFiles/hello_serial.dir/Users/brianlesko/.pico-sdk/sdk/2.0.0/src/common/pico_time/time.c.obj
                0x10000f9c                alarm_pool_core_num
 .text.sleep_until
                0x10000fa0       0xc0 CMakeFiles/hello_serial.dir/Users/brianlesko/.pico-sdk/sdk/2.0.0/src/common/pico_time/time.c.obj
                0x10000fa0                sleep_until
 .text.sleep_us
                0x10001060       0x24 CMakeFiles/hello_serial.dir/Users/brianlesko/.pico-sdk/sdk/2.0.0/src/common/pico_time/time.c.obj
                0x10001060                sleep_us
 .text.sleep_ms
                0x10001084       0x14 CMakeFiles/hello_serial.dir/Users/brianlesko/.pico-sdk/sdk/2.0.0/src/common/pico_time/time.c.obj
                0x10001084                sleep_ms
 .text.best_effort_wfe_or_timeout
                0x10001098       0xc4 CMakeFiles/hello_serial.dir/Users/brianlesko/.pico-sdk/sdk/2.0.0/src/common/pico_time/time.c.obj
                0x10001098                best_effort_wfe_or_timeout
 .text.alarm_pool_get_default_timer
                0x1000115c        0x8 CMakeFiles/hello_serial.dir/Users/brianlesko/.pico-sdk/sdk/2.0.0/src/common/pico_time/time.c.obj
                0x1000115c                alarm_pool_get_default_timer
 .text.runtime_init_default_alarm_pool
                0x10001164       0x38 CMakeFiles/hello_serial.dir/Users/brianlesko/.pico-sdk/sdk/2.0.0/src/common/pico_time/time.c.obj
                0x10001164                runtime_init_default_alarm_pool
 .text.timer_hardware_alarm_claim
                0x1000119c       0x14 CMakeFiles/hello_serial.dir/Users/brianlesko/.pico-sdk/sdk/2.0.0/src/rp2_common/hardware_timer/timer.c.obj
                0x1000119c                timer_hardware_alarm_claim
 .text.timer_time_us_64
                0x100011b0       0x10 CMakeFiles/hello_serial.dir/Users/brianlesko/.pico-sdk/sdk/2.0.0/src/rp2_common/hardware_timer/timer.c.obj
                0x100011b0                timer_time_us_64
 .text.timer_busy_wait_until
                0x100011c0       0x1a CMakeFiles/hello_serial.dir/Users/brianlesko/.pico-sdk/sdk/2.0.0/src/rp2_common/hardware_timer/timer.c.obj
                0x100011c0                timer_busy_wait_until
 *fill*         0x100011da        0x2 
 .text.time_us_64
                0x100011dc       0x10 CMakeFiles/hello_serial.dir/Users/brianlesko/.pico-sdk/sdk/2.0.0/src/rp2_common/hardware_timer/timer.c.obj
                0x100011dc                time_us_64
 .text.busy_wait_until
                0x100011ec       0x14 CMakeFiles/hello_serial.dir/Users/brianlesko/.pico-sdk/sdk/2.0.0/src/rp2_common/hardware_timer/timer.c.obj
                0x100011ec                busy_wait_until
 .text.clock_configure_internal
                0x10001200       0xc4 CMakeFiles/hello_serial.dir/Users/brianlesko/.pico-sdk/sdk/2.0.0/src/rp2_common/hardware_clocks/clocks.c.obj
 .text.clock_configure_int_divider
                0x100012c4       0x28 CMakeFiles/hello_serial.dir/Users/brianlesko/.pico-sdk/sdk/2.0.0/src/rp2_common/hardware_clocks/clocks.c.obj
                0x100012c4                clock_configure_int_divider
 .text.clock_configure_undivided
                0x100012ec       0x12 CMakeFiles/hello_serial.dir/Users/brianlesko/.pico-sdk/sdk/2.0.0/src/rp2_common/hardware_clocks/clocks.c.obj
                0x100012ec                clock_configure_undivided
 *fill*         0x100012fe        0x2 
 .text.clock_get_hz
                0x10001300        0xc CMakeFiles/hello_serial.dir/Users/brianlesko/.pico-sdk/sdk/2.0.0/src/rp2_common/hardware_clocks/clocks.c.obj
                0x10001300                clock_get_hz
 .text.pll_init
                0x1000130c      0x124 CMakeFiles/hello_serial.dir/Users/brianlesko/.pico-sdk/sdk/2.0.0/src/rp2_common/hardware_pll/pll.c.obj
                0x1000130c                pll_init
 .text.watchdog_update
                0x10001430       0x14 CMakeFiles/hello_serial.dir/Users/brianlesko/.pico-sdk/sdk/2.0.0/src/rp2_common/hardware_watchdog/watchdog.c.obj
                0x10001430                watchdog_update
 .text._watchdog_enable
                0x10001444       0x7c CMakeFiles/hello_serial.dir/Users/brianlesko/.pico-sdk/sdk/2.0.0/src/rp2_common/hardware_watchdog/watchdog.c.obj
                0x10001444                _watchdog_enable
 .text.watchdog_reboot
                0x100014c0       0x48 CMakeFiles/hello_serial.dir/Users/brianlesko/.pico-sdk/sdk/2.0.0/src/rp2_common/hardware_watchdog/watchdog.c.obj
                0x100014c0                watchdog_reboot
 .text.tick_start
                0x10001508       0x10 CMakeFiles/hello_serial.dir/Users/brianlesko/.pico-sdk/sdk/2.0.0/src/rp2_common/hardware_ticks/ticks.c.obj
                0x10001508                tick_start
 .text.xosc_init
                0x10001518       0x28 CMakeFiles/hello_serial.dir/Users/brianlesko/.pico-sdk/sdk/2.0.0/src/rp2_common/hardware_xosc/xosc.c.obj
                0x10001518                xosc_init
 .text.runtime_run_initializers_from
                0x10001540       0x18 CMakeFiles/hello_serial.dir/Users/brianlesko/.pico-sdk/sdk/2.0.0/src/rp2_common/pico_runtime/runtime.c.obj
 .text.first_per_core_initializer
                0x10001558        0x2 CMakeFiles/hello_serial.dir/Users/brianlesko/.pico-sdk/sdk/2.0.0/src/rp2_common/pico_runtime/runtime.c.obj
 *fill*         0x1000155a        0x2 
 .text.runtime_run_initializers
                0x1000155c       0x10 CMakeFiles/hello_serial.dir/Users/brianlesko/.pico-sdk/sdk/2.0.0/src/rp2_common/pico_runtime/runtime.c.obj
                0x1000155c                runtime_run_initializers
 .text.runtime_init_early_resets
                0x1000156c       0x2c CMakeFiles/hello_serial.dir/Users/brianlesko/.pico-sdk/sdk/2.0.0/src/rp2_common/pico_runtime_init/runtime_init.c.obj
                0x1000156c                runtime_init_early_resets
 .text.runtime_init_usb_power_down
                0x10001598       0x1c CMakeFiles/hello_serial.dir/Users/brianlesko/.pico-sdk/sdk/2.0.0/src/rp2_common/pico_runtime_init/runtime_init.c.obj
                0x10001598                runtime_init_usb_power_down
 .text.runtime_init_post_clock_resets
                0x100015b4       0x20 CMakeFiles/hello_serial.dir/Users/brianlesko/.pico-sdk/sdk/2.0.0/src/rp2_common/pico_runtime_init/runtime_init.c.obj
                0x100015b4                runtime_init_post_clock_resets
 .text.runtime_init_rp2040_gpio_ie_disable
                0x100015d4       0x14 CMakeFiles/hello_serial.dir/Users/brianlesko/.pico-sdk/sdk/2.0.0/src/rp2_common/pico_runtime_init/runtime_init.c.obj
                0x100015d4                runtime_init_rp2040_gpio_ie_disable
 .text.runtime_init_spin_locks_reset
                0x100015e8        0x8 CMakeFiles/hello_serial.dir/Users/brianlesko/.pico-sdk/sdk/2.0.0/src/rp2_common/pico_runtime_init/runtime_init.c.obj
                0x100015e8                runtime_init_spin_locks_reset
 .text.runtime_init_install_ram_vector_table
                0x100015f0       0x1c CMakeFiles/hello_serial.dir/Users/brianlesko/.pico-sdk/sdk/2.0.0/src/rp2_common/pico_runtime_init/runtime_init.c.obj
                0x100015f0                runtime_init_install_ram_vector_table
 .text.start_all_ticks
                0x1000160c       0x28 CMakeFiles/hello_serial.dir/Users/brianlesko/.pico-sdk/sdk/2.0.0/src/rp2_common/pico_runtime_init/runtime_init_clocks.c.obj
 .text.runtime_init_clocks
                0x10001634       0xcc CMakeFiles/hello_serial.dir/Users/brianlesko/.pico-sdk/sdk/2.0.0/src/rp2_common/pico_runtime_init/runtime_init_clocks.c.obj
                0x10001634                runtime_init_clocks
 .text          0x10001700       0x10 CMakeFiles/hello_serial.dir/Users/brianlesko/.pico-sdk/sdk/2.0.0/src/rp2_common/pico_bit_ops/bit_ops_aeabi.S.obj
 .text.rom_func_lookup
                0x10001710       0x10 CMakeFiles/hello_serial.dir/Users/brianlesko/.pico-sdk/sdk/2.0.0/src/rp2_common/pico_bootrom/bootrom.c.obj
                0x10001710                rom_func_lookup
 .text.rom_data_lookup
                0x10001720       0x10 CMakeFiles/hello_serial.dir/Users/brianlesko/.pico-sdk/sdk/2.0.0/src/rp2_common/pico_bootrom/bootrom.c.obj
                0x10001720                rom_data_lookup
 .text.rom_funcs_lookup
                0x10001730       0x36 CMakeFiles/hello_serial.dir/Users/brianlesko/.pico-sdk/sdk/2.0.0/src/rp2_common/pico_bootrom/bootrom.c.obj
                0x10001730                rom_funcs_lookup
 *fill*         0x10001766        0x2 
 .text.rom_reset_usb_boot
                0x10001768       0x18 CMakeFiles/hello_serial.dir/Users/brianlesko/.pico-sdk/sdk/2.0.0/src/rp2_common/pico_bootrom/bootrom.c.obj
                0x10001768                rom_reset_usb_boot
 .text.__wrap___aeabi_idiv
                0x10001780       0x50 CMakeFiles/hello_serial.dir/Users/brianlesko/.pico-sdk/sdk/2.0.0/src/rp2_common/pico_divider/divider_hardware.S.obj
                0x10001780                __wrap___aeabi_idivmod
                0x10001780                divmod_s32s32
                0x10001780                div_s32s32
                0x10001780                __wrap___aeabi_idiv
                0x10001788                divmod_s32s32_unsafe
                0x100017b4                divmod_s32s32_savestate
 .text.__wrap___aeabi_uidiv
                0x100017d0       0x4c CMakeFiles/hello_serial.dir/Users/brianlesko/.pico-sdk/sdk/2.0.0/src/rp2_common/pico_divider/divider_hardware.S.obj
                0x100017d0                __wrap___aeabi_uidiv
                0x100017d0                __wrap___aeabi_uidivmod
                0x100017d0                div_u32u32
                0x100017d0                divmod_u32u32
                0x100017d8                divmod_u32u32_unsafe
                0x10001800                divmod_u32u32_savestate
 .text.__wrap___aeabi_ldiv
                0x1000181c      0x424 CMakeFiles/hello_serial.dir/Users/brianlesko/.pico-sdk/sdk/2.0.0/src/rp2_common/pico_divider/divider_hardware.S.obj
                0x1000181c                __wrap___aeabi_ldivmod
                0x1000181c                div_s64s64
                0x1000181c                divmod_s64s64
                0x1000184c                divmod_u64u64
                0x1000184c                div_u64u64
                0x1000184c                __wrap___aeabi_uldivmod
                0x1000185c                divmod_u64u64_savestate
                0x1000187c                divmod_s64s64_unsafe
                0x10001904                divmod_u64u64_unsafe
 .text.__wrap___aeabi_darithmetic
                0x10001c40       0x80 CMakeFiles/hello_serial.dir/Users/brianlesko/.pico-sdk/sdk/2.0.0/src/rp2_common/pico_double/double_aeabi_rp2040.S.obj
                0x10001c40                __wrap___aeabi_drsub
                0x10001c46                __wrap___aeabi_dsub
                0x10001c58                __wrap___aeabi_dadd
                0x10001c6a                __wrap___aeabi_ddiv
                0x10001ca6                __wrap___aeabi_dmul
 .text.__wrap___aeabi_cdcmple
                0x10001cc0       0x6c CMakeFiles/hello_serial.dir/Users/brianlesko/.pico-sdk/sdk/2.0.0/src/rp2_common/pico_double/double_aeabi_rp2040.S.obj
                0x10001cc0                __wrap___aeabi_cdrcmple
                0x10001cd0                __wrap___aeabi_cdcmple
                0x10001cd0                __wrap___aeabi_cdcmpeq
 .text.__wrap___aeabi_dcmplt
                0x10001d2c        0xc CMakeFiles/hello_serial.dir/Users/brianlesko/.pico-sdk/sdk/2.0.0/src/rp2_common/pico_double/double_aeabi_rp2040.S.obj
                0x10001d2c                __wrap___aeabi_dcmplt
 .text.__wrap___aeabi_dcmple
                0x10001d38       0x10 CMakeFiles/hello_serial.dir/Users/brianlesko/.pico-sdk/sdk/2.0.0/src/rp2_common/pico_double/double_aeabi_rp2040.S.obj
                0x10001d38                __wrap___aeabi_dcmple
 .text.__wrap___aeabi_dcmpge
                0x10001d48       0x10 CMakeFiles/hello_serial.dir/Users/brianlesko/.pico-sdk/sdk/2.0.0/src/rp2_common/pico_double/double_aeabi_rp2040.S.obj
                0x10001d48                __wrap___aeabi_dcmpge
 .text.__wrap___aeabi_dcmpgt
                0x10001d58        0xa CMakeFiles/hello_serial.dir/Users/brianlesko/.pico-sdk/sdk/2.0.0/src/rp2_common/pico_double/double_aeabi_rp2040.S.obj
                0x10001d58                __wrap___aeabi_dcmpgt
 .text.__wrap___aeabi_dcmpun
                0x10001d62       0x18 CMakeFiles/hello_serial.dir/Users/brianlesko/.pico-sdk/sdk/2.0.0/src/rp2_common/pico_double/double_aeabi_rp2040.S.obj
                0x10001d62                __wrap___aeabi_dcmpun
 *fill*         0x10001d7a        0x2 
 .text.__wrap___aeabi_i2d
                0x10001d7c       0x38 CMakeFiles/hello_serial.dir/Users/brianlesko/.pico-sdk/sdk/2.0.0/src/rp2_common/pico_double/double_aeabi_rp2040.S.obj
                0x10001d7c                __wrap___aeabi_ui2d
                0x10001d84                __wrap___aeabi_i2d
 .text.__wrap___aeabi_d2iz
                0x10001db4       0x48 CMakeFiles/hello_serial.dir/Users/brianlesko/.pico-sdk/sdk/2.0.0/src/rp2_common/pico_double/double_aeabi_rp2040.S.obj
                0x10001db4                __wrap___aeabi_d2iz
                0x10001db4                double2int_z
 .text.__wrap___aeabi_d2uiz
                0x10001dfc       0x18 CMakeFiles/hello_serial.dir/Users/brianlesko/.pico-sdk/sdk/2.0.0/src/rp2_common/pico_double/double_aeabi_rp2040.S.obj
                0x10001dfc                double2uint
                0x10001dfc                __wrap___aeabi_d2uiz
 .text.__aeabi_double_init
                0x10001e14       0xcc CMakeFiles/hello_serial.dir/Users/brianlesko/.pico-sdk/sdk/2.0.0/src/rp2_common/pico_double/double_init_rom_rp2040.c.obj
                0x10001e14                __aeabi_double_init
 .text.double_table_shim_on_use_helper
                0x10001ee0       0x34 CMakeFiles/hello_serial.dir/Users/brianlesko/.pico-sdk/sdk/2.0.0/src/rp2_common/pico_double/double_v1_rom_shim_rp2040.S.obj
                0x10001ee0                double_table_shim_on_use_helper
 .text.__wrap___aeabi_dsub
                0x10001f14       0x10 CMakeFiles/hello_serial.dir/Users/brianlesko/.pico-sdk/sdk/2.0.0/src/rp2_common/pico_double/double_v1_rom_shim_rp2040.S.obj
                0x10001f14                drsub_shim
                0x10001f1a                dsub_shim
 .text.dadd_shim
                0x10001f24      0x15c CMakeFiles/hello_serial.dir/Users/brianlesko/.pico-sdk/sdk/2.0.0/src/rp2_common/pico_double/double_v1_rom_shim_rp2040.S.obj
                0x10001f24                dadd_shim
 .text.dmul_shim
                0x10002080      0x15c CMakeFiles/hello_serial.dir/Users/brianlesko/.pico-sdk/sdk/2.0.0/src/rp2_common/pico_double/double_v1_rom_shim_rp2040.S.obj
                0x10002080                dmul_shim
 .text.ddiv_shim
                0x100021dc      0x1b0 CMakeFiles/hello_serial.dir/Users/brianlesko/.pico-sdk/sdk/2.0.0/src/rp2_common/pico_double/double_v1_rom_shim_rp2040.S.obj
                0x100021dc                ddiv_shim
 .text.double2uint_shim
                0x1000238c        0xe CMakeFiles/hello_serial.dir/Users/brianlesko/.pico-sdk/sdk/2.0.0/src/rp2_common/pico_double/double_v1_rom_shim_rp2040.S.obj
                0x1000238c                double2uint_shim
                0x1000238e                double2ufix_shim
 *fill*         0x1000239a        0x2 
 .text.double2uint64_shim
                0x1000239c       0x70 CMakeFiles/hello_serial.dir/Users/brianlesko/.pico-sdk/sdk/2.0.0/src/rp2_common/pico_double/double_v1_rom_shim_rp2040.S.obj
                0x1000239c                double2uint64_shim
                0x1000239e                double2ufix64_shim
                0x100023be                d2fix_a
 .text.dunpacks
                0x1000240c       0x3c CMakeFiles/hello_serial.dir/Users/brianlesko/.pico-sdk/sdk/2.0.0/src/rp2_common/pico_double/double_v1_rom_shim_rp2040.S.obj
                0x1000240c                dunpacks
 .text.__aeabi_lmul
                0x10002448       0x32 CMakeFiles/hello_serial.dir/Users/brianlesko/.pico-sdk/sdk/2.0.0/src/rp2_common/pico_int64_ops/pico_int64_ops_aeabi.S.obj
                0x10002448                __wrap___aeabi_lmul
 *fill*         0x1000247a        0x2 
 .text.__aeabi_float_init
                0x1000247c       0xfc CMakeFiles/hello_serial.dir/Users/brianlesko/.pico-sdk/sdk/2.0.0/src/rp2_common/pico_float/float_init_rom_rp2040.c.obj
                0x1000247c                __aeabi_float_init
 .text.float_table_shim_on_use_helper
                0x10002578       0x34 CMakeFiles/hello_serial.dir/Users/brianlesko/.pico-sdk/sdk/2.0.0/src/rp2_common/pico_float/float_v1_rom_shim_rp2040.S.obj
                0x10002578                float_table_shim_on_use_helper
 .text          0x100025ac       0x10 CMakeFiles/hello_serial.dir/Users/brianlesko/.pico-sdk/sdk/2.0.0/src/rp2_common/pico_mem_ops/mem_ops_aeabi.S.obj
                0x100025ac                __aeabi_mem_init
 .text.memset   0x100025bc        0xc CMakeFiles/hello_serial.dir/Users/brianlesko/.pico-sdk/sdk/2.0.0/src/rp2_common/pico_mem_ops/mem_ops_aeabi.S.obj
                0x100025bc                __wrap_memset
 .text.memcpy   0x100025c8        0xc CMakeFiles/hello_serial.dir/Users/brianlesko/.pico-sdk/sdk/2.0.0/src/rp2_common/pico_mem_ops/mem_ops_aeabi.S.obj
                0x100025c8                __wrap___aeabi_memcpy
                0x100025c8                __wrap_memcpy
 .text._out_null
                0x100025d4        0x2 CMakeFiles/hello_serial.dir/Users/brianlesko/.pico-sdk/sdk/2.0.0/src/rp2_common/pico_printf/printf.c.obj
 .text._out_fct
                0x100025d6        0xe CMakeFiles/hello_serial.dir/Users/brianlesko/.pico-sdk/sdk/2.0.0/src/rp2_common/pico_printf/printf.c.obj
 .text._atoi    0x100025e4       0x24 CMakeFiles/hello_serial.dir/Users/brianlesko/.pico-sdk/sdk/2.0.0/src/rp2_common/pico_printf/printf.c.obj
 .text._out_rev
                0x10002608       0xae CMakeFiles/hello_serial.dir/Users/brianlesko/.pico-sdk/sdk/2.0.0/src/rp2_common/pico_printf/printf.c.obj
 .text._ntoa_format
                0x100026b6      0x110 CMakeFiles/hello_serial.dir/Users/brianlesko/.pico-sdk/sdk/2.0.0/src/rp2_common/pico_printf/printf.c.obj
 .text._ntoa_long
                0x100027c6       0xbc CMakeFiles/hello_serial.dir/Users/brianlesko/.pico-sdk/sdk/2.0.0/src/rp2_common/pico_printf/printf.c.obj
 .text._ntoa_long_long
                0x10002882      0x10e CMakeFiles/hello_serial.dir/Users/brianlesko/.pico-sdk/sdk/2.0.0/src/rp2_common/pico_printf/printf.c.obj
 .text._etoa    0x10002990      0x420 CMakeFiles/hello_serial.dir/Users/brianlesko/.pico-sdk/sdk/2.0.0/src/rp2_common/pico_printf/printf.c.obj
 .text._ftoa    0x10002db0      0x354 CMakeFiles/hello_serial.dir/Users/brianlesko/.pico-sdk/sdk/2.0.0/src/rp2_common/pico_printf/printf.c.obj
 .text._vsnprintf
                0x10003104      0x668 CMakeFiles/hello_serial.dir/Users/brianlesko/.pico-sdk/sdk/2.0.0/src/rp2_common/pico_printf/printf.c.obj
 .text.vfctprintf
                0x1000376c       0x20 CMakeFiles/hello_serial.dir/Users/brianlesko/.pico-sdk/sdk/2.0.0/src/rp2_common/pico_printf/printf.c.obj
                0x1000376c                vfctprintf
 .text._exit    0x1000378c        0x4 CMakeFiles/hello_serial.dir/Users/brianlesko/.pico-sdk/sdk/2.0.0/src/rp2_common/pico_clib_interface/newlib_interface.c.obj
                0x1000378c                _exit
 .text.exit     0x10003790        0x6 CMakeFiles/hello_serial.dir/Users/brianlesko/.pico-sdk/sdk/2.0.0/src/rp2_common/pico_clib_interface/newlib_interface.c.obj
                0x10003790                exit
 *fill*         0x10003796        0x2 
 .text.__assert_func
                0x10003798       0x38 CMakeFiles/hello_serial.dir/Users/brianlesko/.pico-sdk/sdk/2.0.0/src/rp2_common/pico_clib_interface/newlib_interface.c.obj
                0x10003798                __assert_func
 .text.runtime_init
                0x100037d0       0x28 CMakeFiles/hello_serial.dir/Users/brianlesko/.pico-sdk/sdk/2.0.0/src/rp2_common/pico_clib_interface/newlib_interface.c.obj
                0x100037d0                runtime_init
 .text.stdio_out_chars_no_crlf
                0x100037f8        0xe CMakeFiles/hello_serial.dir/Users/brianlesko/.pico-sdk/sdk/2.0.0/src/rp2_common/pico_stdio/stdio.c.obj
 *fill*         0x10003806        0x2 
 .text.stdio_out_chars_crlf
                0x10003808       0x80 CMakeFiles/hello_serial.dir/Users/brianlesko/.pico-sdk/sdk/2.0.0/src/rp2_common/pico_stdio/stdio.c.obj
 .text.stdio_stack_buffer_flush
                0x10003888       0x44 CMakeFiles/hello_serial.dir/Users/brianlesko/.pico-sdk/sdk/2.0.0/src/rp2_common/pico_stdio/stdio.c.obj
 .text.stdio_buffered_printer
                0x100038cc       0x20 CMakeFiles/hello_serial.dir/Users/brianlesko/.pico-sdk/sdk/2.0.0/src/rp2_common/pico_stdio/stdio.c.obj
 .text.stdout_serialize_begin
                0x100038ec       0x30 CMakeFiles/hello_serial.dir/Users/brianlesko/.pico-sdk/sdk/2.0.0/src/rp2_common/pico_stdio/stdio.c.obj
                0x100038ec                stdout_serialize_begin
 .text.stdout_serialize_end
                0x1000391c       0x10 CMakeFiles/hello_serial.dir/Users/brianlesko/.pico-sdk/sdk/2.0.0/src/rp2_common/pico_stdio/stdio.c.obj
                0x1000391c                stdout_serialize_end
 .text.stdio_put_string
                0x1000392c       0x94 CMakeFiles/hello_serial.dir/Users/brianlesko/.pico-sdk/sdk/2.0.0/src/rp2_common/pico_stdio/stdio.c.obj
                0x1000392c                stdio_put_string
 .text.stdio_set_driver_enabled
                0x100039c0       0x2c CMakeFiles/hello_serial.dir/Users/brianlesko/.pico-sdk/sdk/2.0.0/src/rp2_common/pico_stdio/stdio.c.obj
                0x100039c0                stdio_set_driver_enabled
 .text.stdio_flush
                0x100039ec       0x20 CMakeFiles/hello_serial.dir/Users/brianlesko/.pico-sdk/sdk/2.0.0/src/rp2_common/pico_stdio/stdio.c.obj
                0x100039ec                stdio_flush
 .text.stdio_init_all
                0x10003a0c        0x8 CMakeFiles/hello_serial.dir/Users/brianlesko/.pico-sdk/sdk/2.0.0/src/rp2_common/pico_stdio/stdio.c.obj
                0x10003a0c                stdio_init_all
 .text.__wrap_puts
                0x10003a14       0x1e CMakeFiles/hello_serial.dir/Users/brianlesko/.pico-sdk/sdk/2.0.0/src/rp2_common/pico_stdio/stdio.c.obj
                0x10003a14                __wrap_puts
                0x10003a14                stdio_puts
 *fill*         0x10003a32        0x2 
 .text.__wrap_vprintf
                0x10003a34       0x40 CMakeFiles/hello_serial.dir/Users/brianlesko/.pico-sdk/sdk/2.0.0/src/rp2_common/pico_stdio/stdio.c.obj
                0x10003a34                __wrap_vprintf
                0x10003a34                stdio_vprintf
 .text.__wrap_printf
                0x10003a74       0x18 CMakeFiles/hello_serial.dir/Users/brianlesko/.pico-sdk/sdk/2.0.0/src/rp2_common/pico_stdio/stdio.c.obj
                0x10003a74                stdio_printf
                0x10003a74                __wrap_printf
 .text.resetd_init
                0x10003a8c        0x2 CMakeFiles/hello_serial.dir/Users/brianlesko/.pico-sdk/sdk/2.0.0/src/rp2_common/pico_stdio_usb/reset_interface.c.obj
 *fill*         0x10003a8e        0x2 
 .text.resetd_reset
                0x10003a90        0xc CMakeFiles/hello_serial.dir/Users/brianlesko/.pico-sdk/sdk/2.0.0/src/rp2_common/pico_stdio_usb/reset_interface.c.obj
 .text.resetd_open
                0x10003a9c       0x34 CMakeFiles/hello_serial.dir/Users/brianlesko/.pico-sdk/sdk/2.0.0/src/rp2_common/pico_stdio_usb/reset_interface.c.obj
 .text.resetd_xfer_cb
                0x10003ad0        0x4 CMakeFiles/hello_serial.dir/Users/brianlesko/.pico-sdk/sdk/2.0.0/src/rp2_common/pico_stdio_usb/reset_interface.c.obj
 .text.resetd_control_xfer_cb
                0x10003ad4       0x5c CMakeFiles/hello_serial.dir/Users/brianlesko/.pico-sdk/sdk/2.0.0/src/rp2_common/pico_stdio_usb/reset_interface.c.obj
 .text.tud_descriptor_bos_cb
                0x10003b30        0x8 CMakeFiles/hello_serial.dir/Users/brianlesko/.pico-sdk/sdk/2.0.0/src/rp2_common/pico_stdio_usb/reset_interface.c.obj
                0x10003b30                tud_descriptor_bos_cb
 .text.tud_vendor_control_xfer_cb
                0x10003b38       0x38 CMakeFiles/hello_serial.dir/Users/brianlesko/.pico-sdk/sdk/2.0.0/src/rp2_common/pico_stdio_usb/reset_interface.c.obj
                0x10003b38                tud_vendor_control_xfer_cb
 .text.usbd_app_driver_get_cb
                0x10003b70        0xc CMakeFiles/hello_serial.dir/Users/brianlesko/.pico-sdk/sdk/2.0.0/src/rp2_common/pico_stdio_usb/reset_interface.c.obj
                0x10003b70                usbd_app_driver_get_cb
 .text.tud_cdc_line_coding_cb
                0x10003b7c       0x28 CMakeFiles/hello_serial.dir/Users/brianlesko/.pico-sdk/sdk/2.0.0/src/rp2_common/pico_stdio_usb/reset_interface.c.obj
                0x10003b7c                tud_cdc_line_coding_cb
 .text.stdio_usb_set_chars_available_callback
                0x10003ba4       0x14 CMakeFiles/hello_serial.dir/Users/brianlesko/.pico-sdk/sdk/2.0.0/src/rp2_common/pico_stdio_usb/stdio_usb.c.obj
                0x10003ba4                stdio_usb_set_chars_available_callback
 .text.stdio_usb_out_flush
                0x10003bb8       0x4c CMakeFiles/hello_serial.dir/Users/brianlesko/.pico-sdk/sdk/2.0.0/src/rp2_common/pico_stdio_usb/stdio_usb.c.obj
 .text.usb_irq  0x10003c04       0x10 CMakeFiles/hello_serial.dir/Users/brianlesko/.pico-sdk/sdk/2.0.0/src/rp2_common/pico_stdio_usb/stdio_usb.c.obj
 .text.critical_section_enter_blocking
                0x10003c14       0x16 CMakeFiles/hello_serial.dir/Users/brianlesko/.pico-sdk/sdk/2.0.0/src/rp2_common/pico_stdio_usb/stdio_usb.c.obj
 *fill*         0x10003c2a        0x2 
 .text.timer_task
                0x10003c2c       0x60 CMakeFiles/hello_serial.dir/Users/brianlesko/.pico-sdk/sdk/2.0.0/src/rp2_common/pico_stdio_usb/stdio_usb.c.obj
 .text.alarm_pool_add_alarm_in_us
                0x10003c8c       0x40 CMakeFiles/hello_serial.dir/Users/brianlesko/.pico-sdk/sdk/2.0.0/src/rp2_common/pico_stdio_usb/stdio_usb.c.obj
 .text.add_alarm_in_us
                0x10003ccc       0x2e CMakeFiles/hello_serial.dir/Users/brianlesko/.pico-sdk/sdk/2.0.0/src/rp2_common/pico_stdio_usb/stdio_usb.c.obj
 *fill*         0x10003cfa        0x2 
 .text.low_priority_worker_irq
                0x10003cfc       0xa0 CMakeFiles/hello_serial.dir/Users/brianlesko/.pico-sdk/sdk/2.0.0/src/rp2_common/pico_stdio_usb/stdio_usb.c.obj
 .text.stdio_usb_init
                0x10003d9c       0xdc CMakeFiles/hello_serial.dir/Users/brianlesko/.pico-sdk/sdk/2.0.0/src/rp2_common/pico_stdio_usb/stdio_usb.c.obj
                0x10003d9c                stdio_usb_init
 .text.stdio_usb_connected
                0x10003e78        0xa CMakeFiles/hello_serial.dir/Users/brianlesko/.pico-sdk/sdk/2.0.0/src/rp2_common/pico_stdio_usb/stdio_usb.c.obj
                0x10003e78                stdio_usb_connected
 *fill*         0x10003e82        0x2 
 .text.stdio_usb_in_chars
                0x10003e84       0x98 CMakeFiles/hello_serial.dir/Users/brianlesko/.pico-sdk/sdk/2.0.0/src/rp2_common/pico_stdio_usb/stdio_usb.c.obj
                0x10003e84                stdio_usb_in_chars
 .text.stdio_usb_out_chars
                0x10003f1c       0xe8 CMakeFiles/hello_serial.dir/Users/brianlesko/.pico-sdk/sdk/2.0.0/src/rp2_common/pico_stdio_usb/stdio_usb.c.obj
 .text.tud_descriptor_device_cb
                0x10004004        0x8 CMakeFiles/hello_serial.dir/Users/brianlesko/.pico-sdk/sdk/2.0.0/src/rp2_common/pico_stdio_usb/stdio_usb_descriptors.c.obj
                0x10004004                tud_descriptor_device_cb
 .text.tud_descriptor_configuration_cb
                0x1000400c        0x8 CMakeFiles/hello_serial.dir/Users/brianlesko/.pico-sdk/sdk/2.0.0/src/rp2_common/pico_stdio_usb/stdio_usb_descriptors.c.obj
                0x1000400c                tud_descriptor_configuration_cb
 .text.tud_descriptor_string_cb
                0x10004014       0x6c CMakeFiles/hello_serial.dir/Users/brianlesko/.pico-sdk/sdk/2.0.0/src/rp2_common/pico_stdio_usb/stdio_usb_descriptors.c.obj
                0x10004014                tud_descriptor_string_cb
 .text._retrieve_unique_id_on_boot
                0x10004080       0x10 CMakeFiles/hello_serial.dir/Users/brianlesko/.pico-sdk/sdk/2.0.0/src/rp2_common/pico_unique_id/unique_id.c.obj
 .text.pico_get_unique_board_id_string
                0x10004090       0x5c CMakeFiles/hello_serial.dir/Users/brianlesko/.pico-sdk/sdk/2.0.0/src/rp2_common/pico_unique_id/unique_id.c.obj
                0x10004090                pico_get_unique_board_id_string
 .text.flash_get_unique_id
                0x100040ec       0x40 CMakeFiles/hello_serial.dir/Users/brianlesko/.pico-sdk/sdk/2.0.0/src/rp2_common/hardware_flash/flash.c.obj
                0x100040ec                flash_get_unique_id
 .text._hw_endpoint_alloc
                0x1000412c       0x70 CMakeFiles/hello_serial.dir/Users/brianlesko/.pico-sdk/sdk/2.0.0/lib/tinyusb/src/portable/raspberrypi/rp2040/dcd_rp2040.c.obj
 .text.hw_endpoint_init
                0x1000419c       0xbc CMakeFiles/hello_serial.dir/Users/brianlesko/.pico-sdk/sdk/2.0.0/lib/tinyusb/src/portable/raspberrypi/rp2040/dcd_rp2040.c.obj
 .text.hw_endpoint_xfer
                0x10004258       0x20 CMakeFiles/hello_serial.dir/Users/brianlesko/.pico-sdk/sdk/2.0.0/lib/tinyusb/src/portable/raspberrypi/rp2040/dcd_rp2040.c.obj
 .text.dcd_int_enable
                0x10004278       0x2c CMakeFiles/hello_serial.dir/Users/brianlesko/.pico-sdk/sdk/2.0.0/lib/tinyusb/src/portable/raspberrypi/rp2040/dcd_rp2040.c.obj
                0x10004278                dcd_int_enable
 .text.dcd_set_address
                0x100042a4       0x2c CMakeFiles/hello_serial.dir/Users/brianlesko/.pico-sdk/sdk/2.0.0/lib/tinyusb/src/portable/raspberrypi/rp2040/dcd_rp2040.c.obj
                0x100042a4                dcd_set_address
 .text.dcd_connect
                0x100042d0       0x10 CMakeFiles/hello_serial.dir/Users/brianlesko/.pico-sdk/sdk/2.0.0/lib/tinyusb/src/portable/raspberrypi/rp2040/dcd_rp2040.c.obj
                0x100042d0                dcd_connect
 .text.dcd_init
                0x100042e0       0x80 CMakeFiles/hello_serial.dir/Users/brianlesko/.pico-sdk/sdk/2.0.0/lib/tinyusb/src/portable/raspberrypi/rp2040/dcd_rp2040.c.obj
                0x100042e0                dcd_init
 .text.dcd_sof_enable
                0x10004360       0x1c CMakeFiles/hello_serial.dir/Users/brianlesko/.pico-sdk/sdk/2.0.0/lib/tinyusb/src/portable/raspberrypi/rp2040/dcd_rp2040.c.obj
                0x10004360                dcd_sof_enable
 .text.dcd_edpt0_status_complete
                0x1000437c       0x1c CMakeFiles/hello_serial.dir/Users/brianlesko/.pico-sdk/sdk/2.0.0/lib/tinyusb/src/portable/raspberrypi/rp2040/dcd_rp2040.c.obj
                0x1000437c                dcd_edpt0_status_complete
 .text.dcd_edpt_open
                0x10004398       0x40 CMakeFiles/hello_serial.dir/Users/brianlesko/.pico-sdk/sdk/2.0.0/lib/tinyusb/src/portable/raspberrypi/rp2040/dcd_rp2040.c.obj
                0x10004398                dcd_edpt_open
 .text.dcd_edpt_close_all
                0x100043d8        0x8 CMakeFiles/hello_serial.dir/Users/brianlesko/.pico-sdk/sdk/2.0.0/lib/tinyusb/src/portable/raspberrypi/rp2040/dcd_rp2040.c.obj
                0x100043d8                dcd_edpt_close_all
 .text.dcd_edpt_xfer
                0x100043e0       0x30 CMakeFiles/hello_serial.dir/Users/brianlesko/.pico-sdk/sdk/2.0.0/lib/tinyusb/src/portable/raspberrypi/rp2040/dcd_rp2040.c.obj
                0x100043e0                dcd_edpt_xfer
 .text.dcd_edpt_stall
                0x10004410       0x3c CMakeFiles/hello_serial.dir/Users/brianlesko/.pico-sdk/sdk/2.0.0/lib/tinyusb/src/portable/raspberrypi/rp2040/dcd_rp2040.c.obj
                0x10004410                dcd_edpt_stall
 .text.dcd_edpt_clear_stall
                0x1000444c       0x30 CMakeFiles/hello_serial.dir/Users/brianlesko/.pico-sdk/sdk/2.0.0/lib/tinyusb/src/portable/raspberrypi/rp2040/dcd_rp2040.c.obj
                0x1000444c                dcd_edpt_clear_stall
 .text.unaligned_memcpy
                0x1000447c       0x14 CMakeFiles/hello_serial.dir/Users/brianlesko/.pico-sdk/sdk/2.0.0/lib/tinyusb/src/portable/raspberrypi/rp2040/rp2040_usb.c.obj
 .text.rp2040_usb_init
                0x10004490       0x44 CMakeFiles/hello_serial.dir/Users/brianlesko/.pico-sdk/sdk/2.0.0/lib/tinyusb/src/portable/raspberrypi/rp2040/rp2040_usb.c.obj
                0x10004490                rp2040_usb_init
 .text.hw_endpoint_xfer_start
                0x100044d4       0x60 CMakeFiles/hello_serial.dir/Users/brianlesko/.pico-sdk/sdk/2.0.0/lib/tinyusb/src/portable/raspberrypi/rp2040/rp2040_usb.c.obj
                0x100044d4                hw_endpoint_xfer_start
 .text.configuration_reset
                0x10004534       0x84 CMakeFiles/hello_serial.dir/Users/brianlesko/.pico-sdk/sdk/2.0.0/lib/tinyusb/src/device/usbd.c.obj
 .text.critical_section_enter_blocking
                0x100045b8       0x16 CMakeFiles/hello_serial.dir/Users/brianlesko/.pico-sdk/sdk/2.0.0/lib/tinyusb/src/device/usbd.c.obj
 .text.usbd_reset
                0x100045ce        0xc CMakeFiles/hello_serial.dir/Users/brianlesko/.pico-sdk/sdk/2.0.0/lib/tinyusb/src/device/usbd.c.obj
 .text.invoke_class_control
                0x100045da       0x1a CMakeFiles/hello_serial.dir/Users/brianlesko/.pico-sdk/sdk/2.0.0/lib/tinyusb/src/device/usbd.c.obj
 .text.process_set_config
                0x100045f4      0x1b0 CMakeFiles/hello_serial.dir/Users/brianlesko/.pico-sdk/sdk/2.0.0/lib/tinyusb/src/device/usbd.c.obj
 .text.tud_event_hook_cb
                0x100047a4        0x2 CMakeFiles/hello_serial.dir/Users/brianlesko/.pico-sdk/sdk/2.0.0/lib/tinyusb/src/device/usbd.c.obj
                0x100047a4                tud_event_hook_cb
 .text.tud_sof_cb
                0x100047a6        0x2 CMakeFiles/hello_serial.dir/Users/brianlesko/.pico-sdk/sdk/2.0.0/lib/tinyusb/src/device/usbd.c.obj
                0x100047a6                tud_sof_cb
 .text.tud_descriptor_device_qualifier_cb
                0x100047a8        0x4 CMakeFiles/hello_serial.dir/Users/brianlesko/.pico-sdk/sdk/2.0.0/lib/tinyusb/src/device/usbd.c.obj
                0x100047a8                tud_descriptor_device_qualifier_cb
 .text.tud_descriptor_other_speed_configuration_cb
                0x100047ac        0x4 CMakeFiles/hello_serial.dir/Users/brianlesko/.pico-sdk/sdk/2.0.0/lib/tinyusb/src/device/usbd.c.obj
                0x100047ac                tud_descriptor_other_speed_configuration_cb
 .text.process_get_descriptor
                0x100047b0       0xe0 CMakeFiles/hello_serial.dir/Users/brianlesko/.pico-sdk/sdk/2.0.0/lib/tinyusb/src/device/usbd.c.obj
 .text.tud_mount_cb
                0x10004890        0x2 CMakeFiles/hello_serial.dir/Users/brianlesko/.pico-sdk/sdk/2.0.0/lib/tinyusb/src/device/usbd.c.obj
                0x10004890                tud_mount_cb
 .text.tud_umount_cb
                0x10004892        0x2 CMakeFiles/hello_serial.dir/Users/brianlesko/.pico-sdk/sdk/2.0.0/lib/tinyusb/src/device/usbd.c.obj
                0x10004892                tud_umount_cb
 .text.tud_suspend_cb
                0x10004894        0x2 CMakeFiles/hello_serial.dir/Users/brianlesko/.pico-sdk/sdk/2.0.0/lib/tinyusb/src/device/usbd.c.obj
                0x10004894                tud_suspend_cb
 .text.tud_resume_cb
                0x10004896        0x2 CMakeFiles/hello_serial.dir/Users/brianlesko/.pico-sdk/sdk/2.0.0/lib/tinyusb/src/device/usbd.c.obj
                0x10004896                tud_resume_cb
 .text.tud_mounted
                0x10004898       0x10 CMakeFiles/hello_serial.dir/Users/brianlesko/.pico-sdk/sdk/2.0.0/lib/tinyusb/src/device/usbd.c.obj
                0x10004898                tud_mounted
 .text.tud_suspended
                0x100048a8       0x10 CMakeFiles/hello_serial.dir/Users/brianlesko/.pico-sdk/sdk/2.0.0/lib/tinyusb/src/device/usbd.c.obj
                0x100048a8                tud_suspended
 .text.tud_inited
                0x100048b8       0x14 CMakeFiles/hello_serial.dir/Users/brianlesko/.pico-sdk/sdk/2.0.0/lib/tinyusb/src/device/usbd.c.obj
                0x100048b8                tud_inited
 .text.tud_init
                0x100048cc       0xdc CMakeFiles/hello_serial.dir/Users/brianlesko/.pico-sdk/sdk/2.0.0/lib/tinyusb/src/device/usbd.c.obj
                0x100048cc                tud_init
 .text.usbd_edpt_open
                0x100049a8       0x60 CMakeFiles/hello_serial.dir/Users/brianlesko/.pico-sdk/sdk/2.0.0/lib/tinyusb/src/device/usbd.c.obj
                0x100049a8                usbd_edpt_open
 .text.usbd_open_edpt_pair
                0x10004a08       0x8c CMakeFiles/hello_serial.dir/Users/brianlesko/.pico-sdk/sdk/2.0.0/lib/tinyusb/src/device/usbd.c.obj
                0x10004a08                usbd_open_edpt_pair
 .text.usbd_edpt_claim
                0x10004a94       0x28 CMakeFiles/hello_serial.dir/Users/brianlesko/.pico-sdk/sdk/2.0.0/lib/tinyusb/src/device/usbd.c.obj
                0x10004a94                usbd_edpt_claim
 .text.usbd_edpt_release
                0x10004abc       0x28 CMakeFiles/hello_serial.dir/Users/brianlesko/.pico-sdk/sdk/2.0.0/lib/tinyusb/src/device/usbd.c.obj
                0x10004abc                usbd_edpt_release
 .text.usbd_edpt_xfer
                0x10004ae4       0x88 CMakeFiles/hello_serial.dir/Users/brianlesko/.pico-sdk/sdk/2.0.0/lib/tinyusb/src/device/usbd.c.obj
                0x10004ae4                usbd_edpt_xfer
 .text.usbd_edpt_stall
                0x10004b6c       0x34 CMakeFiles/hello_serial.dir/Users/brianlesko/.pico-sdk/sdk/2.0.0/lib/tinyusb/src/device/usbd.c.obj
                0x10004b6c                usbd_edpt_stall
 .text.usbd_edpt_clear_stall
                0x10004ba0       0x34 CMakeFiles/hello_serial.dir/Users/brianlesko/.pico-sdk/sdk/2.0.0/lib/tinyusb/src/device/usbd.c.obj
                0x10004ba0                usbd_edpt_clear_stall
 .text.usbd_edpt_stalled
                0x10004bd4       0x1c CMakeFiles/hello_serial.dir/Users/brianlesko/.pico-sdk/sdk/2.0.0/lib/tinyusb/src/device/usbd.c.obj
                0x10004bd4                usbd_edpt_stalled
 .text.process_control_request
                0x10004bf0      0x390 CMakeFiles/hello_serial.dir/Users/brianlesko/.pico-sdk/sdk/2.0.0/lib/tinyusb/src/device/usbd.c.obj
 .text.tud_task_ext
                0x10004f80      0x1c8 CMakeFiles/hello_serial.dir/Users/brianlesko/.pico-sdk/sdk/2.0.0/lib/tinyusb/src/device/usbd.c.obj
                0x10004f80                tud_task_ext
 .text._status_stage_xact
                0x10005148       0x1a CMakeFiles/hello_serial.dir/Users/brianlesko/.pico-sdk/sdk/2.0.0/lib/tinyusb/src/device/usbd_control.c.obj
 *fill*         0x10005162        0x2 
 .text._data_stage_xact
                0x10005164       0x60 CMakeFiles/hello_serial.dir/Users/brianlesko/.pico-sdk/sdk/2.0.0/lib/tinyusb/src/device/usbd_control.c.obj
 .text.tud_control_status
                0x100051c4       0x28 CMakeFiles/hello_serial.dir/Users/brianlesko/.pico-sdk/sdk/2.0.0/lib/tinyusb/src/device/usbd_control.c.obj
                0x100051c4                tud_control_status
 .text.tud_control_xfer
                0x100051ec       0x98 CMakeFiles/hello_serial.dir/Users/brianlesko/.pico-sdk/sdk/2.0.0/lib/tinyusb/src/device/usbd_control.c.obj
                0x100051ec                tud_control_xfer
 .text.usbd_control_reset
                0x10005284       0x14 CMakeFiles/hello_serial.dir/Users/brianlesko/.pico-sdk/sdk/2.0.0/lib/tinyusb/src/device/usbd_control.c.obj
                0x10005284                usbd_control_reset
 .text.usbd_control_set_complete_callback
                0x10005298        0xc CMakeFiles/hello_serial.dir/Users/brianlesko/.pico-sdk/sdk/2.0.0/lib/tinyusb/src/device/usbd_control.c.obj
                0x10005298                usbd_control_set_complete_callback
 .text.usbd_control_set_request
                0x100052a4       0x1c CMakeFiles/hello_serial.dir/Users/brianlesko/.pico-sdk/sdk/2.0.0/lib/tinyusb/src/device/usbd_control.c.obj
                0x100052a4                usbd_control_set_request
 .text.usbd_control_xfer_cb
                0x100052c0       0xe0 CMakeFiles/hello_serial.dir/Users/brianlesko/.pico-sdk/sdk/2.0.0/lib/tinyusb/src/device/usbd_control.c.obj
                0x100052c0                usbd_control_xfer_cb
 .text._prep_out_transaction
                0x100053a0       0x72 CMakeFiles/hello_serial.dir/Users/brianlesko/.pico-sdk/sdk/2.0.0/lib/tinyusb/src/class/cdc/cdc_device.c.obj
 *fill*         0x10005412        0x2 
 .text.tud_cdc_n_connected
                0x10005414       0x38 CMakeFiles/hello_serial.dir/Users/brianlesko/.pico-sdk/sdk/2.0.0/lib/tinyusb/src/class/cdc/cdc_device.c.obj
                0x10005414                tud_cdc_n_connected
 .text.tud_cdc_n_available
                0x1000544c       0x18 CMakeFiles/hello_serial.dir/Users/brianlesko/.pico-sdk/sdk/2.0.0/lib/tinyusb/src/class/cdc/cdc_device.c.obj
                0x1000544c                tud_cdc_n_available
 .text.tud_cdc_n_read
                0x10005464       0x38 CMakeFiles/hello_serial.dir/Users/brianlesko/.pico-sdk/sdk/2.0.0/lib/tinyusb/src/class/cdc/cdc_device.c.obj
                0x10005464                tud_cdc_n_read
 .text.tud_cdc_n_write_flush
                0x1000549c       0xcc CMakeFiles/hello_serial.dir/Users/brianlesko/.pico-sdk/sdk/2.0.0/lib/tinyusb/src/class/cdc/cdc_device.c.obj
                0x1000549c                tud_cdc_n_write_flush
 .text.tud_cdc_n_write
                0x10005568       0x48 CMakeFiles/hello_serial.dir/Users/brianlesko/.pico-sdk/sdk/2.0.0/lib/tinyusb/src/class/cdc/cdc_device.c.obj
                0x10005568                tud_cdc_n_write
 .text.tud_cdc_n_write_available
                0x100055b0       0x1c CMakeFiles/hello_serial.dir/Users/brianlesko/.pico-sdk/sdk/2.0.0/lib/tinyusb/src/class/cdc/cdc_device.c.obj
                0x100055b0                tud_cdc_n_write_available
 .text.cdcd_init
                0x100055cc       0xc0 CMakeFiles/hello_serial.dir/Users/brianlesko/.pico-sdk/sdk/2.0.0/lib/tinyusb/src/class/cdc/cdc_device.c.obj
                0x100055cc                cdcd_init
 .text.cdcd_deinit
                0x1000568c       0x50 CMakeFiles/hello_serial.dir/Users/brianlesko/.pico-sdk/sdk/2.0.0/lib/tinyusb/src/class/cdc/cdc_device.c.obj
                0x1000568c                cdcd_deinit
 .text.cdcd_reset
                0x100056dc       0x78 CMakeFiles/hello_serial.dir/Users/brianlesko/.pico-sdk/sdk/2.0.0/lib/tinyusb/src/class/cdc/cdc_device.c.obj
                0x100056dc                cdcd_reset
 .text.cdcd_open
                0x10005754       0xf0 CMakeFiles/hello_serial.dir/Users/brianlesko/.pico-sdk/sdk/2.0.0/lib/tinyusb/src/class/cdc/cdc_device.c.obj
                0x10005754                cdcd_open
 .text.cdcd_control_xfer_cb
                0x10005844      0x138 CMakeFiles/hello_serial.dir/Users/brianlesko/.pico-sdk/sdk/2.0.0/lib/tinyusb/src/class/cdc/cdc_device.c.obj
                0x10005844                cdcd_control_xfer_cb
 .text.cdcd_xfer_cb
                0x1000597c      0x144 CMakeFiles/hello_serial.dir/Users/brianlesko/.pico-sdk/sdk/2.0.0/lib/tinyusb/src/class/cdc/cdc_device.c.obj
                0x1000597c                cdcd_xfer_cb
 .text._prep_out_transaction
                0x10005ac0       0x3a CMakeFiles/hello_serial.dir/Users/brianlesko/.pico-sdk/sdk/2.0.0/lib/tinyusb/src/class/vendor/vendor_device.c.obj
 *fill*         0x10005afa        0x2 
 .text.tud_vendor_n_write_flush
                0x10005afc       0xcc CMakeFiles/hello_serial.dir/Users/brianlesko/.pico-sdk/sdk/2.0.0/lib/tinyusb/src/class/vendor/vendor_device.c.obj
                0x10005afc                tud_vendor_n_write_flush
 .text.vendord_init
                0x10005bc8       0xa0 CMakeFiles/hello_serial.dir/Users/brianlesko/.pico-sdk/sdk/2.0.0/lib/tinyusb/src/class/vendor/vendor_device.c.obj
                0x10005bc8                vendord_init
 .text.vendord_deinit
                0x10005c68       0x50 CMakeFiles/hello_serial.dir/Users/brianlesko/.pico-sdk/sdk/2.0.0/lib/tinyusb/src/class/vendor/vendor_device.c.obj
                0x10005c68                vendord_deinit
 .text.vendord_reset
                0x10005cb8       0x38 CMakeFiles/hello_serial.dir/Users/brianlesko/.pico-sdk/sdk/2.0.0/lib/tinyusb/src/class/vendor/vendor_device.c.obj
                0x10005cb8                vendord_reset
 .text.vendord_open
                0x10005cf0       0xd0 CMakeFiles/hello_serial.dir/Users/brianlesko/.pico-sdk/sdk/2.0.0/lib/tinyusb/src/class/vendor/vendor_device.c.obj
                0x10005cf0                vendord_open
 .text.vendord_xfer_cb
                0x10005dc0       0xc8 CMakeFiles/hello_serial.dir/Users/brianlesko/.pico-sdk/sdk/2.0.0/lib/tinyusb/src/class/vendor/vendor_device.c.obj
                0x10005dc0                vendord_xfer_cb
 .text.tusb_init
                0x10005e88       0x24 CMakeFiles/hello_serial.dir/Users/brianlesko/.pico-sdk/sdk/2.0.0/lib/tinyusb/src/tusb.c.obj
                0x10005e88                tusb_init
 .text.tu_edpt_claim
                0x10005eac       0x50 CMakeFiles/hello_serial.dir/Users/brianlesko/.pico-sdk/sdk/2.0.0/lib/tinyusb/src/tusb.c.obj
                0x10005eac                tu_edpt_claim
 .text.tu_edpt_release
                0x10005efc       0x38 CMakeFiles/hello_serial.dir/Users/brianlesko/.pico-sdk/sdk/2.0.0/lib/tinyusb/src/tusb.c.obj
                0x10005efc                tu_edpt_release
 .text.tu_edpt_validate
                0x10005f34       0xac CMakeFiles/hello_serial.dir/Users/brianlesko/.pico-sdk/sdk/2.0.0/lib/tinyusb/src/tusb.c.obj
                0x10005f34                tu_edpt_validate
 .text.tu_edpt_bind_driver
                0x10005fe0       0x26 CMakeFiles/hello_serial.dir/Users/brianlesko/.pico-sdk/sdk/2.0.0/lib/tinyusb/src/tusb.c.obj
                0x10005fe0                tu_edpt_bind_driver
 .text.advance_index
                0x10006006       0x1a CMakeFiles/hello_serial.dir/Users/brianlesko/.pico-sdk/sdk/2.0.0/lib/tinyusb/src/common/tusb_fifo.c.obj
 .text._tu_fifo_peek
                0x10006020       0x56 CMakeFiles/hello_serial.dir/Users/brianlesko/.pico-sdk/sdk/2.0.0/lib/tinyusb/src/common/tusb_fifo.c.obj
 .text._ff_pull_n
                0x10006076       0x68 CMakeFiles/hello_serial.dir/Users/brianlesko/.pico-sdk/sdk/2.0.0/lib/tinyusb/src/common/tusb_fifo.c.obj
 .text._tu_fifo_peek_n
                0x100060de       0x6a CMakeFiles/hello_serial.dir/Users/brianlesko/.pico-sdk/sdk/2.0.0/lib/tinyusb/src/common/tusb_fifo.c.obj
 .text._tu_fifo_read_n
                0x10006148       0x4e CMakeFiles/hello_serial.dir/Users/brianlesko/.pico-sdk/sdk/2.0.0/lib/tinyusb/src/common/tusb_fifo.c.obj
 .text._ff_push_n
                0x10006196       0x68 CMakeFiles/hello_serial.dir/Users/brianlesko/.pico-sdk/sdk/2.0.0/lib/tinyusb/src/common/tusb_fifo.c.obj
 .text._tu_fifo_write_n
                0x100061fe       0xf0 CMakeFiles/hello_serial.dir/Users/brianlesko/.pico-sdk/sdk/2.0.0/lib/tinyusb/src/common/tusb_fifo.c.obj
 .text.tu_fifo_config
                0x100062ee       0x7c CMakeFiles/hello_serial.dir/Users/brianlesko/.pico-sdk/sdk/2.0.0/lib/tinyusb/src/common/tusb_fifo.c.obj
                0x100062ee                tu_fifo_config
 .text.tu_fifo_count
                0x1000636a       0x2a CMakeFiles/hello_serial.dir/Users/brianlesko/.pico-sdk/sdk/2.0.0/lib/tinyusb/src/common/tusb_fifo.c.obj
                0x1000636a                tu_fifo_count
 .text.tu_fifo_empty
                0x10006394        0xe CMakeFiles/hello_serial.dir/Users/brianlesko/.pico-sdk/sdk/2.0.0/lib/tinyusb/src/common/tusb_fifo.c.obj
                0x10006394                tu_fifo_empty
 .text.tu_fifo_full
                0x100063a2       0x28 CMakeFiles/hello_serial.dir/Users/brianlesko/.pico-sdk/sdk/2.0.0/lib/tinyusb/src/common/tusb_fifo.c.obj
                0x100063a2                tu_fifo_full
 .text.tu_fifo_remaining
                0x100063ca       0x2c CMakeFiles/hello_serial.dir/Users/brianlesko/.pico-sdk/sdk/2.0.0/lib/tinyusb/src/common/tusb_fifo.c.obj
                0x100063ca                tu_fifo_remaining
 .text.tu_fifo_read
                0x100063f6       0x42 CMakeFiles/hello_serial.dir/Users/brianlesko/.pico-sdk/sdk/2.0.0/lib/tinyusb/src/common/tusb_fifo.c.obj
                0x100063f6                tu_fifo_read
 .text.tu_fifo_read_n
                0x10006438        0xa CMakeFiles/hello_serial.dir/Users/brianlesko/.pico-sdk/sdk/2.0.0/lib/tinyusb/src/common/tusb_fifo.c.obj
                0x10006438                tu_fifo_read_n
 .text.tu_fifo_write
                0x10006442       0x64 CMakeFiles/hello_serial.dir/Users/brianlesko/.pico-sdk/sdk/2.0.0/lib/tinyusb/src/common/tusb_fifo.c.obj
                0x10006442                tu_fifo_write
 .text.tu_fifo_write_n
                0x100064a6        0xa CMakeFiles/hello_serial.dir/Users/brianlesko/.pico-sdk/sdk/2.0.0/lib/tinyusb/src/common/tusb_fifo.c.obj
                0x100064a6                tu_fifo_write_n
 .text.tu_fifo_clear
                0x100064b0       0x3e CMakeFiles/hello_serial.dir/Users/brianlesko/.pico-sdk/sdk/2.0.0/lib/tinyusb/src/common/tusb_fifo.c.obj
                0x100064b0                tu_fifo_clear
 .text.tu_fifo_set_overwritable
                0x100064ee       0x46 CMakeFiles/hello_serial.dir/Users/brianlesko/.pico-sdk/sdk/2.0.0/lib/tinyusb/src/common/tusb_fifo.c.obj
                0x100064ee                tu_fifo_set_overwritable
 .text.strlen   0x10006534       0x5c /Users/brianlesko/.pico-sdk/toolchain/13_2_Rel1/bin/../lib/gcc/arm-none-eabi/13.2.1/../../../../arm-none-eabi/lib/thumb/v6-m/nofp/libg.a(libc_a-strlen-stub.o)
                0x10006534                strlen
 *(.fini)
 .fini          0x10006590        0x4 /Users/brianlesko/.pico-sdk/toolchain/13_2_Rel1/bin/../lib/gcc/arm-none-eabi/13.2.1/thumb/v6-m/nofp/crti.o
                0x10006590                _fini
 *fill*         0x10006594        0x4 
 .fini.__stub   0x10006598       0xd0 linker stubs
 *crtbegin.o(.ctors)
 *crtbegin?.o(.ctors)
 *(EXCLUDE_FILE(*crtend.o *crtend?.o) .ctors)
 *(SORT_BY_NAME(.ctors.*))
 *(.ctors)
 *crtbegin.o(.dtors)
 *crtbegin?.o(.dtors)
 *(EXCLUDE_FILE(*crtend.o *crtend?.o) .dtors)
 *(SORT_BY_NAME(.dtors.*))
 *(.dtors)
                0x10006668                        . = ALIGN (0x4)
                0x10006668                        PROVIDE (__preinit_array_start = .)
 *(SORT_BY_NAME(.preinit_array.*))
 .preinit_array.00100
                0x10006668        0x4 CMakeFiles/hello_serial.dir/Users/brianlesko/.pico-sdk/sdk/2.0.0/src/rp2_common/pico_runtime_init/runtime_init.c.obj
                0x10006668                __pre_init_runtime_init_early_resets
 .preinit_array.00101
                0x1000666c        0x4 CMakeFiles/hello_serial.dir/Users/brianlesko/.pico-sdk/sdk/2.0.0/src/rp2_common/pico_runtime_init/runtime_init.c.obj
                0x1000666c                __pre_init_runtime_init_usb_power_down
 .preinit_array.00275
                0x10006670        0x4 CMakeFiles/hello_serial.dir/Users/brianlesko/.pico-sdk/sdk/2.0.0/src/rp2_common/pico_bit_ops/bit_ops_aeabi.S.obj
 .preinit_array.00300
                0x10006674        0x4 CMakeFiles/hello_serial.dir/Users/brianlesko/.pico-sdk/sdk/2.0.0/src/rp2_common/pico_mem_ops/mem_ops_aeabi.S.obj
 .preinit_array.00350
                0x10006678        0x4 CMakeFiles/hello_serial.dir/Users/brianlesko/.pico-sdk/sdk/2.0.0/src/rp2_common/pico_double/double_aeabi_rp2040.S.obj
 .preinit_array.00350
                0x1000667c        0x4 CMakeFiles/hello_serial.dir/Users/brianlesko/.pico-sdk/sdk/2.0.0/src/rp2_common/pico_float/float_aeabi_rp2040.S.obj
 .preinit_array.00500
                0x10006680        0x4 CMakeFiles/hello_serial.dir/Users/brianlesko/.pico-sdk/sdk/2.0.0/src/rp2_common/pico_runtime_init/runtime_init.c.obj
                0x10006680                __pre_init_runtime_init_clocks
 .preinit_array.00600
                0x10006684        0x4 CMakeFiles/hello_serial.dir/Users/brianlesko/.pico-sdk/sdk/2.0.0/src/rp2_common/pico_runtime_init/runtime_init.c.obj
                0x10006684                __pre_init_runtime_init_post_clock_resets
 .preinit_array.00700
                0x10006688        0x4 CMakeFiles/hello_serial.dir/Users/brianlesko/.pico-sdk/sdk/2.0.0/src/rp2_common/pico_runtime_init/runtime_init.c.obj
                0x10006688                __pre_init_runtime_init_rp2040_gpio_ie_disable
 .preinit_array.01000
                0x1000668c        0x4 CMakeFiles/hello_serial.dir/Users/brianlesko/.pico-sdk/sdk/2.0.0/src/rp2_common/pico_runtime_init/runtime_init.c.obj
                0x1000668c                __pre_init_runtime_init_spin_locks_reset
 .preinit_array.01100
                0x10006690        0x4 CMakeFiles/hello_serial.dir/Users/brianlesko/.pico-sdk/sdk/2.0.0/src/common/pico_sync/mutex.c.obj
                0x10006690                __pre_init_runtime_init_mutex
 .preinit_array.10080
                0x10006694        0x4 CMakeFiles/hello_serial.dir/Users/brianlesko/.pico-sdk/sdk/2.0.0/src/rp2_common/pico_runtime_init/runtime_init.c.obj
                0x10006694                __pre_init_runtime_init_install_ram_vector_table
 .preinit_array.11000
                0x10006698        0x4 CMakeFiles/hello_serial.dir/Users/brianlesko/.pico-sdk/sdk/2.0.0/src/common/pico_time/time.c.obj
                0x10006698                __pre_init_runtime_init_default_alarm_pool
 .preinit_array.YYYYY
                0x1000669c        0x4 CMakeFiles/hello_serial.dir/Users/brianlesko/.pico-sdk/sdk/2.0.0/src/rp2_common/pico_runtime/runtime.c.obj
                0x1000669c                __pre_init_first_per_core_initializer
 .preinit_array.ZZZZZ.01200
                0x100066a0        0x4 CMakeFiles/hello_serial.dir/Users/brianlesko/.pico-sdk/sdk/2.0.0/src/rp2_common/hardware_irq/irq.c.obj
                0x100066a0                __pre_init_runtime_init_per_core_irq_priorities
 *(.preinit_array)
                0x100066a4                        PROVIDE (__preinit_array_end = .)
                0x100066a4                        . = ALIGN (0x4)
                0x100066a4                        PROVIDE (__init_array_start = .)
 *(SORT_BY_NAME(.init_array.*))
 *(.init_array)
 .init_array    0x100066a4        0x4 /Users/brianlesko/.pico-sdk/toolchain/13_2_Rel1/bin/../lib/gcc/arm-none-eabi/13.2.1/thumb/v6-m/nofp/crtbegin.o
 .init_array    0x100066a8        0x4 CMakeFiles/hello_serial.dir/Users/brianlesko/.pico-sdk/sdk/2.0.0/src/rp2_common/pico_unique_id/unique_id.c.obj
                0x100066ac                        PROVIDE (__init_array_end = .)
                0x100066ac                        . = ALIGN (0x4)
                [!provide]                        PROVIDE (__fini_array_start = .)
 *(SORT_BY_NAME(.fini_array.*))
 *(.fini_array)
                [!provide]                        PROVIDE (__fini_array_end = .)
 *(.eh_frame*)
 .eh_frame      0x100066ac        0x0 /Users/brianlesko/.pico-sdk/toolchain/13_2_Rel1/bin/../lib/gcc/arm-none-eabi/13.2.1/thumb/v6-m/nofp/crtbegin.o
                0x100066ac                        . = ALIGN (0x4)

.glue_7         0x100066ac        0x0
 .glue_7        0x100066ac        0x0 linker stubs

.glue_7t        0x100066ac        0x0
 .glue_7t       0x100066ac        0x0 linker stubs

.vfp11_veneer   0x100066ac        0x0
 .vfp11_veneer  0x100066ac        0x0 linker stubs

.v4_bx          0x100066ac        0x0
 .v4_bx         0x100066ac        0x0 linker stubs

.iplt           0x100066ac        0x0
 .iplt          0x100066ac        0x0 /Users/brianlesko/.pico-sdk/toolchain/13_2_Rel1/bin/../lib/gcc/arm-none-eabi/13.2.1/thumb/v6-m/nofp/crtbegin.o

.rodata         0x100066b0     0x13bc
 *(EXCLUDE_FILE(*libm.a: *libc.a:*lib_a-mem*.o *libgcc.a:) .rodata*)
 .rodata.main.str1.4
                0x100066b0      0xbf3 CMakeFiles/hello_serial.dir/hello_serial.c.obj
                                  0xe (size before relaxing)
 .rodata.rp2040_chip_version.str1.4
                0x100072a3       0x81 CMakeFiles/hello_serial.dir/Users/brianlesko/.pico-sdk/sdk/2.0.0/src/rp2040/pico_platform/platform.c.obj
 *fill*         0x100072a3        0x1 
 .rodata.__func__.0
                0x100072a4       0x14 CMakeFiles/hello_serial.dir/Users/brianlesko/.pico-sdk/sdk/2.0.0/src/rp2040/pico_platform/platform.c.obj
 .rodata.panic.str1.4
                0x100072b8       0x12 CMakeFiles/hello_serial.dir/Users/brianlesko/.pico-sdk/sdk/2.0.0/src/rp2_common/pico_platform_panic/panic.c.obj
 .rodata.spin_lock_claim_unused.str1.4
                0x100072b8       0x1b CMakeFiles/hello_serial.dir/Users/brianlesko/.pico-sdk/sdk/2.0.0/src/rp2_common/hardware_sync/sync.c.obj
 .rodata.resolve_j_16.str1.4
                0x100072b8       0x60 CMakeFiles/hello_serial.dir/Users/brianlesko/.pico-sdk/sdk/2.0.0/src/rp2_common/hardware_irq/irq.c.obj
 .rodata.make_j_16.str1.4
                0x100072b8       0x30 CMakeFiles/hello_serial.dir/Users/brianlesko/.pico-sdk/sdk/2.0.0/src/rp2_common/hardware_irq/irq.c.obj
 .rodata.irq_set_exclusive_handler.str1.4
                0x100072b8       0x36 CMakeFiles/hello_serial.dir/Users/brianlesko/.pico-sdk/sdk/2.0.0/src/rp2_common/hardware_irq/irq.c.obj
 .rodata.irq_add_shared_handler.str1.4
                0x100072b8       0xd2 CMakeFiles/hello_serial.dir/Users/brianlesko/.pico-sdk/sdk/2.0.0/src/rp2_common/hardware_irq/irq.c.obj
 .rodata.irq_add_tail_to_free_list.str1.4
                0x100072b8       0x3a CMakeFiles/hello_serial.dir/Users/brianlesko/.pico-sdk/sdk/2.0.0/src/rp2_common/hardware_irq/irq.c.obj
 .rodata.user_irq_claim_unused.str1.4
                0x100072b8       0x1b CMakeFiles/hello_serial.dir/Users/brianlesko/.pico-sdk/sdk/2.0.0/src/rp2_common/hardware_irq/irq.c.obj
 .rodata.__func__.0
                0x100072b8       0x1a CMakeFiles/hello_serial.dir/Users/brianlesko/.pico-sdk/sdk/2.0.0/src/rp2_common/hardware_irq/irq.c.obj
 *fill*         0x100072d2        0x2 
 .rodata.__func__.3
                0x100072d4        0xa CMakeFiles/hello_serial.dir/Users/brianlesko/.pico-sdk/sdk/2.0.0/src/rp2_common/hardware_irq/irq.c.obj
 *fill*         0x100072de        0x2 
 .rodata.__func__.4
                0x100072e0        0xd CMakeFiles/hello_serial.dir/Users/brianlesko/.pico-sdk/sdk/2.0.0/src/rp2_common/hardware_irq/irq.c.obj
 *fill*         0x100072ed        0x3 
 .rodata.__func__.5
                0x100072f0       0x17 CMakeFiles/hello_serial.dir/Users/brianlesko/.pico-sdk/sdk/2.0.0/src/rp2_common/hardware_irq/irq.c.obj
 *fill*         0x10007307        0x1 
 .rodata.__func__.6
                0x10007308       0x1a CMakeFiles/hello_serial.dir/Users/brianlesko/.pico-sdk/sdk/2.0.0/src/rp2_common/hardware_irq/irq.c.obj
 .rodata.runtime_init_mutex.str1.4
                0x10007322       0x63 CMakeFiles/hello_serial.dir/Users/brianlesko/.pico-sdk/sdk/2.0.0/src/common/pico_sync/mutex.c.obj
 .rodata.str1.4
                0x10007322       0x51 CMakeFiles/hello_serial.dir/Users/brianlesko/.pico-sdk/sdk/2.0.0/src/common/pico_sync/mutex.c.obj
 *fill*         0x10007322        0x2 
 .rodata.__func__.1
                0x10007324        0xb CMakeFiles/hello_serial.dir/Users/brianlesko/.pico-sdk/sdk/2.0.0/src/common/pico_sync/mutex.c.obj
 *fill*         0x1000732f        0x1 
 .rodata.__func__.3
                0x10007330       0x18 CMakeFiles/hello_serial.dir/Users/brianlesko/.pico-sdk/sdk/2.0.0/src/common/pico_sync/mutex.c.obj
 .rodata.__func__.6
                0x10007348       0x13 CMakeFiles/hello_serial.dir/Users/brianlesko/.pico-sdk/sdk/2.0.0/src/common/pico_sync/mutex.c.obj
 .rodata.alarm_pool_irq_handler.str1.4
                0x1000735b       0x6e CMakeFiles/hello_serial.dir/Users/brianlesko/.pico-sdk/sdk/2.0.0/src/common/pico_time/time.c.obj
 .rodata.alarm_pool_get_default.str1.4
                0x1000735b       0x21 CMakeFiles/hello_serial.dir/Users/brianlesko/.pico-sdk/sdk/2.0.0/src/common/pico_time/time.c.obj
 .rodata.sleep_until.str1.4
                0x1000735b       0x4d CMakeFiles/hello_serial.dir/Users/brianlesko/.pico-sdk/sdk/2.0.0/src/common/pico_time/time.c.obj
 *fill*         0x1000735b        0x1 
 .rodata.__func__.1
                0x1000735c       0x17 CMakeFiles/hello_serial.dir/Users/brianlesko/.pico-sdk/sdk/2.0.0/src/common/pico_time/time.c.obj
 *fill*         0x10007373        0x1 
 .rodata.__func__.2
                0x10007374       0x17 CMakeFiles/hello_serial.dir/Users/brianlesko/.pico-sdk/sdk/2.0.0/src/common/pico_time/time.c.obj
 .rodata.timer_hardware_alarm_claim.str1.4
                0x1000738b       0x22 CMakeFiles/hello_serial.dir/Users/brianlesko/.pico-sdk/sdk/2.0.0/src/rp2_common/hardware_timer/timer.c.obj
 .rodata.pll_init.str1.4
                0x1000738b      0x11c CMakeFiles/hello_serial.dir/Users/brianlesko/.pico-sdk/sdk/2.0.0/src/rp2_common/hardware_pll/pll.c.obj
 *fill*         0x1000738b        0x1 
 .rodata.__func__.0
                0x1000738c        0x9 CMakeFiles/hello_serial.dir/Users/brianlesko/.pico-sdk/sdk/2.0.0/src/rp2_common/hardware_pll/pll.c.obj
 .rodata.__aeabi_double_init.str1.4
                0x10007395       0x9e CMakeFiles/hello_serial.dir/Users/brianlesko/.pico-sdk/sdk/2.0.0/src/rp2_common/pico_double/double_init_rom_rp2040.c.obj
 *fill*         0x10007395        0x3 
 .rodata.__func__.0
                0x10007398       0x14 CMakeFiles/hello_serial.dir/Users/brianlesko/.pico-sdk/sdk/2.0.0/src/rp2_common/pico_double/double_init_rom_rp2040.c.obj
 .rodata.__aeabi_float_init.str1.4
                0x100073ac       0x90 CMakeFiles/hello_serial.dir/Users/brianlesko/.pico-sdk/sdk/2.0.0/src/rp2_common/pico_float/float_init_rom_rp2040.c.obj
 .rodata.__func__.0
                0x100073ac       0x13 CMakeFiles/hello_serial.dir/Users/brianlesko/.pico-sdk/sdk/2.0.0/src/rp2_common/pico_float/float_init_rom_rp2040.c.obj
 .rodata.str1.4
                0x100073bf       0x34 CMakeFiles/hello_serial.dir/Users/brianlesko/.pico-sdk/sdk/2.0.0/src/rp2_common/pico_standard_binary_info/standard_binary_info.c.obj
 *fill*         0x100073bf        0x1 
 .rodata.__bi_84
                0x100073c0        0xc CMakeFiles/hello_serial.dir/Users/brianlesko/.pico-sdk/sdk/2.0.0/src/rp2_common/pico_standard_binary_info/standard_binary_info.c.obj
 .rodata.__bi_54
                0x100073cc        0xc CMakeFiles/hello_serial.dir/Users/brianlesko/.pico-sdk/sdk/2.0.0/src/rp2_common/pico_standard_binary_info/standard_binary_info.c.obj
 .rodata.__bi_48
                0x100073d8        0xc CMakeFiles/hello_serial.dir/Users/brianlesko/.pico-sdk/sdk/2.0.0/src/rp2_common/pico_standard_binary_info/standard_binary_info.c.obj
 .rodata.__bi_42
                0x100073e4        0xc CMakeFiles/hello_serial.dir/Users/brianlesko/.pico-sdk/sdk/2.0.0/src/rp2_common/pico_standard_binary_info/standard_binary_info.c.obj
 .rodata.__bi_34
                0x100073f0        0xc CMakeFiles/hello_serial.dir/Users/brianlesko/.pico-sdk/sdk/2.0.0/src/rp2_common/pico_standard_binary_info/standard_binary_info.c.obj
 .rodata.__bi_26
                0x100073fc        0xc CMakeFiles/hello_serial.dir/Users/brianlesko/.pico-sdk/sdk/2.0.0/src/rp2_common/pico_standard_binary_info/standard_binary_info.c.obj
 .rodata._ftoa.str1.4
                0x10007408       0x15 CMakeFiles/hello_serial.dir/Users/brianlesko/.pico-sdk/sdk/2.0.0/src/rp2_common/pico_printf/printf.c.obj
 .rodata._vsnprintf
                0x10007408      0x19c CMakeFiles/hello_serial.dir/Users/brianlesko/.pico-sdk/sdk/2.0.0/src/rp2_common/pico_printf/printf.c.obj
 *fill*         0x100075a4        0x4 
 .rodata.pow10.0
                0x100075a8       0x50 CMakeFiles/hello_serial.dir/Users/brianlesko/.pico-sdk/sdk/2.0.0/src/rp2_common/pico_printf/printf.c.obj
 .rodata.__assert_func.str1.4
                0x100075f8       0x43 CMakeFiles/hello_serial.dir/Users/brianlesko/.pico-sdk/sdk/2.0.0/src/rp2_common/pico_clib_interface/newlib_interface.c.obj
 .rodata.crlf_str.0
                0x100075f8        0x2 CMakeFiles/hello_serial.dir/Users/brianlesko/.pico-sdk/sdk/2.0.0/src/rp2_common/pico_stdio/stdio.c.obj
 *fill*         0x100075fa        0x2 
 .rodata._resetd_driver
                0x100075fc       0x20 CMakeFiles/hello_serial.dir/Users/brianlesko/.pico-sdk/sdk/2.0.0/src/rp2_common/pico_stdio_usb/reset_interface.c.obj
 .rodata.desc_ms_os_20
                0x1000761c       0xa6 CMakeFiles/hello_serial.dir/Users/brianlesko/.pico-sdk/sdk/2.0.0/src/rp2_common/pico_stdio_usb/reset_interface.c.obj
 *fill*         0x100076c2        0x2 
 .rodata.desc_bos
                0x100076c4       0x21 CMakeFiles/hello_serial.dir/Users/brianlesko/.pico-sdk/sdk/2.0.0/src/rp2_common/pico_stdio_usb/reset_interface.c.obj
                0x100076c4                desc_bos
 .rodata.stdio_usb_init.str1.4
                0x100076e5       0x58 CMakeFiles/hello_serial.dir/Users/brianlesko/.pico-sdk/sdk/2.0.0/src/rp2_common/pico_stdio_usb/stdio_usb.c.obj
 .rodata.str1.4
                0x100076e5       0x13 CMakeFiles/hello_serial.dir/Users/brianlesko/.pico-sdk/sdk/2.0.0/src/rp2_common/pico_stdio_usb/stdio_usb.c.obj
 *fill*         0x100076e5        0x3 
 .rodata.__bi_197.1
                0x100076e8        0xc CMakeFiles/hello_serial.dir/Users/brianlesko/.pico-sdk/sdk/2.0.0/src/rp2_common/pico_stdio_usb/stdio_usb.c.obj
 .rodata.__func__.2
                0x100076f4        0xf CMakeFiles/hello_serial.dir/Users/brianlesko/.pico-sdk/sdk/2.0.0/src/rp2_common/pico_stdio_usb/stdio_usb.c.obj
 .rodata.str1.4
                0x10007703       0x2a CMakeFiles/hello_serial.dir/Users/brianlesko/.pico-sdk/sdk/2.0.0/src/rp2_common/pico_stdio_usb/stdio_usb_descriptors.c.obj
 *fill*         0x10007703        0x1 
 .rodata.usbd_desc_str
                0x10007704       0x18 CMakeFiles/hello_serial.dir/Users/brianlesko/.pico-sdk/sdk/2.0.0/src/rp2_common/pico_stdio_usb/stdio_usb_descriptors.c.obj
 .rodata.usbd_desc_cfg
                0x1000771c       0x54 CMakeFiles/hello_serial.dir/Users/brianlesko/.pico-sdk/sdk/2.0.0/src/rp2_common/pico_stdio_usb/stdio_usb_descriptors.c.obj
 .rodata.usbd_desc_device
                0x10007770       0x12 CMakeFiles/hello_serial.dir/Users/brianlesko/.pico-sdk/sdk/2.0.0/src/rp2_common/pico_stdio_usb/stdio_usb_descriptors.c.obj
 .rodata.pico_get_unique_board_id_string.str1.4
                0x10007782       0x58 CMakeFiles/hello_serial.dir/Users/brianlesko/.pico-sdk/sdk/2.0.0/src/rp2_common/pico_unique_id/unique_id.c.obj
 *fill*         0x10007782        0x2 
 .rodata.__func__.0
                0x10007784       0x20 CMakeFiles/hello_serial.dir/Users/brianlesko/.pico-sdk/sdk/2.0.0/src/rp2_common/pico_unique_id/unique_id.c.obj
 .rodata.str1.4
                0x100077a4      0x199 CMakeFiles/hello_serial.dir/Users/brianlesko/.pico-sdk/sdk/2.0.0/src/rp2_common/hardware_flash/flash.c.obj
 .rodata.__func__.0
                0x100077a4        0xd CMakeFiles/hello_serial.dir/Users/brianlesko/.pico-sdk/sdk/2.0.0/src/rp2_common/hardware_flash/flash.c.obj
 .rodata._hw_endpoint_alloc.str1.4
                0x100077b1       0xc1 CMakeFiles/hello_serial.dir/Users/brianlesko/.pico-sdk/sdk/2.0.0/lib/tinyusb/src/portable/raspberrypi/rp2040/dcd_rp2040.c.obj
 .rodata.str1.4
                0x100077b1       0x14 CMakeFiles/hello_serial.dir/Users/brianlesko/.pico-sdk/sdk/2.0.0/lib/tinyusb/src/portable/raspberrypi/rp2040/dcd_rp2040.c.obj
 .rodata.dcd_int_enable.str1.4
                0x100077b1        0xc CMakeFiles/hello_serial.dir/Users/brianlesko/.pico-sdk/sdk/2.0.0/lib/tinyusb/src/portable/raspberrypi/rp2040/dcd_rp2040.c.obj
 *fill*         0x100077b1        0x3 
 .rodata.__func__.0
                0x100077b4        0xe CMakeFiles/hello_serial.dir/Users/brianlesko/.pico-sdk/sdk/2.0.0/lib/tinyusb/src/portable/raspberrypi/rp2040/dcd_rp2040.c.obj
 *fill*         0x100077c2        0x2 
 .rodata.__func__.1
                0x100077c4        0xe CMakeFiles/hello_serial.dir/Users/brianlesko/.pico-sdk/sdk/2.0.0/lib/tinyusb/src/portable/raspberrypi/rp2040/dcd_rp2040.c.obj
 *fill*         0x100077d2        0x2 
 .rodata.__func__.3
                0x100077d4       0x10 CMakeFiles/hello_serial.dir/Users/brianlesko/.pico-sdk/sdk/2.0.0/lib/tinyusb/src/portable/raspberrypi/rp2040/dcd_rp2040.c.obj
 .rodata.__func__.5
                0x100077e4        0xf CMakeFiles/hello_serial.dir/Users/brianlesko/.pico-sdk/sdk/2.0.0/lib/tinyusb/src/portable/raspberrypi/rp2040/dcd_rp2040.c.obj
 *fill*         0x100077f3        0x1 
 .rodata.__func__.6
                0x100077f4       0x13 CMakeFiles/hello_serial.dir/Users/brianlesko/.pico-sdk/sdk/2.0.0/lib/tinyusb/src/portable/raspberrypi/rp2040/dcd_rp2040.c.obj
 *fill*         0x10007807        0x1 
 .rodata.__func__.7
                0x10007808        0x9 CMakeFiles/hello_serial.dir/Users/brianlesko/.pico-sdk/sdk/2.0.0/lib/tinyusb/src/portable/raspberrypi/rp2040/dcd_rp2040.c.obj
 .rodata.str1.4
                0x10007811       0xe8 CMakeFiles/hello_serial.dir/Users/brianlesko/.pico-sdk/sdk/2.0.0/lib/tinyusb/src/portable/raspberrypi/rp2040/rp2040_usb.c.obj
 .rodata.hw_endpoint_xfer_start.str1.4
                0x10007811       0x38 CMakeFiles/hello_serial.dir/Users/brianlesko/.pico-sdk/sdk/2.0.0/lib/tinyusb/src/portable/raspberrypi/rp2040/rp2040_usb.c.obj
 *fill*         0x10007811        0x3 
 .rodata.__func__.0
                0x10007814        0xf CMakeFiles/hello_serial.dir/Users/brianlesko/.pico-sdk/sdk/2.0.0/lib/tinyusb/src/portable/raspberrypi/rp2040/rp2040_usb.c.obj
 .rodata.configuration_reset.str1.4
                0x10007823       0x17 CMakeFiles/hello_serial.dir/Users/brianlesko/.pico-sdk/sdk/2.0.0/lib/tinyusb/src/device/usbd.c.obj
 *fill*         0x10007823        0x1 
 .rodata.process_get_descriptor
                0x10007824       0x40 CMakeFiles/hello_serial.dir/Users/brianlesko/.pico-sdk/sdk/2.0.0/lib/tinyusb/src/device/usbd.c.obj
 .rodata        0x10007864       0x1c CMakeFiles/hello_serial.dir/Users/brianlesko/.pico-sdk/sdk/2.0.0/lib/tinyusb/src/device/usbd.c.obj
 .rodata.process_control_request
                0x10007880       0x28 CMakeFiles/hello_serial.dir/Users/brianlesko/.pico-sdk/sdk/2.0.0/lib/tinyusb/src/device/usbd.c.obj
 .rodata.tud_task_ext
                0x100078a8       0x24 CMakeFiles/hello_serial.dir/Users/brianlesko/.pico-sdk/sdk/2.0.0/lib/tinyusb/src/device/usbd.c.obj
 .rodata.__func__.4
                0x100078cc        0xf CMakeFiles/hello_serial.dir/Users/brianlesko/.pico-sdk/sdk/2.0.0/lib/tinyusb/src/device/usbd.c.obj
 *fill*         0x100078db        0x1 
 .rodata.__func__.5
                0x100078dc        0xf CMakeFiles/hello_serial.dir/Users/brianlesko/.pico-sdk/sdk/2.0.0/lib/tinyusb/src/device/usbd.c.obj
 *fill*         0x100078eb        0x1 
 .rodata.__func__.6
                0x100078ec       0x14 CMakeFiles/hello_serial.dir/Users/brianlesko/.pico-sdk/sdk/2.0.0/lib/tinyusb/src/device/usbd.c.obj
 .rodata.__func__.7
                0x10007900        0xc CMakeFiles/hello_serial.dir/Users/brianlesko/.pico-sdk/sdk/2.0.0/lib/tinyusb/src/device/usbd.c.obj
 .rodata.__func__.8
                0x1000790c       0x17 CMakeFiles/hello_serial.dir/Users/brianlesko/.pico-sdk/sdk/2.0.0/lib/tinyusb/src/device/usbd.c.obj
 *fill*         0x10007923        0x1 
 .rodata.__func__.9
                0x10007924       0x13 CMakeFiles/hello_serial.dir/Users/brianlesko/.pico-sdk/sdk/2.0.0/lib/tinyusb/src/device/usbd.c.obj
 *fill*         0x10007937        0x1 
 .rodata.__func__.10
                0x10007938       0x18 CMakeFiles/hello_serial.dir/Users/brianlesko/.pico-sdk/sdk/2.0.0/lib/tinyusb/src/device/usbd.c.obj
 .rodata.__func__.11
                0x10007950       0x14 CMakeFiles/hello_serial.dir/Users/brianlesko/.pico-sdk/sdk/2.0.0/lib/tinyusb/src/device/usbd.c.obj
 .rodata.__func__.12
                0x10007964        0xd CMakeFiles/hello_serial.dir/Users/brianlesko/.pico-sdk/sdk/2.0.0/lib/tinyusb/src/device/usbd.c.obj
 *fill*         0x10007971        0x3 
 .rodata.__func__.13
                0x10007974        0x9 CMakeFiles/hello_serial.dir/Users/brianlesko/.pico-sdk/sdk/2.0.0/lib/tinyusb/src/device/usbd.c.obj
 *fill*         0x1000797d        0x3 
 .rodata._usbd_driver
                0x10007980       0x40 CMakeFiles/hello_serial.dir/Users/brianlesko/.pico-sdk/sdk/2.0.0/lib/tinyusb/src/device/usbd.c.obj
 .rodata.tud_control_xfer.str1.4
                0x100079c0       0x17 CMakeFiles/hello_serial.dir/Users/brianlesko/.pico-sdk/sdk/2.0.0/lib/tinyusb/src/device/usbd_control.c.obj
 .rodata.__func__.0
                0x100079c0       0x15 CMakeFiles/hello_serial.dir/Users/brianlesko/.pico-sdk/sdk/2.0.0/lib/tinyusb/src/device/usbd_control.c.obj
 *fill*         0x100079d5        0x3 
 .rodata.__func__.1
                0x100079d8       0x11 CMakeFiles/hello_serial.dir/Users/brianlesko/.pico-sdk/sdk/2.0.0/lib/tinyusb/src/device/usbd_control.c.obj
 .rodata.tud_cdc_n_write_flush.str1.4
                0x100079e9       0x17 CMakeFiles/hello_serial.dir/Users/brianlesko/.pico-sdk/sdk/2.0.0/lib/tinyusb/src/class/cdc/cdc_device.c.obj
 *fill*         0x100079e9        0x3 
 .rodata.__func__.0
                0x100079ec        0xd CMakeFiles/hello_serial.dir/Users/brianlesko/.pico-sdk/sdk/2.0.0/lib/tinyusb/src/class/cdc/cdc_device.c.obj
 *fill*         0x100079f9        0x3 
 .rodata.__func__.1
                0x100079fc        0xa CMakeFiles/hello_serial.dir/Users/brianlesko/.pico-sdk/sdk/2.0.0/lib/tinyusb/src/class/cdc/cdc_device.c.obj
 *fill*         0x10007a06        0x2 
 .rodata.__func__.3
                0x10007a08       0x16 CMakeFiles/hello_serial.dir/Users/brianlesko/.pico-sdk/sdk/2.0.0/lib/tinyusb/src/class/cdc/cdc_device.c.obj
 .rodata.tud_vendor_n_write_flush.str1.4
                0x10007a1e       0x17 CMakeFiles/hello_serial.dir/Users/brianlesko/.pico-sdk/sdk/2.0.0/lib/tinyusb/src/class/vendor/vendor_device.c.obj
 *fill*         0x10007a1e        0x2 
 .rodata.__func__.0
                0x10007a20        0xd CMakeFiles/hello_serial.dir/Users/brianlesko/.pico-sdk/sdk/2.0.0/lib/tinyusb/src/class/vendor/vendor_device.c.obj
 *fill*         0x10007a2d        0x3 
 .rodata.__func__.2
                0x10007a30       0x19 CMakeFiles/hello_serial.dir/Users/brianlesko/.pico-sdk/sdk/2.0.0/lib/tinyusb/src/class/vendor/vendor_device.c.obj
 .rodata.tusb_init.str1.4
                0x10007a49       0x17 CMakeFiles/hello_serial.dir/Users/brianlesko/.pico-sdk/sdk/2.0.0/lib/tinyusb/src/tusb.c.obj
 *fill*         0x10007a49        0x3 
 .rodata.__func__.3
                0x10007a4c       0x11 CMakeFiles/hello_serial.dir/Users/brianlesko/.pico-sdk/sdk/2.0.0/lib/tinyusb/src/tusb.c.obj
 *fill*         0x10007a5d        0x3 
 .rodata.__func__.4
                0x10007a60        0xa CMakeFiles/hello_serial.dir/Users/brianlesko/.pico-sdk/sdk/2.0.0/lib/tinyusb/src/tusb.c.obj
                0x10007a6c                        . = ALIGN (0x4)
 *fill*         0x10007a6a        0x2 
 *(SORT_BY_ALIGNMENT(SORT_BY_NAME(.flashdata*)))
                0x10007a6c                        . = ALIGN (0x4)

.ARM.extab
 *(.ARM.extab* .gnu.linkonce.armextab.*)
                0x10007a6c                        __exidx_start = .

.ARM.exidx
 *(.ARM.exidx* .gnu.linkonce.armexidx.*)
                0x10007a6c                        __exidx_end = .
                0x10007a6c                        . = ALIGN (0x4)
                0x10007a6c                        __binary_info_start = .

.binary_info    0x10007a6c       0x1c
 *(.binary_info.keep.*)
 .binary_info.keep.__bi_ptr84
                0x10007a6c        0x4 CMakeFiles/hello_serial.dir/Users/brianlesko/.pico-sdk/sdk/2.0.0/src/rp2_common/pico_standard_binary_info/standard_binary_info.c.obj
 .binary_info.keep.__bi_ptr54
                0x10007a70        0x4 CMakeFiles/hello_serial.dir/Users/brianlesko/.pico-sdk/sdk/2.0.0/src/rp2_common/pico_standard_binary_info/standard_binary_info.c.obj
 .binary_info.keep.__bi_ptr48
                0x10007a74        0x4 CMakeFiles/hello_serial.dir/Users/brianlesko/.pico-sdk/sdk/2.0.0/src/rp2_common/pico_standard_binary_info/standard_binary_info.c.obj
 .binary_info.keep.__bi_ptr42
                0x10007a78        0x4 CMakeFiles/hello_serial.dir/Users/brianlesko/.pico-sdk/sdk/2.0.0/src/rp2_common/pico_standard_binary_info/standard_binary_info.c.obj
 .binary_info.keep.__bi_ptr34
                0x10007a7c        0x4 CMakeFiles/hello_serial.dir/Users/brianlesko/.pico-sdk/sdk/2.0.0/src/rp2_common/pico_standard_binary_info/standard_binary_info.c.obj
 .binary_info.keep.__bi_ptr26
                0x10007a80        0x4 CMakeFiles/hello_serial.dir/Users/brianlesko/.pico-sdk/sdk/2.0.0/src/rp2_common/pico_standard_binary_info/standard_binary_info.c.obj
 *(.binary_info.*)
 .binary_info.__bi_ptr197
                0x10007a84        0x4 CMakeFiles/hello_serial.dir/Users/brianlesko/.pico-sdk/sdk/2.0.0/src/rp2_common/pico_stdio_usb/stdio_usb.c.obj
                0x10007a88                        __binary_info_end = .

.rel.dyn        0x10007a88        0x0
 .rel.iplt      0x10007a88        0x0 /Users/brianlesko/.pico-sdk/toolchain/13_2_Rel1/bin/../lib/gcc/arm-none-eabi/13.2.1/thumb/v6-m/nofp/crtbegin.o
                0x10007a88                        . = ALIGN (0x4)

.ram_vector_table
                0x20000000       0xc0
 *(.ram_vector_table)
 .ram_vector_table
                0x20000000       0xc0 CMakeFiles/hello_serial.dir/Users/brianlesko/.pico-sdk/sdk/2.0.0/src/rp2_common/pico_runtime_init/runtime_init.c.obj
                0x20000000                ram_vector_table

.uninitialized_data
                0x200000c0        0x0
                0x200000c0                        . = ALIGN (0x4)
 *(.uninitialized_data*)

.data           0x200000c0      0xbd0 load address 0x10007a88
                0x200000c0                        __data_start__ = .
 *(vtable)
 *(.time_critical*)
 .time_critical.mutex_try_enter
                0x200000c0       0x48 CMakeFiles/hello_serial.dir/Users/brianlesko/.pico-sdk/sdk/2.0.0/src/common/pico_sync/mutex.c.obj
                0x200000c0                mutex_try_enter
 .time_critical.mutex_enter_block_until
                0x20000108       0x90 CMakeFiles/hello_serial.dir/Users/brianlesko/.pico-sdk/sdk/2.0.0/src/common/pico_sync/mutex.c.obj
                0x20000108                mutex_enter_block_until
 .time_critical.mutex_try_enter_block_until
                0x20000198       0x34 CMakeFiles/hello_serial.dir/Users/brianlesko/.pico-sdk/sdk/2.0.0/src/common/pico_sync/mutex.c.obj
                0x20000198                mutex_try_enter_block_until
 .time_critical.mutex_enter_timeout_ms
                0x200001cc       0x3c CMakeFiles/hello_serial.dir/Users/brianlesko/.pico-sdk/sdk/2.0.0/src/common/pico_sync/mutex.c.obj
                0x200001cc                mutex_enter_timeout_ms
 .time_critical.mutex_exit
                0x20000208       0x4c CMakeFiles/hello_serial.dir/Users/brianlesko/.pico-sdk/sdk/2.0.0/src/common/pico_sync/mutex.c.obj
                0x20000208                mutex_exit
 .time_critical.flash_init_boot2_copyout
                0x20000254       0x30 CMakeFiles/hello_serial.dir/Users/brianlesko/.pico-sdk/sdk/2.0.0/src/rp2_common/hardware_flash/flash.c.obj
 .time_critical.flash_enable_xip_via_boot2
                0x20000284        0xc CMakeFiles/hello_serial.dir/Users/brianlesko/.pico-sdk/sdk/2.0.0/src/rp2_common/hardware_flash/flash.c.obj
 .time_critical.flash_cs_force
                0x20000290       0x28 CMakeFiles/hello_serial.dir/Users/brianlesko/.pico-sdk/sdk/2.0.0/src/rp2_common/hardware_flash/flash.c.obj
 .time_critical.flash_do_cmd
                0x200002b8       0xd8 CMakeFiles/hello_serial.dir/Users/brianlesko/.pico-sdk/sdk/2.0.0/src/rp2_common/hardware_flash/flash.c.obj
                0x200002b8                flash_do_cmd
 .time_critical.reset_non_control_endpoints
                0x20000390       0x40 CMakeFiles/hello_serial.dir/Users/brianlesko/.pico-sdk/sdk/2.0.0/lib/tinyusb/src/portable/raspberrypi/rp2040/dcd_rp2040.c.obj
 .time_critical.hw_handle_buff_status
                0x200003d0       0xa4 CMakeFiles/hello_serial.dir/Users/brianlesko/.pico-sdk/sdk/2.0.0/lib/tinyusb/src/portable/raspberrypi/rp2040/dcd_rp2040.c.obj
 .time_critical.dcd_rp2040_irq
                0x20000474      0x22c CMakeFiles/hello_serial.dir/Users/brianlesko/.pico-sdk/sdk/2.0.0/lib/tinyusb/src/portable/raspberrypi/rp2040/dcd_rp2040.c.obj
 .time_critical.prepare_ep_buffer