Archive member included to satisfy reference by file (symbol)

/Users/brianlesko/.pico-sdk/toolchain/13_2_Rel1/bin/../lib/gcc/arm-none-eabi/13.2.1/thumb/v6-m/nofp/libgcc.a(_dvmd_tls.o)
                              CMakeFiles/hello_serial.dir/Users/brianlesko/.pico-sdk/sdk/2.0.0/src/rp2_common/pico_divider/divider_hardware.S.obj (__aeabi_idiv0)
/Users/brianlesko/.pico-sdk/toolchain/13_2_Rel1/bin/../lib/gcc/arm-none-eabi/13.2.1/../../../../arm-none-eabi/lib/thumb/v6-m/nofp/libg.a(libc_a-calloc.o)
                              CMakeFiles/hello_serial.dir/Users/brianlesko/.pico-sdk/sdk/2.0.0/src/rp2_common/pico_malloc/malloc.c.obj (calloc)
/Users/brianlesko/.pico-sdk/toolchain/13_2_Rel1/bin/../lib/gcc/arm-none-eabi/13.2.1/../../../../arm-none-eabi/lib/thumb/v6-m/nofp/libg.a(libc_a-callocr.o)
                              /Users/brianlesko/.pico-sdk/toolchain/13_2_Rel1/bin/../lib/gcc/arm-none-eabi/13.2.1/../../../../arm-none-eabi/lib/thumb/v6-m/nofp/libg.a(libc_a-calloc.o) (_calloc_r)
/Users/brianlesko/.pico-sdk/toolchain/13_2_Rel1/bin/../lib/gcc/arm-none-eabi/13.2.1/../../../../arm-none-eabi/lib/thumb/v6-m/nofp/libg.a(libc_a-malloc.o)
                              CMakeFiles/hello_serial.dir/Users/brianlesko/.pico-sdk/sdk/2.0.0/src/rp2_common/pico_malloc/malloc.c.obj (malloc)
/Users/brianlesko/.pico-sdk/toolchain/13_2_Rel1/bin/../lib/gcc/arm-none-eabi/13.2.1/../../../../arm-none-eabi/lib/thumb/v6-m/nofp/libg.a(libc_a-mallocr.o)
                              /Users/brianlesko/.pico-sdk/toolchain/13_2_Rel1/bin/../lib/gcc/arm-none-eabi/13.2.1/../../../../arm-none-eabi/lib/thumb/v6-m/nofp/libg.a(libc_a-callocr.o) (_malloc_r)
/Users/brianlesko/.pico-sdk/toolchain/13_2_Rel1/bin/../lib/gcc/arm-none-eabi/13.2.1/../../../../arm-none-eabi/lib/thumb/v6-m/nofp/libg.a(libc_a-mlock.o)
                              /Users/brianlesko/.pico-sdk/toolchain/13_2_Rel1/bin/../lib/gcc/arm-none-eabi/13.2.1/../../../../arm-none-eabi/lib/thumb/v6-m/nofp/libg.a(libc_a-mallocr.o) (__malloc_lock)
/Users/brianlesko/.pico-sdk/toolchain/13_2_Rel1/bin/../lib/gcc/arm-none-eabi/13.2.1/../../../../arm-none-eabi/lib/thumb/v6-m/nofp/libg.a(libc_a-realloc.o)
                              CMakeFiles/hello_serial.dir/Users/brianlesko/.pico-sdk/sdk/2.0.0/src/rp2_common/pico_malloc/malloc.c.obj (realloc)
/Users/brianlesko/.pico-sdk/toolchain/13_2_Rel1/bin/../lib/gcc/arm-none-eabi/13.2.1/../../../../arm-none-eabi/lib/thumb/v6-m/nofp/libg.a(libc_a-reallocr.o)
                              /Users/brianlesko/.pico-sdk/toolchain/13_2_Rel1/bin/../lib/gcc/arm-none-eabi/13.2.1/../../../../arm-none-eabi/lib/thumb/v6-m/nofp/libg.a(libc_a-realloc.o) (_realloc_r)
/Users/brianlesko/.pico-sdk/toolchain/13_2_Rel1/bin/../lib/gcc/arm-none-eabi/13.2.1/../../../../arm-none-eabi/lib/thumb/v6-m/nofp/libg.a(libc_a-memcmp.o)
                              CMakeFiles/hello_serial.dir/Users/brianlesko/.pico-sdk/sdk/2.0.0/src/rp2_common/pico_atomic/atomic.c.obj (memcmp)
/Users/brianlesko/.pico-sdk/toolchain/13_2_Rel1/bin/../lib/gcc/arm-none-eabi/13.2.1/../../../../arm-none-eabi/lib/thumb/v6-m/nofp/libg.a(libc_a-memmove.o)
                              /Users/brianlesko/.pico-sdk/toolchain/13_2_Rel1/bin/../lib/gcc/arm-none-eabi/13.2.1/../../../../arm-none-eabi/lib/thumb/v6-m/nofp/libg.a(libc_a-reallocr.o) (memmove)
/Users/brianlesko/.pico-sdk/toolchain/13_2_Rel1/bin/../lib/gcc/arm-none-eabi/13.2.1/../../../../arm-none-eabi/lib/thumb/v6-m/nofp/libg.a(libc_a-lcltime_r.o)
                              CMakeFiles/hello_serial.dir/Users/brianlesko/.pico-sdk/sdk/2.0.0/src/common/pico_util/datetime.c.obj (localtime_r)
/Users/brianlesko/.pico-sdk/toolchain/13_2_Rel1/bin/../lib/gcc/arm-none-eabi/13.2.1/../../../../arm-none-eabi/lib/thumb/v6-m/nofp/libg.a(libc_a-mktime.o)
                              CMakeFiles/hello_serial.dir/Users/brianlesko/.pico-sdk/sdk/2.0.0/src/common/pico_util/datetime.c.obj (mktime)
/Users/brianlesko/.pico-sdk/toolchain/13_2_Rel1/bin/../lib/gcc/arm-none-eabi/13.2.1/../../../../arm-none-eabi/lib/thumb/v6-m/nofp/libg.a(libc_a-month_lengths.o)
                              /Users/brianlesko/.pico-sdk/toolchain/13_2_Rel1/bin/../lib/gcc/arm-none-eabi/13.2.1/../../../../arm-none-eabi/lib/thumb/v6-m/nofp/libg.a(libc_a-lcltime_r.o) (__month_lengths)
/Users/brianlesko/.pico-sdk/toolchain/13_2_Rel1/bin/../lib/gcc/arm-none-eabi/13.2.1/../../../../arm-none-eabi/lib/thumb/v6-m/nofp/libg.a(libc_a-tzcalc_limits.o)
                              /Users/brianlesko/.pico-sdk/toolchain/13_2_Rel1/bin/../lib/gcc/arm-none-eabi/13.2.1/../../../../arm-none-eabi/lib/thumb/v6-m/nofp/libg.a(libc_a-lcltime_r.o) (__tzcalc_limits)
/Users/brianlesko/.pico-sdk/toolchain/13_2_Rel1/bin/../lib/gcc/arm-none-eabi/13.2.1/../../../../arm-none-eabi/lib/thumb/v6-m/nofp/libg.a(libc_a-tzlock.o)
                              /Users/brianlesko/.pico-sdk/toolchain/13_2_Rel1/bin/../lib/gcc/arm-none-eabi/13.2.1/../../../../arm-none-eabi/lib/thumb/v6-m/nofp/libg.a(libc_a-lcltime_r.o) (__tz_lock)
[...]
Memory Configuration

Name             Origin             Length             Attributes
FLASH            0x10000000         0x00200000         xr
RAM              0x20000000         0x00040000         xrw
SCRATCH_X        0x20040000         0x00001000         xrw
SCRATCH_Y        0x20041000         0x00001000         xrw
*default*        0x00000000         0xffffffff

Linker script and memory map

LOAD /Users/brianlesko/.pico-sdk/toolchain/13_2_Rel1/bin/../lib/gcc/arm-none-eabi/13.2.1/thumb/v6-m/nofp/crti.o
LOAD /Users/brianlesko/.pico-sdk/toolchain/13_2_Rel1/bin/../lib/gcc/arm-none-eabi/13.2.1/thumb/v6-m/nofp/crtbegin.o
LOAD /Users/brianlesko/.pico-sdk/toolchain/13_2_Rel1/bin/../lib/gcc/arm-none-eabi/13.2.1/../../../../arm-none-eabi/lib/thumb/v6-m/nofp/crt0.o

.flash_begin    0x10000000        0x0
                0x10000000                        __flash_binary_start = .

.boot2          0x10000000      0x100
                0x10000000                        __boot2_start__ = .
 *(.boot2)
 .boot2         0x10000000      0x100 /var/folders/z5/9z702w_d7xb5zs4lq1hj6lrm0000gp/T//ccLiQlkw.o
                0x10000100                        __boot2_end__ = .
                0x00000001                        ASSERT (((__boot2_end__ - __boot2_start__) == 0x100), ERROR: Pico second stage bootloader must be 256 bytes in size)

.text           0x10000100     0x6714
                0x10000100                        __logical_binary_start = .
 *(.vectors)
 .vectors       0x10000100       0xd4 CMakeFiles/hello_serial.dir/Users/brianlesko/.pico-sdk/sdk/2.0.0/src/rp2_common/pico_crt0/crt0.S.obj
                0x10000100                __VECTOR_TABLE
                0x10000100                __vectors
                0x100001c0                __default_isrs_start
                0x100001c0                isr_invalid
                0x100001c2                isr_nmi
                0x100001c4                isr_hardfault
                0x100001c6                isr_svcall
                0x100001c8                isr_pendsv
                0x100001ca                isr_systick
                0x100001cc                isr_irq28
                0x100001cc                isr_irq19
                0x100001cc                isr_irq0
                0x100001cc                isr_irq6
                0x100001cc                isr_irq22
                0x100001cc                isr_irq17
                0x100001cc                isr_irq14
                0x100001cc                isr_irq2
                0x100001cc                isr_irq10
                0x100001cc                isr_irq8
                0x100001cc                isr_irq24
                0x100001cc                isr_irq1
                0x100001cc                isr_irq7
                0x100001cc                isr_irq21
                0x100001cc                isr_irq20
                0x100001cc                isr_irq15
                0x100001cc                isr_irq25
                0x100001cc                isr_irq4
                0x100001cc                isr_irq16
                0x100001cc                isr_irq29
                0x100001cc                isr_irq26
                0x100001cc                __default_isrs_end
                0x100001cc                isr_irq3
                0x100001cc                isr_irq9
                0x100001cc                __unhandled_user_irq
                0x100001cc                isr_irq13
                0x100001cc                isr_irq27
                0x100001cc                isr_irq31
                0x100001cc                isr_irq5
                0x100001cc                isr_irq11
                0x100001cc                isr_irq23
                0x100001cc                isr_irq18
                0x100001cc                isr_irq30
                0x100001cc                isr_irq12
                0x100001d2                unhandled_user_irq_num_in_r0
 *(.binary_info_header)
 .binary_info_header
                0x100001d4       0x14 CMakeFiles/hello_serial.dir/Users/brianlesko/.pico-sdk/sdk/2.0.0/src/rp2_common/pico_crt0/crt0.S.obj
                0x100001e8                        __binary_info_header_end = .
 *(.embedded_block)
                0x100001e8                        __embedded_block_end = .
 *(.reset)
 .reset         0x100001e8       0x9c CMakeFiles/hello_serial.dir/Users/brianlesko/.pico-sdk/sdk/2.0.0/src/rp2_common/pico_crt0/crt0.S.obj
                0x100001e8                _entry_point
 *(.init)
 .init          0x10000284        0x4 /Users/brianlesko/.pico-sdk/toolchain/13_2_Rel1/bin/../lib/gcc/arm-none-eabi/13.2.1/thumb/v6-m/nofp/crti.o
                0x10000284                _init
 *(EXCLUDE_FILE(*libm.a: *libc.a:*lib_a-mem*.o *libgcc.a:) .text*)
 .text.register_tm_clones
                0x10000288       0x28 /Users/brianlesko/.pico-sdk/toolchain/13_2_Rel1/bin/../lib/gcc/arm-none-eabi/13.2.1/thumb/v6-m/nofp/crtbegin.o
 .text.frame_dummy
                0x100002b0       0x24 /Users/brianlesko/.pico-sdk/toolchain/13_2_Rel1/bin/../lib/gcc/arm-none-eabi/13.2.1/thumb/v6-m/nofp/crtbegin.o
 .text.main     0x100002d4       0x74 CMakeFiles/hello_serial.dir/hello_serial.c.obj
                0x100002d4                main
 .text.rp2040_chip_version
                0x10000348       0x54 CMakeFiles/hello_serial.dir/Users/brianlesko/.pico-sdk/sdk/2.0.0/src/rp2040/pico_platform/platform.c.obj
                0x10000348                rp2040_chip_version
 .text.panic    0x1000039c       0x30 CMakeFiles/hello_serial.dir/Users/brianlesko/.pico-sdk/sdk/2.0.0/src/rp2_common/pico_platform_panic/panic.c.obj
                0x1000039c                panic
 .text.hw_claim_lock
                0x100003cc       0x18 CMakeFiles/hello_serial.dir/Users/brianlesko/.pico-sdk/sdk/2.0.0/src/common/hardware_claim/claim.c.obj
                0x100003cc                hw_claim_lock
 .text.hw_claim_unlock
                0x100003e4       0x14 CMakeFiles/hello_serial.dir/Users/brianlesko/.pico-sdk/sdk/2.0.0/src/common/hardware_claim/claim.c.obj
                0x100003e4                hw_claim_unlock
 .text.hw_claim_or_assert
                0x100003f8       0x32 CMakeFiles/hello_serial.dir/Users/brianlesko/.pico-sdk/sdk/2.0.0/src/common/hardware_claim/claim.c.obj
                0x100003f8                hw_claim_or_assert
 .text.hw_claim_unused_from_range
                0x1000042a       0x50 CMakeFiles/hello_serial.dir/Users/brianlesko/.pico-sdk/sdk/2.0.0/src/common/hardware_claim/claim.c.obj
                0x1000042a                hw_claim_unused_from_range
 *fill*         0x1000047a        0x2 
 .text.next_striped_spin_lock_num
                0x1000047c       0x1c CMakeFiles/hello_serial.dir/Users/brianlesko/.pico-sdk/sdk/2.0.0/src/rp2_common/hardware_sync/sync.c.obj
                0x1000047c                next_striped_spin_lock_num
 .text.spin_lock_claim_unused
                0x10000498       0x24 CMakeFiles/hello_serial.dir/Users/brianlesko/.pico-sdk/sdk/2.0.0/src/rp2_common/hardware_sync/sync.c.obj
                0x10000498                spin_lock_claim_unused
 .text.spin_locks_reset
                0x100004bc       0x20 CMakeFiles/hello_serial.dir/Users/brianlesko/.pico-sdk/sdk/2.0.0/src/rp2_common/hardware_sync_spin_lock/sync_spin_lock.c.obj
                0x100004bc                spin_locks_reset
 .text.set_raw_irq_handler_and_unlock
                0x100004dc       0x28 CMakeFiles/hello_serial.dir/Users/brianlesko/.pico-sdk/sdk/2.0.0/src/rp2_common/hardware_irq/irq.c.obj
 .text.nvic_ipr0
                0x10000504        0x8 CMakeFiles/hello_serial.dir/Users/brianlesko/.pico-sdk/sdk/2.0.0/src/rp2_common/hardware_irq/irq.c.obj
 .text.runtime_init_per_core_irq_priorities
                0x1000050c       0x1c CMakeFiles/hello_serial.dir/Users/brianlesko/.pico-sdk/sdk/2.0.0/src/rp2_common/hardware_irq/irq.c.obj
                0x1000050c                runtime_init_per_core_irq_priorities
 .text.resolve_j_16
                0x10000528       0x30 CMakeFiles/hello_serial.dir/Users/brianlesko/.pico-sdk/sdk/2.0.0/src/rp2_common/hardware_irq/irq.c.obj
 .text.make_j_16
                0x10000558       0x48 CMakeFiles/hello_serial.dir/Users/brianlesko/.pico-sdk/sdk/2.0.0/src/rp2_common/hardware_irq/irq.c.obj
 .text.irq_is_enabled
                0x100005a0       0x18 CMakeFiles/hello_serial.dir/Users/brianlesko/.pico-sdk/sdk/2.0.0/src/rp2_common/hardware_irq/irq.c.obj
                0x100005a0                irq_is_enabled
 .text.irq_set_mask_n_enabled
                0x100005b8       0x1c CMakeFiles/hello_serial.dir/Users/brianlesko/.pico-sdk/sdk/2.0.0/src/rp2_common/hardware_irq/irq.c.obj
                0x100005b8                irq_set_mask_n_enabled
 .text.irq_set_enabled
                0x100005d4       0x14 CMakeFiles/hello_serial.dir/Users/brianlesko/.pico-sdk/sdk/2.0.0/src/rp2_common/hardware_irq/irq.c.obj
                0x100005d4                irq_set_enabled
 .text.irq_set_pending
                0x100005e8       0x10 CMakeFiles/hello_serial.dir/Users/brianlesko/.pico-sdk/sdk/2.0.0/src/rp2_common/hardware_irq/irq.c.obj
                0x100005e8                irq_set_pending
 .text.irq_get_vtable_handler
                0x100005f8       0x10 CMakeFiles/hello_serial.dir/Users/brianlesko/.pico-sdk/sdk/2.0.0/src/rp2_common/hardware_irq/irq.c.obj
                0x100005f8                irq_get_vtable_handler
 .text.irq_has_shared_handler
                0x10000608       0x24 CMakeFiles/hello_serial.dir/Users/brianlesko/.pico-sdk/sdk/2.0.0/src/rp2_common/hardware_irq/irq.c.obj
                0x10000608                irq_has_shared_handler
 .text.irq_set_exclusive_handler
                0x1000062c       0x54 CMakeFiles/hello_serial.dir/Users/brianlesko/.pico-sdk/sdk/2.0.0/src/rp2_common/hardware_irq/irq.c.obj
                0x1000062c                irq_set_exclusive_handler
 .text.irq_add_shared_handler
                0x10000680      0x218 CMakeFiles/hello_serial.dir/Users/brianlesko/.pico-sdk/sdk/2.0.0/src/rp2_common/hardware_irq/irq.c.obj
                0x10000680                irq_add_shared_handler
 .text.irq_add_tail_to_free_list
                0x10000898       0xf4 CMakeFiles/hello_serial.dir/Users/brianlesko/.pico-sdk/sdk/2.0.0/src/rp2_common/hardware_irq/irq.c.obj
                0x10000898                irq_add_tail_to_free_list
 .text.user_irq_claim_unused
                0x1000098c       0x2c CMakeFiles/hello_serial.dir/Users/brianlesko/.pico-sdk/sdk/2.0.0/src/rp2_common/hardware_irq/irq.c.obj
                0x1000098c                user_irq_claim_unused
 .text.lock_init
                0x100009b8       0x10 CMakeFiles/hello_serial.dir/Users/brianlesko/.pico-sdk/sdk/2.0.0/src/common/pico_sync/lock_core.c.obj
                0x100009b8                lock_init
 .text.mutex_init
                0x100009c8       0x1a CMakeFiles/hello_serial.dir/Users/brianlesko/.pico-sdk/sdk/2.0.0/src/common/pico_sync/mutex.c.obj
                0x100009c8                mutex_init
 .text.recursive_mutex_init
                0x100009e2       0x1e CMakeFiles/hello_serial.dir/Users/brianlesko/.pico-sdk/sdk/2.0.0/src/common/pico_sync/mutex.c.obj
                0x100009e2                recursive_mutex_init
 .text.runtime_init_mutex
                0x10000a00       0x4c CMakeFiles/hello_serial.dir/Users/brianlesko/.pico-sdk/sdk/2.0.0/src/common/pico_sync/mutex.c.obj
                0x10000a00                runtime_init_mutex
 .text.critical_section_init_with_lock_num
                0x10000a4c       0x14 CMakeFiles/hello_serial.dir/Users/brianlesko/.pico-sdk/sdk/2.0.0/src/common/pico_sync/critical_section.c.obj
                0x10000a4c                critical_section_init_with_lock_num
 .text.critical_section_init
                0x10000a60       0x14 CMakeFiles/hello_serial.dir/Users/brianlesko/.pico-sdk/sdk/2.0.0/src/common/pico_sync/critical_section.c.obj
                0x10000a60                critical_section_init
 .text.make_alarm_id
                0x10000a74        0x6 CMakeFiles/hello_serial.dir/Users/brianlesko/.pico-sdk/sdk/2.0.0/src/common/pico_time/time.c.obj
 *fill*         0x10000a7a        0x2 
 .text.sleep_until_callback
                0x10000a7c       0x30 CMakeFiles/hello_serial.dir/Users/brianlesko/.pico-sdk/sdk/2.0.0/src/common/pico_time/time.c.obj
 .text.alarm_pool_irq_handler
                0x10000aac      0x2e0 CMakeFiles/hello_serial.dir/Users/brianlesko/.pico-sdk/sdk/2.0.0/src/common/pico_time/time.c.obj
 .text.ta_enable_irq_handler
                0x10000d8c       0x2c CMakeFiles/hello_serial.dir/Users/brianlesko/.pico-sdk/sdk/2.0.0/src/common/pico_time/time.c.obj
 .text.alarm_pool_post_alloc_init
                0x10000db8       0x78 CMakeFiles/hello_serial.dir/Users/brianlesko/.pico-sdk/sdk/2.0.0/src/common/pico_time/time.c.obj
 .text.alarm_pool_get_default
                0x10000e30       0x2c CMakeFiles/hello_serial.dir/Users/brianlesko/.pico-sdk/sdk/2.0.0/src/common/pico_time/time.c.obj
                0x10000e30                alarm_pool_get_default
 .text.alarm_pool_add_alarm_at_force_in_context
                0x10000e5c       0xa4 CMakeFiles/hello_serial.dir/Users/brianlesko/.pico-sdk/sdk/2.0.0/src/common/pico_time/time.c.obj
                0x10000e5c                alarm_pool_add_alarm_at_force_in_context
 .text.alarm_pool_add_alarm_at
                0x10000f00       0x3c CMakeFiles/hello_serial.dir/Users/brianlesko/.pico-sdk/sdk/2.0.0/src/common/pico_time/time.c.obj
                0x10000f00                alarm_pool_add_alarm_at
 .text.add_alarm_at
                0x10000f3c       0x2e CMakeFiles/hello_serial.dir/Users/brianlesko/.pico-sdk/sdk/2.0.0/src/common/pico_time/time.c.obj
 *fill*         0x10000f6a        0x2 
 .text.alarm_pool_cancel_alarm
                0x10000f6c       0x78 CMakeFiles/hello_serial.dir/Users/brianlesko/.pico-sdk/sdk/2.0.0/src/common/pico_time/time.c.obj
                0x10000f6c                alarm_pool_cancel_alarm
 .text.cancel_alarm
                0x10000fe4       0x10 CMakeFiles/hello_serial.dir/Users/brianlesko/.pico-sdk/sdk/2.0.0/src/common/pico_time/time.c.obj
 .text.alarm_pool_core_num
                0x10000ff4        0x4 CMakeFiles/hello_serial.dir/Users/brianlesko/.pico-sdk/sdk/2.0.0/src/common/pico_time/time.c.obj
                0x10000ff4                alarm_pool_core_num
 .text.sleep_until
                0x10000ff8       0xc0 CMakeFiles/hello_serial.dir/Users/brianlesko/.pico-sdk/sdk/2.0.0/src/common/pico_time/time.c.obj
                0x10000ff8                sleep_until
 .text.sleep_us
                0x100010b8       0x24 CMakeFiles/hello_serial.dir/Users/brianlesko/.pico-sdk/sdk/2.0.0/src/common/pico_time/time.c.obj
                0x100010b8                sleep_us
 .text.sleep_ms
                0x100010dc       0x14 CMakeFiles/hello_serial.dir/Users/brianlesko/.pico-sdk/sdk/2.0.0/src/common/pico_time/time.c.obj
                0x100010dc                sleep_ms
 .text.best_effort_wfe_or_timeout
                0x100010f0       0xc4 CMakeFiles/hello_serial.dir/Users/brianlesko/.pico-sdk/sdk/2.0.0/src/common/pico_time/time.c.obj
                0x100010f0                best_effort_wfe_or_timeout
 .text.alarm_pool_get_default_timer
                0x100011b4        0x8 CMakeFiles/hello_serial.dir/Users/brianlesko/.pico-sdk/sdk/2.0.0/src/common/pico_time/time.c.obj
                0x100011b4                alarm_pool_get_default_timer
 .text.runtime_init_default_alarm_pool
                0x100011bc       0x38 CMakeFiles/hello_serial.dir/Users/brianlesko/.pico-sdk/sdk/2.0.0/src/common/pico_time/time.c.obj
                0x100011bc                runtime_init_default_alarm_pool
 .text.timer_hardware_alarm_claim
                0x100011f4       0x14 CMakeFiles/hello_serial.dir/Users/brianlesko/.pico-sdk/sdk/2.0.0/src/rp2_common/hardware_timer/timer.c.obj
                0x100011f4                timer_hardware_alarm_claim
 .text.timer_time_us_64
                0x10001208       0x10 CMakeFiles/hello_serial.dir/Users/brianlesko/.pico-sdk/sdk/2.0.0/src/rp2_common/hardware_timer/timer.c.obj
                0x10001208                timer_time_us_64
 .text.timer_busy_wait_until
                0x10001218       0x1a CMakeFiles/hello_serial.dir/Users/brianlesko/.pico-sdk/sdk/2.0.0/src/rp2_common/hardware_timer/timer.c.obj
                0x10001218                timer_busy_wait_until
 .text.timer_busy_wait_us
                0x10001232       0x38 CMakeFiles/hello_serial.dir/Users/brianlesko/.pico-sdk/sdk/2.0.0/src/rp2_common/hardware_timer/timer.c.obj
                0x10001232                timer_busy_wait_us
 *fill*         0x1000126a        0x2 
 .text.time_us_64
                0x1000126c       0x10 CMakeFiles/hello_serial.dir/Users/brianlesko/.pico-sdk/sdk/2.0.0/src/rp2_common/hardware_timer/timer.c.obj
                0x1000126c                time_us_64
 .text.busy_wait_us
                0x1000127c       0x14 CMakeFiles/hello_serial.dir/Users/brianlesko/.pico-sdk/sdk/2.0.0/src/rp2_common/hardware_timer/timer.c.obj
                0x1000127c                busy_wait_us
 .text.busy_wait_until
                0x10001290       0x14 CMakeFiles/hello_serial.dir/Users/brianlesko/.pico-sdk/sdk/2.0.0/src/rp2_common/hardware_timer/timer.c.obj
                0x10001290                busy_wait_until
 .text.clock_configure_internal
                0x100012a4       0xc4 CMakeFiles/hello_serial.dir/Users/brianlesko/.pico-sdk/sdk/2.0.0/src/rp2_common/hardware_clocks/clocks.c.obj
 .text.clock_configure_int_divider
                0x10001368       0x28 CMakeFiles/hello_serial.dir/Users/brianlesko/.pico-sdk/sdk/2.0.0/src/rp2_common/hardware_clocks/clocks.c.obj
                0x10001368                clock_configure_int_divider
 .text.clock_configure_undivided
                0x10001390       0x12 CMakeFiles/hello_serial.dir/Users/brianlesko/.pico-sdk/sdk/2.0.0/src/rp2_common/hardware_clocks/clocks.c.obj
                0x10001390                clock_configure_undivided
 *fill*         0x100013a2        0x2 
 .text.clock_get_hz
                0x100013a4        0xc CMakeFiles/hello_serial.dir/Users/brianlesko/.pico-sdk/sdk/2.0.0/src/rp2_common/hardware_clocks/clocks.c.obj
                0x100013a4                clock_get_hz
 .text.pll_init
                0x100013b0      0x124 CMakeFiles/hello_serial.dir/Users/brianlesko/.pico-sdk/sdk/2.0.0/src/rp2_common/hardware_pll/pll.c.obj
                0x100013b0                pll_init
 .text.watchdog_update
                0x100014d4       0x14 CMakeFiles/hello_serial.dir/Users/brianlesko/.pico-sdk/sdk/2.0.0/src/rp2_common/hardware_watchdog/watchdog.c.obj
                0x100014d4                watchdog_update
 .text._watchdog_enable
                0x100014e8       0x7c CMakeFiles/hello_serial.dir/Users/brianlesko/.pico-sdk/sdk/2.0.0/src/rp2_common/hardware_watchdog/watchdog.c.obj
                0x100014e8                _watchdog_enable
 .text.watchdog_reboot
                0x10001564       0x48 CMakeFiles/hello_serial.dir/Users/brianlesko/.pico-sdk/sdk/2.0.0/src/rp2_common/hardware_watchdog/watchdog.c.obj
                0x10001564                watchdog_reboot
 .text.tick_start
                0x100015ac       0x10 CMakeFiles/hello_serial.dir/Users/brianlesko/.pico-sdk/sdk/2.0.0/src/rp2_common/hardware_ticks/ticks.c.obj
                0x100015ac                tick_start
 .text.xosc_init
                0x100015bc       0x28 CMakeFiles/hello_serial.dir/Users/brianlesko/.pico-sdk/sdk/2.0.0/src/rp2_common/hardware_xosc/xosc.c.obj
                0x100015bc                xosc_init
 .text.runtime_run_initializers_from
                0x100015e4       0x18 CMakeFiles/hello_serial.dir/Users/brianlesko/.pico-sdk/sdk/2.0.0/src/rp2_common/pico_runtime/runtime.c.obj
 .text.first_per_core_initializer
                0x100015fc        0x2 CMakeFiles/hello_serial.dir/Users/brianlesko/.pico-sdk/sdk/2.0.0/src/rp2_common/pico_runtime/runtime.c.obj
 *fill*         0x100015fe        0x2 
 .text.runtime_run_initializers
                0x10001600       0x10 CMakeFiles/hello_serial.dir/Users/brianlesko/.pico-sdk/sdk/2.0.0/src/rp2_common/pico_runtime/runtime.c.obj
                0x10001600                runtime_run_initializers
 .text.runtime_init_early_resets
                0x10001610       0x2c CMakeFiles/hello_serial.dir/Users/brianlesko/.pico-sdk/sdk/2.0.0/src/rp2_common/pico_runtime_init/runtime_init.c.obj
                0x10001610                runtime_init_early_resets
 .text.runtime_init_usb_power_down
                0x1000163c       0x1c CMakeFiles/hello_serial.dir/Users/brianlesko/.pico-sdk/sdk/2.0.0/src/rp2_common/pico_runtime_init/runtime_init.c.obj
                0x1000163c                runtime_init_usb_power_down
 .text.runtime_init_post_clock_resets
                0x10001658       0x20 CMakeFiles/hello_serial.dir/Users/brianlesko/.pico-sdk/sdk/2.0.0/src/rp2_common/pico_runtime_init/runtime_init.c.obj
                0x10001658                runtime_init_post_clock_resets
 .text.runtime_init_rp2040_gpio_ie_disable
                0x10001678       0x14 CMakeFiles/hello_serial.dir/Users/brianlesko/.pico-sdk/sdk/2.0.0/src/rp2_common/pico_runtime_init/runtime_init.c.obj
                0x10001678                runtime_init_rp2040_gpio_ie_disable
 .text.runtime_init_spin_locks_reset
                0x1000168c        0x8 CMakeFiles/hello_serial.dir/Users/brianlesko/.pico-sdk/sdk/2.0.0/src/rp2_common/pico_runtime_init/runtime_init.c.obj
                0x1000168c                runtime_init_spin_locks_reset
 .text.runtime_init_install_ram_vector_table
                0x10001694       0x1c CMakeFiles/hello_serial.dir/Users/brianlesko/.pico-sdk/sdk/2.0.0/src/rp2_common/pico_runtime_init/runtime_init.c.obj
                0x10001694                runtime_init_install_ram_vector_table
 .text.start_all_ticks
                0x100016b0       0x28 CMakeFiles/hello_serial.dir/Users/brianlesko/.pico-sdk/sdk/2.0.0/src/rp2_common/pico_runtime_init/runtime_init_clocks.c.obj
 .text.runtime_init_clocks
                0x100016d8       0xcc CMakeFiles/hello_serial.dir/Users/brianlesko/.pico-sdk/sdk/2.0.0/src/rp2_common/pico_runtime_init/runtime_init_clocks.c.obj
                0x100016d8                runtime_init_clocks
 .text          0x100017a4       0x10 CMakeFiles/hello_serial.dir/Users/brianlesko/.pico-sdk/sdk/2.0.0/src/rp2_common/pico_bit_ops/bit_ops_aeabi.S.obj
 .text.rom_func_lookup
                0x100017b4       0x10 CMakeFiles/hello_serial.dir/Users/brianlesko/.pico-sdk/sdk/2.0.0/src/rp2_common/pico_bootrom/bootrom.c.obj
                0x100017b4                rom_func_lookup
 .text.rom_data_lookup
                0x100017c4       0x10 CMakeFiles/hello_serial.dir/Users/brianlesko/.pico-sdk/sdk/2.0.0/src/rp2_common/pico_bootrom/bootrom.c.obj
                0x100017c4                rom_data_lookup
 .text.rom_funcs_lookup
                0x100017d4       0x36 CMakeFiles/hello_serial.dir/Users/brianlesko/.pico-sdk/sdk/2.0.0/src/rp2_common/pico_bootrom/bootrom.c.obj
                0x100017d4                rom_funcs_lookup
 *fill*         0x1000180a        0x2 
 .text.rom_reset_usb_boot
                0x1000180c       0x18 CMakeFiles/hello_serial.dir/Users/brianlesko/.pico-sdk/sdk/2.0.0/src/rp2_common/pico_bootrom/bootrom.c.obj
                0x1000180c                rom_reset_usb_boot
 .text.__wrap___aeabi_idiv
                0x10001824       0x50 CMakeFiles/hello_serial.dir/Users/brianlesko/.pico-sdk/sdk/2.0.0/src/rp2_common/pico_divider/divider_hardware.S.obj
                0x10001824                __wrap___aeabi_idivmod
                0x10001824                divmod_s32s32
                0x10001824                div_s32s32
                0x10001824                __wrap___aeabi_idiv
                0x1000182c                divmod_s32s32_unsafe
                0x10001858                divmod_s32s32_savestate
 .text.__wrap___aeabi_uidiv
                0x10001874       0x4c CMakeFiles/hello_serial.dir/Users/brianlesko/.pico-sdk/sdk/2.0.0/src/rp2_common/pico_divider/divider_hardware.S.obj
                0x10001874                __wrap___aeabi_uidiv
                0x10001874                __wrap___aeabi_uidivmod
                0x10001874                div_u32u32
                0x10001874                divmod_u32u32
                0x1000187c                divmod_u32u32_unsafe
                0x100018a4                divmod_u32u32_savestate
 .text.__wrap___aeabi_ldiv
                0x100018c0      0x424 CMakeFiles/hello_serial.dir/Users/brianlesko/.pico-sdk/sdk/2.0.0/src/rp2_common/pico_divider/divider_hardware.S.obj
                0x100018c0                __wrap___aeabi_ldivmod
                0x100018c0                div_s64s64
                0x100018c0                divmod_s64s64
                0x100018f0                divmod_u64u64
                0x100018f0                div_u64u64
                0x100018f0                __wrap___aeabi_uldivmod
                0x10001900                divmod_u64u64_savestate
                0x10001920                divmod_s64s64_unsafe
                0x100019a8                divmod_u64u64_unsafe
 .text.__wrap___aeabi_darithmetic
                0x10001ce4       0x80 CMakeFiles/hello_serial.dir/Users/brianlesko/.pico-sdk/sdk/2.0.0/src/rp2_common/pico_double/double_aeabi_rp2040.S.obj
                0x10001ce4                __wrap___aeabi_drsub
                0x10001cea                __wrap___aeabi_dsub
                0x10001cfc                __wrap___aeabi_dadd
                0x10001d0e                __wrap___aeabi_ddiv
                0x10001d4a                __wrap___aeabi_dmul
 .text.__wrap___aeabi_cdcmple
                0x10001d64       0x6c CMakeFiles/hello_serial.dir/Users/brianlesko/.pico-sdk/sdk/2.0.0/src/rp2_common/pico_double/double_aeabi_rp2040.S.obj
                0x10001d64                __wrap___aeabi_cdrcmple
                0x10001d74                __wrap___aeabi_cdcmple
                0x10001d74                __wrap___aeabi_cdcmpeq
 .text.__wrap___aeabi_dcmplt
                0x10001dd0        0xc CMakeFiles/hello_serial.dir/Users/brianlesko/.pico-sdk/sdk/2.0.0/src/rp2_common/pico_double/double_aeabi_rp2040.S.obj
                0x10001dd0                __wrap___aeabi_dcmplt
 .text.__wrap___aeabi_dcmple
                0x10001ddc       0x10 CMakeFiles/hello_serial.dir/Users/brianlesko/.pico-sdk/sdk/2.0.0/src/rp2_common/pico_double/double_aeabi_rp2040.S.obj
                0x10001ddc                __wrap___aeabi_dcmple
 .text.__wrap___aeabi_dcmpge
                0x10001dec       0x10 CMakeFiles/hello_serial.dir/Users/brianlesko/.pico-sdk/sdk/2.0.0/src/rp2_common/pico_double/double_aeabi_rp2040.S.obj
                0x10001dec                __wrap___aeabi_dcmpge
 .text.__wrap___aeabi_dcmpgt
                0x10001dfc        0xa CMakeFiles/hello_serial.dir/Users/brianlesko/.pico-sdk/sdk/2.0.0/src/rp2_common/pico_double/double_aeabi_rp2040.S.obj
                0x10001dfc                __wrap___aeabi_dcmpgt
 .text.__wrap___aeabi_dcmpun
                0x10001e06       0x18 CMakeFiles/hello_serial.dir/Users/brianlesko/.pico-sdk/sdk/2.0.0/src/rp2_common/pico_double/double_aeabi_rp2040.S.obj
                0x10001e06                __wrap___aeabi_dcmpun
 *fill*         0x10001e1e        0x2 
 .text.__wrap___aeabi_i2d
                0x10001e20       0x38 CMakeFiles/hello_serial.dir/Users/brianlesko/.pico-sdk/sdk/2.0.0/src/rp2_common/pico_double/double_aeabi_rp2040.S.obj
                0x10001e20                __wrap___aeabi_ui2d
                0x10001e28                __wrap___aeabi_i2d
 .text.__wrap___aeabi_d2iz
                0x10001e58       0x48 CMakeFiles/hello_serial.dir/Users/brianlesko/.pico-sdk/sdk/2.0.0/src/rp2_common/pico_double/double_aeabi_rp2040.S.obj
                0x10001e58                __wrap___aeabi_d2iz
                0x10001e58                double2int_z
 .text.__wrap___aeabi_d2uiz
                0x10001ea0       0x18 CMakeFiles/hello_serial.dir/Users/brianlesko/.pico-sdk/sdk/2.0.0/src/rp2_common/pico_double/double_aeabi_rp2040.S.obj
                0x10001ea0                double2uint
                0x10001ea0                __wrap___aeabi_d2uiz
 .text.__aeabi_double_init
                0x10001eb8       0xcc CMakeFiles/hello_serial.dir/Users/brianlesko/.pico-sdk/sdk/2.0.0/src/rp2_common/pico_double/double_init_rom_rp2040.c.obj
                0x10001eb8                __aeabi_double_init
 .text.double_table_shim_on_use_helper
                0x10001f84       0x34 CMakeFiles/hello_serial.dir/Users/brianlesko/.pico-sdk/sdk/2.0.0/src/rp2_common/pico_double/double_v1_rom_shim_rp2040.S.obj
                0x10001f84                double_table_shim_on_use_helper
 .text.__wrap___aeabi_dsub
                0x10001fb8       0x10 CMakeFiles/hello_serial.dir/Users/brianlesko/.pico-sdk/sdk/2.0.0/src/rp2_common/pico_double/double_v1_rom_shim_rp2040.S.obj
                0x10001fb8                drsub_shim
                0x10001fbe                dsub_shim
 .text.dadd_shim
                0x10001fc8      0x15c CMakeFiles/hello_serial.dir/Users/brianlesko/.pico-sdk/sdk/2.0.0/src/rp2_common/pico_double/double_v1_rom_shim_rp2040.S.obj
                0x10001fc8                dadd_shim
 .text.dmul_shim
                0x10002124      0x15c CMakeFiles/hello_serial.dir/Users/brianlesko/.pico-sdk/sdk/2.0.0/src/rp2_common/pico_double/double_v1_rom_shim_rp2040.S.obj
                0x10002124                dmul_shim
 .text.ddiv_shim
                0x10002280      0x1b0 CMakeFiles/hello_serial.dir/Users/brianlesko/.pico-sdk/sdk/2.0.0/src/rp2_common/pico_double/double_v1_rom_shim_rp2040.S.obj
                0x10002280                ddiv_shim
 .text.double2uint_shim
                0x10002430        0xe CMakeFiles/hello_serial.dir/Users/brianlesko/.pico-sdk/sdk/2.0.0/src/rp2_common/pico_double/double_v1_rom_shim_rp2040.S.obj
                0x10002430                double2uint_shim
                0x10002432                double2ufix_shim
 *fill*         0x1000243e        0x2 
 .text.double2uint64_shim
                0x10002440       0x70 CMakeFiles/hello_serial.dir/Users/brianlesko/.pico-sdk/sdk/2.0.0/src/rp2_common/pico_double/double_v1_rom_shim_rp2040.S.obj
                0x10002440                double2uint64_shim
                0x10002442                double2ufix64_shim
                0x10002462                d2fix_a
 .text.dunpacks
                0x100024b0       0x3c CMakeFiles/hello_serial.dir/Users/brianlesko/.pico-sdk/sdk/2.0.0/src/rp2_common/pico_double/double_v1_rom_shim_rp2040.S.obj
                0x100024b0                dunpacks
 .text.__aeabi_lmul
                0x100024ec       0x32 CMakeFiles/hello_serial.dir/Users/brianlesko/.pico-sdk/sdk/2.0.0/src/rp2_common/pico_int64_ops/pico_int64_ops_aeabi.S.obj
                0x100024ec                __wrap___aeabi_lmul
 *fill*         0x1000251e        0x2 
 .text.__aeabi_float_init
                0x10002520       0xfc CMakeFiles/hello_serial.dir/Users/brianlesko/.pico-sdk/sdk/2.0.0/src/rp2_common/pico_float/float_init_rom_rp2040.c.obj
                0x10002520                __aeabi_float_init
 .text.float_table_shim_on_use_helper
                0x1000261c       0x34 CMakeFiles/hello_serial.dir/Users/brianlesko/.pico-sdk/sdk/2.0.0/src/rp2_common/pico_float/float_v1_rom_shim_rp2040.S.obj
                0x1000261c                float_table_shim_on_use_helper
 .text          0x10002650       0x10 CMakeFiles/hello_serial.dir/Users/brianlesko/.pico-sdk/sdk/2.0.0/src/rp2_common/pico_mem_ops/mem_ops_aeabi.S.obj
                0x10002650                __aeabi_mem_init
 .text.memset   0x10002660        0xc CMakeFiles/hello_serial.dir/Users/brianlesko/.pico-sdk/sdk/2.0.0/src/rp2_common/pico_mem_ops/mem_ops_aeabi.S.obj
                0x10002660                __wrap_memset
 .text.memcpy   0x1000266c        0xc CMakeFiles/hello_serial.dir/Users/brianlesko/.pico-sdk/sdk/2.0.0/src/rp2_common/pico_mem_ops/mem_ops_aeabi.S.obj
                0x1000266c                __wrap___aeabi_memcpy
                0x1000266c                __wrap_memcpy
 .text._out_null
                0x10002678        0x2 CMakeFiles/hello_serial.dir/Users/brianlesko/.pico-sdk/sdk/2.0.0/src/rp2_common/pico_printf/printf.c.obj
 .text._out_fct
                0x1000267a        0xe CMakeFiles/hello_serial.dir/Users/brianlesko/.pico-sdk/sdk/2.0.0/src/rp2_common/pico_printf/printf.c.obj
 .text._atoi    0x10002688       0x24 CMakeFiles/hello_serial.dir/Users/brianlesko/.pico-sdk/sdk/2.0.0/src/rp2_common/pico_printf/printf.c.obj
 .text._out_rev
                0x100026ac       0xae CMakeFiles/hello_serial.dir/Users/brianlesko/.pico-sdk/sdk/2.0.0/src/rp2_common/pico_printf/printf.c.obj
 .text._ntoa_format
                0x1000275a      0x110 CMakeFiles/hello_serial.dir/Users/brianlesko/.pico-sdk/sdk/2.0.0/src/rp2_common/pico_printf/printf.c.obj
 .text._ntoa_long
                0x1000286a       0xbc CMakeFiles/hello_serial.dir/Users/brianlesko/.pico-sdk/sdk/2.0.0/src/rp2_common/pico_printf/printf.c.obj
 .text._ntoa_long_long
                0x10002926      0x10e CMakeFiles/hello_serial.dir/Users/brianlesko/.pico-sdk/sdk/2.0.0/src/rp2_common/pico_printf/printf.c.obj
 .text._etoa    0x10002a34      0x420 CMakeFiles/hello_serial.dir/Users/brianlesko/.pico-sdk/sdk/2.0.0/src/rp2_common/pico_printf/printf.c.obj
 .text._ftoa    0x10002e54      0x354 CMakeFiles/hello_serial.dir/Users/brianlesko/.pico-sdk/sdk/2.0.0/src/rp2_common/pico_printf/printf.c.obj
 .text._vsnprintf
                0x100031a8      0x668 CMakeFiles/hello_serial.dir/Users/brianlesko/.pico-sdk/sdk/2.0.0/src/rp2_common/pico_printf/printf.c.obj
 .text.vfctprintf
                0x10003810       0x20 CMakeFiles/hello_serial.dir/Users/brianlesko/.pico-sdk/sdk/2.0.0/src/rp2_common/pico_printf/printf.c.obj
                0x10003810                vfctprintf
 .text._exit    0x10003830        0x4 CMakeFiles/hello_serial.dir/Users/brianlesko/.pico-sdk/sdk/2.0.0/src/rp2_common/pico_clib_interface/newlib_interface.c.obj
                0x10003830                _exit
 .text.exit     0x10003834        0x6 CMakeFiles/hello_serial.dir/Users/brianlesko/.pico-sdk/sdk/2.0.0/src/rp2_common/pico_clib_interface/newlib_interface.c.obj
                0x10003834                exit
 *fill*         0x1000383a        0x2 
 .text.__assert_func
                0x1000383c       0x38 CMakeFiles/hello_serial.dir/Users/brianlesko/.pico-sdk/sdk/2.0.0/src/rp2_common/pico_clib_interface/newlib_interface.c.obj
                0x1000383c                __assert_func
 .text.runtime_init
                0x10003874       0x28 CMakeFiles/hello_serial.dir/Users/brianlesko/.pico-sdk/sdk/2.0.0/src/rp2_common/pico_clib_interface/newlib_interface.c.obj
                0x10003874                runtime_init
 .text.stdio_out_chars_no_crlf
                0x1000389c        0xe CMakeFiles/hello_serial.dir/Users/brianlesko/.pico-sdk/sdk/2.0.0/src/rp2_common/pico_stdio/stdio.c.obj
 *fill*         0x100038aa        0x2 
 .text.stdio_out_chars_crlf
                0x100038ac       0x80 CMakeFiles/hello_serial.dir/Users/brianlesko/.pico-sdk/sdk/2.0.0/src/rp2_common/pico_stdio/stdio.c.obj
 .text.stdio_stack_buffer_flush
                0x1000392c       0x44 CMakeFiles/hello_serial.dir/Users/brianlesko/.pico-sdk/sdk/2.0.0/src/rp2_common/pico_stdio/stdio.c.obj
 .text.stdio_buffered_printer
                0x10003970       0x20 CMakeFiles/hello_serial.dir/Users/brianlesko/.pico-sdk/sdk/2.0.0/src/rp2_common/pico_stdio/stdio.c.obj
 .text.stdout_serialize_begin
                0x10003990       0x30 CMakeFiles/hello_serial.dir/Users/brianlesko/.pico-sdk/sdk/2.0.0/src/rp2_common/pico_stdio/stdio.c.obj
                0x10003990                stdout_serialize_begin
 .text.stdout_serialize_end
                0x100039c0       0x10 CMakeFiles/hello_serial.dir/Users/brianlesko/.pico-sdk/sdk/2.0.0/src/rp2_common/pico_stdio/stdio.c.obj
                0x100039c0                stdout_serialize_end
 .text.stdio_put_string
                0x100039d0       0x94 CMakeFiles/hello_serial.dir/Users/brianlesko/.pico-sdk/sdk/2.0.0/src/rp2_common/pico_stdio/stdio.c.obj
                0x100039d0                stdio_put_string
 .text.stdio_get_until
                0x10003a64       0x74 CMakeFiles/hello_serial.dir/Users/brianlesko/.pico-sdk/sdk/2.0.0/src/rp2_common/pico_stdio/stdio.c.obj
                0x10003a64                stdio_get_until
 .text.stdio_set_driver_enabled
                0x10003ad8       0x2c CMakeFiles/hello_serial.dir/Users/brianlesko/.pico-sdk/sdk/2.0.0/src/rp2_common/pico_stdio/stdio.c.obj
                0x10003ad8                stdio_set_driver_enabled
 .text.stdio_flush
                0x10003b04       0x20 CMakeFiles/hello_serial.dir/Users/brianlesko/.pico-sdk/sdk/2.0.0/src/rp2_common/pico_stdio/stdio.c.obj
                0x10003b04                stdio_flush
 .text.stdio_init_all
                0x10003b24        0x8 CMakeFiles/hello_serial.dir/Users/brianlesko/.pico-sdk/sdk/2.0.0/src/rp2_common/pico_stdio/stdio.c.obj
                0x10003b24                stdio_init_all
 .text.stdio_getchar_timeout_us
                0x10003b2c       0x54 CMakeFiles/hello_serial.dir/Users/brianlesko/.pico-sdk/sdk/2.0.0/src/rp2_common/pico_stdio/stdio.c.obj
                0x10003b2c                stdio_getchar_timeout_us
 .text.__wrap_puts
                0x10003b80       0x1e CMakeFiles/hello_serial.dir/Users/brianlesko/.pico-sdk/sdk/2.0.0/src/rp2_common/pico_stdio/stdio.c.obj
                0x10003b80                __wrap_puts
                0x10003b80                stdio_puts
 *fill*         0x10003b9e        0x2 
 .text.__wrap_vprintf
                0x10003ba0       0x40 CMakeFiles/hello_serial.dir/Users/brianlesko/.pico-sdk/sdk/2.0.0/src/rp2_common/pico_stdio/stdio.c.obj
                0x10003ba0                __wrap_vprintf
                0x10003ba0                stdio_vprintf
 .text.__wrap_printf
                0x10003be0       0x18 CMakeFiles/hello_serial.dir/Users/brianlesko/.pico-sdk/sdk/2.0.0/src/rp2_common/pico_stdio/stdio.c.obj
                0x10003be0                stdio_printf
                0x10003be0                __wrap_printf
 .text.resetd_init
                0x10003bf8        0x2 CMakeFiles/hello_serial.dir/Users/brianlesko/.pico-sdk/sdk/2.0.0/src/rp2_common/pico_stdio_usb/reset_interface.c.obj
 *fill*         0x10003bfa        0x2 
 .text.resetd_reset
                0x10003bfc        0xc CMakeFiles/hello_serial.dir/Users/brianlesko/.pico-sdk/sdk/2.0.0/src/rp2_common/pico_stdio_usb/reset_interface.c.obj
 .text.resetd_open
                0x10003c08       0x34 CMakeFiles/hello_serial.dir/Users/brianlesko/.pico-sdk/sdk/2.0.0/src/rp2_common/pico_stdio_usb/reset_interface.c.obj
 .text.resetd_xfer_cb
                0x10003c3c        0x4 CMakeFiles/hello_serial.dir/Users/brianlesko/.pico-sdk/sdk/2.0.0/src/rp2_common/pico_stdio_usb/reset_interface.c.obj
 .text.resetd_control_xfer_cb
                0x10003c40       0x5c CMakeFiles/hello_serial.dir/Users/brianlesko/.pico-sdk/sdk/2.0.0/src/rp2_common/pico_stdio_usb/reset_interface.c.obj
 .text.tud_descriptor_bos_cb
                0x10003c9c        0x8 CMakeFiles/hello_serial.dir/Users/brianlesko/.pico-sdk/sdk/2.0.0/src/rp2_common/pico_stdio_usb/reset_interface.c.obj
                0x10003c9c                tud_descriptor_bos_cb
 .text.tud_vendor_control_xfer_cb
                0x10003ca4       0x38 CMakeFiles/hello_serial.dir/Users/brianlesko/.pico-sdk/sdk/2.0.0/src/rp2_common/pico_stdio_usb/reset_interface.c.obj
                0x10003ca4                tud_vendor_control_xfer_cb
 .text.usbd_app_driver_get_cb
                0x10003cdc        0xc CMakeFiles/hello_serial.dir/Users/brianlesko/.pico-sdk/sdk/2.0.0/src/rp2_common/pico_stdio_usb/reset_interface.c.obj
                0x10003cdc                usbd_app_driver_get_cb
 .text.tud_cdc_line_coding_cb
                0x10003ce8       0x28 CMakeFiles/hello_serial.dir/Users/brianlesko/.pico-sdk/sdk/2.0.0/src/rp2_common/pico_stdio_usb/reset_interface.c.obj
                0x10003ce8                tud_cdc_line_coding_cb
 .text.stdio_usb_set_chars_available_callback
                0x10003d10       0x14 CMakeFiles/hello_serial.dir/Users/brianlesko/.pico-sdk/sdk/2.0.0/src/rp2_common/pico_stdio_usb/stdio_usb.c.obj
                0x10003d10                stdio_usb_set_chars_available_callback
 .text.stdio_usb_out_flush
                0x10003d24       0x4c CMakeFiles/hello_serial.dir/Users/brianlesko/.pico-sdk/sdk/2.0.0/src/rp2_common/pico_stdio_usb/stdio_usb.c.obj
 .text.usb_irq  0x10003d70       0x10 CMakeFiles/hello_serial.dir/Users/brianlesko/.pico-sdk/sdk/2.0.0/src/rp2_common/pico_stdio_usb/stdio_usb.c.obj
 .text.critical_section_enter_blocking
                0x10003d80       0x16 CMakeFiles/hello_serial.dir/Users/brianlesko/.pico-sdk/sdk/2.0.0/src/rp2_common/pico_stdio_usb/stdio_usb.c.obj
 *fill*         0x10003d96        0x2 
 .text.timer_task
                0x10003d98       0x60 CMakeFiles/hello_serial.dir/Users/brianlesko/.pico-sdk/sdk/2.0.0/src/rp2_common/pico_stdio_usb/stdio_usb.c.obj
 .text.alarm_pool_add_alarm_in_us
                0x10003df8       0x40 CMakeFiles/hello_serial.dir/Users/brianlesko/.pico-sdk/sdk/2.0.0/src/rp2_common/pico_stdio_usb/stdio_usb.c.obj
 .text.add_alarm_in_us
                0x10003e38       0x2e CMakeFiles/hello_serial.dir/Users/brianlesko/.pico-sdk/sdk/2.0.0/src/rp2_common/pico_stdio_usb/stdio_usb.c.obj
 *fill*         0x10003e66        0x2 
 .text.low_priority_worker_irq
                0x10003e68       0xa0 CMakeFiles/hello_serial.dir/Users/brianlesko/.pico-sdk/sdk/2.0.0/src/rp2_common/pico_stdio_usb/stdio_usb.c.obj
 .text.stdio_usb_init
                0x10003f08       0xdc CMakeFiles/hello_serial.dir/Users/brianlesko/.pico-sdk/sdk/2.0.0/src/rp2_common/pico_stdio_usb/stdio_usb.c.obj
                0x10003f08                stdio_usb_init
 .text.stdio_usb_connected
                0x10003fe4        0xa CMakeFiles/hello_serial.dir/Users/brianlesko/.pico-sdk/sdk/2.0.0/src/rp2_common/pico_stdio_usb/stdio_usb.c.obj
                0x10003fe4                stdio_usb_connected
 *fill*         0x10003fee        0x2 
 .text.stdio_usb_in_chars
                0x10003ff0       0x98 CMakeFiles/hello_serial.dir/Users/brianlesko/.pico-sdk/sdk/2.0.0/src/rp2_common/pico_stdio_usb/stdio_usb.c.obj
                0x10003ff0                stdio_usb_in_chars
 .text.stdio_usb_out_chars
                0x10004088       0xe8 CMakeFiles/hello_serial.dir/Users/brianlesko/.pico-sdk/sdk/2.0.0/src/rp2_common/pico_stdio_usb/stdio_usb.c.obj
 .text.tud_descriptor_device_cb
                0x10004170        0x8 CMakeFiles/hello_serial.dir/Users/brianlesko/.pico-sdk/sdk/2.0.0/src/rp2_common/pico_stdio_usb/stdio_usb_descriptors.c.obj
                0x10004170                tud_descriptor_device_cb
 .text.tud_descriptor_configuration_cb
                0x10004178        0x8 CMakeFiles/hello_serial.dir/Users/brianlesko/.pico-sdk/sdk/2.0.0/src/rp2_common/pico_stdio_usb/stdio_usb_descriptors.c.obj
                0x10004178                tud_descriptor_configuration_cb
 .text.tud_descriptor_string_cb
                0x10004180       0x6c CMakeFiles/hello_serial.dir/Users/brianlesko/.pico-sdk/sdk/2.0.0/src/rp2_common/pico_stdio_usb/stdio_usb_descriptors.c.obj
                0x10004180                tud_descriptor_string_cb
 .text._retrieve_unique_id_on_boot
                0x100041ec       0x10 CMakeFiles/hello_serial.dir/Users/brianlesko/.pico-sdk/sdk/2.0.0/src/rp2_common/pico_unique_id/unique_id.c.obj
 .text.pico_get_unique_board_id_string
                0x100041fc       0x5c CMakeFiles/hello_serial.dir/Users/brianlesko/.pico-sdk/sdk/2.0.0/src/rp2_common/pico_unique_id/unique_id.c.obj
                0x100041fc                pico_get_unique_board_id_string
 .text.flash_get_unique_id
                0x10004258       0x40 CMakeFiles/hello_serial.dir/Users/brianlesko/.pico-sdk/sdk/2.0.0/src/rp2_common/hardware_flash/flash.c.obj
                0x10004258                flash_get_unique_id
 .text._hw_endpoint_alloc
                0x10004298       0x70 CMakeFiles/hello_serial.dir/Users/brianlesko/.pico-sdk/sdk/2.0.0/lib/tinyusb/src/portable/raspberrypi/rp2040/dcd_rp2040.c.obj
 .text.hw_endpoint_init
                0x10004308       0xbc CMakeFiles/hello_serial.dir/Users/brianlesko/.pico-sdk/sdk/2.0.0/lib/tinyusb/src/portable/raspberrypi/rp2040/dcd_rp2040.c.obj
 .text.hw_endpoint_xfer
                0x100043c4       0x20 CMakeFiles/hello_serial.dir/Users/brianlesko/.pico-sdk/sdk/2.0.0/lib/tinyusb/src/portable/raspberrypi/rp2040/dcd_rp2040.c.obj
 .text.dcd_int_enable
                0x100043e4       0x2c CMakeFiles/hello_serial.dir/Users/brianlesko/.pico-sdk/sdk/2.0.0/lib/tinyusb/src/portable/raspberrypi/rp2040/dcd_rp2040.c.obj
                0x100043e4                dcd_int_enable
 .text.dcd_set_address
                0x10004410       0x2c CMakeFiles/hello_serial.dir/Users/brianlesko/.pico-sdk/sdk/2.0.0/lib/tinyusb/src/portable/raspberrypi/rp2040/dcd_rp2040.c.obj
                0x10004410                dcd_set_address
 .text.dcd_connect
                0x1000443c       0x10 CMakeFiles/hello_serial.dir/Users/brianlesko/.pico-sdk/sdk/2.0.0/lib/tinyusb/src/portable/raspberrypi/rp2040/dcd_rp2040.c.obj
                0x1000443c                dcd_connect
 .text.dcd_init
                0x1000444c       0x80 CMakeFiles/hello_serial.dir/Users/brianlesko/.pico-sdk/sdk/2.0.0/lib/tinyusb/src/portable/raspberrypi/rp2040/dcd_rp2040.c.obj
                0x1000444c                dcd_init
 .text.dcd_sof_enable
                0x100044cc       0x1c CMakeFiles/hello_serial.dir/Users/brianlesko/.pico-sdk/sdk/2.0.0/lib/tinyusb/src/portable/raspberrypi/rp2040/dcd_rp2040.c.obj
                0x100044cc                dcd_sof_enable
 .text.dcd_edpt0_status_complete
                0x100044e8       0x1c CMakeFiles/hello_serial.dir/Users/brianlesko/.pico-sdk/sdk/2.0.0/lib/tinyusb/src/portable/raspberrypi/rp2040/dcd_rp2040.c.obj
                0x100044e8                dcd_edpt0_status_complete
 .text.dcd_edpt_open
                0x10004504       0x40 CMakeFiles/hello_serial.dir/Users/brianlesko/.pico-sdk/sdk/2.0.0/lib/tinyusb/src/portable/raspberrypi/rp2040/dcd_rp2040.c.obj
                0x10004504                dcd_edpt_open
 .text.dcd_edpt_close_all
                0x10004544        0x8 CMakeFiles/hello_serial.dir/Users/brianlesko/.pico-sdk/sdk/2.0.0/lib/tinyusb/src/portable/raspberrypi/rp2040/dcd_rp2040.c.obj
                0x10004544                dcd_edpt_close_all
 .text.dcd_edpt_xfer
                0x1000454c       0x30 CMakeFiles/hello_serial.dir/Users/brianlesko/.pico-sdk/sdk/2.0.0/lib/tinyusb/src/portable/raspberrypi/rp2040/dcd_rp2040.c.obj
                0x1000454c                dcd_edpt_xfer
 .text.dcd_edpt_stall
                0x1000457c       0x3c CMakeFiles/hello_serial.dir/Users/brianlesko/.pico-sdk/sdk/2.0.0/lib/tinyusb/src/portable/raspberrypi/rp2040/dcd_rp2040.c.obj
                0x1000457c                dcd_edpt_stall
 .text.dcd_edpt_clear_stall
                0x100045b8       0x30 CMakeFiles/hello_serial.dir/Users/brianlesko/.pico-sdk/sdk/2.0.0/lib/tinyusb/src/portable/raspberrypi/rp2040/dcd_rp2040.c.obj
                0x100045b8                dcd_edpt_clear_stall
 .text.unaligned_memcpy
                0x100045e8       0x14 CMakeFiles/hello_serial.dir/Users/brianlesko/.pico-sdk/sdk/2.0.0/lib/tinyusb/src/portable/raspberrypi/rp2040/rp2040_usb.c.obj
 .text.rp2040_usb_init
                0x100045fc       0x44 CMakeFiles/hello_serial.dir/Users/brianlesko/.pico-sdk/sdk/2.0.0/lib/tinyusb/src/portable/raspberrypi/rp2040/rp2040_usb.c.obj
                0x100045fc                rp2040_usb_init
 .text.hw_endpoint_xfer_start
                0x10004640       0x60 CMakeFiles/hello_serial.dir/Users/brianlesko/.pico-sdk/sdk/2.0.0/lib/tinyusb/src/portable/raspberrypi/rp2040/rp2040_usb.c.obj
                0x10004640                hw_endpoint_xfer_start
 .text.configuration_reset
                0x100046a0       0x84 CMakeFiles/hello_serial.dir/Users/brianlesko/.pico-sdk/sdk/2.0.0/lib/tinyusb/src/device/usbd.c.obj
 .text.critical_section_enter_blocking
                0x10004724       0x16 CMakeFiles/hello_serial.dir/Users/brianlesko/.pico-sdk/sdk/2.0.0/lib/tinyusb/src/device/usbd.c.obj
 .text.usbd_reset
                0x1000473a        0xc CMakeFiles/hello_serial.dir/Users/brianlesko/.pico-sdk/sdk/2.0.0/lib/tinyusb/src/device/usbd.c.obj
 .text.invoke_class_control
                0x10004746       0x1a CMakeFiles/hello_serial.dir/Users/brianlesko/.pico-sdk/sdk/2.0.0/lib/tinyusb/src/device/usbd.c.obj
 .text.process_set_config
                0x10004760      0x1b0 CMakeFiles/hello_serial.dir/Users/brianlesko/.pico-sdk/sdk/2.0.0/lib/tinyusb/src/device/usbd.c.obj
 .text.tud_event_hook_cb
                0x10004910        0x2 CMakeFiles/hello_serial.dir/Users/brianlesko/.pico-sdk/sdk/2.0.0/lib/tinyusb/src/device/usbd.c.obj
                0x10004910                tud_event_hook_cb
 .text.tud_sof_cb
                0x10004912        0x2 CMakeFiles/hello_serial.dir/Users/brianlesko/.pico-sdk/sdk/2.0.0/lib/tinyusb/src/device/usbd.c.obj
                0x10004912                tud_sof_cb
 .text.tud_descriptor_device_qualifier_cb
                0x10004914        0x4 CMakeFiles/hello_serial.dir/Users/brianlesko/.pico-sdk/sdk/2.0.0/lib/tinyusb/src/device/usbd.c.obj
                0x10004914                tud_descriptor_device_qualifier_cb
 .text.tud_descriptor_other_speed_configuration_cb
                0x10004918        0x4 CMakeFiles/hello_serial.dir/Users/brianlesko/.pico-sdk/sdk/2.0.0/lib/tinyusb/src/device/usbd.c.obj
                0x10004918                tud_descriptor_other_speed_configuration_cb
 .text.process_get_descriptor
                0x1000491c       0xe0 CMakeFiles/hello_serial.dir/Users/brianlesko/.pico-sdk/sdk/2.0.0/lib/tinyusb/src/device/usbd.c.obj
 .text.tud_mount_cb
                0x100049fc        0x2 CMakeFiles/hello_serial.dir/Users/brianlesko/.pico-sdk/sdk/2.0.0/lib/tinyusb/src/device/usbd.c.obj
                0x100049fc                tud_mount_cb
 .text.tud_umount_cb
                0x100049fe        0x2 CMakeFiles/hello_serial.dir/Users/brianlesko/.pico-sdk/sdk/2.0.0/lib/tinyusb/src/device/usbd.c.obj
                0x100049fe                tud_umount_cb
 .text.tud_suspend_cb
                0x10004a00        0x2 CMakeFiles/hello_serial.dir/Users/brianlesko/.pico-sdk/sdk/2.0.0/lib/tinyusb/src/device/usbd.c.obj
                0x10004a00                tud_suspend_cb
 .text.tud_resume_cb
                0x10004a02        0x2 CMakeFiles/hello_serial.dir/Users/brianlesko/.pico-sdk/sdk/2.0.0/lib/tinyusb/src/device/usbd.c.obj
                0x10004a02                tud_resume_cb
 .text.tud_mounted
                0x10004a04       0x10 CMakeFiles/hello_serial.dir/Users/brianlesko/.pico-sdk/sdk/2.0.0/lib/tinyusb/src/device/usbd.c.obj
                0x10004a04                tud_mounted
 .text.tud_suspended
                0x10004a14       0x10 CMakeFiles/hello_serial.dir/Users/brianlesko/.pico-sdk/sdk/2.0.0/lib/tinyusb/src/device/usbd.c.obj
                0x10004a14                tud_suspended
 .text.tud_inited
                0x10004a24       0x14 CMakeFiles/hello_serial.dir/Users/brianlesko/.pico-sdk/sdk/2.0.0/lib/tinyusb/src/device/usbd.c.obj
                0x10004a24                tud_inited
 .text.tud_init
                0x10004a38       0xdc CMakeFiles/hello_serial.dir/Users/brianlesko/.pico-sdk/sdk/2.0.0/lib/tinyusb/src/device/usbd.c.obj
                0x10004a38                tud_init
 .text.usbd_edpt_open
                0x10004b14       0x60 CMakeFiles/hello_serial.dir/Users/brianlesko/.pico-sdk/sdk/2.0.0/lib/tinyusb/src/device/usbd.c.obj
                0x10004b14                usbd_edpt_open
 .text.usbd_open_edpt_pair
                0x10004b74       0x8c CMakeFiles/hello_serial.dir/Users/brianlesko/.pico-sdk/sdk/2.0.0/lib/tinyusb/src/device/usbd.c.obj
                0x10004b74                usbd_open_edpt_pair
 .text.usbd_edpt_claim
                0x10004c00       0x28 CMakeFiles/hello_serial.dir/Users/brianlesko/.pico-sdk/sdk/2.0.0/lib/tinyusb/src/device/usbd.c.obj
                0x10004c00                usbd_edpt_claim
 .text.usbd_edpt_release
                0x10004c28       0x28 CMakeFiles/hello_serial.dir/Users/brianlesko/.pico-sdk/sdk/2.0.0/lib/tinyusb/src/device/usbd.c.obj
                0x10004c28                usbd_edpt_release
 .text.usbd_edpt_xfer
                0x10004c50       0x88 CMakeFiles/hello_serial.dir/Users/brianlesko/.pico-sdk/sdk/2.0.0/lib/tinyusb/src/device/usbd.c.obj
                0x10004c50                usbd_edpt_xfer
 .text.usbd_edpt_stall
                0x10004cd8       0x34 CMakeFiles/hello_serial.dir/Users/brianlesko/.pico-sdk/sdk/2.0.0/lib/tinyusb/src/device/usbd.c.obj
                0x10004cd8                usbd_edpt_stall
 .text.usbd_edpt_clear_stall
                0x10004d0c       0x34 CMakeFiles/hello_serial.dir/Users/brianlesko/.pico-sdk/sdk/2.0.0/lib/tinyusb/src/device/usbd.c.obj
                0x10004d0c                usbd_edpt_clear_stall
 .text.usbd_edpt_stalled
                0x10004d40       0x1c CMakeFiles/hello_serial.dir/Users/brianlesko/.pico-sdk/sdk/2.0.0/lib/tinyusb/src/device/usbd.c.obj
                0x10004d40                usbd_edpt_stalled
 .text.process_control_request
                0x10004d5c      0x390 CMakeFiles/hello_serial.dir/Users/brianlesko/.pico-sdk/sdk/2.0.0/lib/tinyusb/src/device/usbd.c.obj
 .text.tud_task_ext
                0x100050ec      0x1c8 CMakeFiles/hello_serial.dir/Users/brianlesko/.pico-sdk/sdk/2.0.0/lib/tinyusb/src/device/usbd.c.obj
                0x100050ec                tud_task_ext
 .text._status_stage_xact
                0x100052b4       0x1a CMakeFiles/hello_serial.dir/Users/brianlesko/.pico-sdk/sdk/2.0.0/lib/tinyusb/src/device/usbd_control.c.obj
 *fill*         0x100052ce        0x2 
 .text._data_stage_xact
                0x100052d0       0x60 CMakeFiles/hello_serial.dir/Users/brianlesko/.pico-sdk/sdk/2.0.0/lib/tinyusb/src/device/usbd_control.c.obj
 .text.tud_control_status
                0x10005330       0x28 CMakeFiles/hello_serial.dir/Users/brianlesko/.pico-sdk/sdk/2.0.0/lib/tinyusb/src/device/usbd_control.c.obj
                0x10005330                tud_control_status
 .text.tud_control_xfer
                0x10005358       0x98 CMakeFiles/hello_serial.dir/Users/brianlesko/.pico-sdk/sdk/2.0.0/lib/tinyusb/src/device/usbd_control.c.obj
                0x10005358                tud_control_xfer
 .text.usbd_control_reset
                0x100053f0       0x14 CMakeFiles/hello_serial.dir/Users/brianlesko/.pico-sdk/sdk/2.0.0/lib/tinyusb/src/device/usbd_control.c.obj
                0x100053f0                usbd_control_reset
 .text.usbd_control_set_complete_callback
                0x10005404        0xc CMakeFiles/hello_serial.dir/Users/brianlesko/.pico-sdk/sdk/2.0.0/lib/tinyusb/src/device/usbd_control.c.obj
                0x10005404                usbd_control_set_complete_callback
 .text.usbd_control_set_request
                0x10005410       0x1c CMakeFiles/hello_serial.dir/Users/brianlesko/.pico-sdk/sdk/2.0.0/lib/tinyusb/src/device/usbd_control.c.obj
                0x10005410                usbd_control_set_request
 .text.usbd_control_xfer_cb
                0x1000542c       0xe0 CMakeFiles/hello_serial.dir/Users/brianlesko/.pico-sdk/sdk/2.0.0/lib/tinyusb/src/device/usbd_control.c.obj
                0x1000542c                usbd_control_xfer_cb
 .text._prep_out_transaction
                0x1000550c       0x72 CMakeFiles/hello_serial.dir/Users/brianlesko/.pico-sdk/sdk/2.0.0/lib/tinyusb/src/class/cdc/cdc_device.c.obj
 *fill*         0x1000557e        0x2 
 .text.tud_cdc_n_connected
                0x10005580       0x38 CMakeFiles/hello_serial.dir/Users/brianlesko/.pico-sdk/sdk/2.0.0/lib/tinyusb/src/class/cdc/cdc_device.c.obj
                0x10005580                tud_cdc_n_connected
 .text.tud_cdc_n_available
                0x100055b8       0x18 CMakeFiles/hello_serial.dir/Users/brianlesko/.pico-sdk/sdk/2.0.0/lib/tinyusb/src/class/cdc/cdc_device.c.obj
                0x100055b8                tud_cdc_n_available
 .text.tud_cdc_n_read
                0x100055d0       0x38 CMakeFiles/hello_serial.dir/Users/brianlesko/.pico-sdk/sdk/2.0.0/lib/tinyusb/src/class/cdc/cdc_device.c.obj
                0x100055d0                tud_cdc_n_read
 .text.tud_cdc_n_write_flush
                0x10005608       0xcc CMakeFiles/hello_serial.dir/Users/brianlesko/.pico-sdk/sdk/2.0.0/lib/tinyusb/src/class/cdc/cdc_device.c.obj
                0x10005608                tud_cdc_n_write_flush
 .text.tud_cdc_n_write
                0x100056d4       0x48 CMakeFiles/hello_serial.dir/Users/brianlesko/.pico-sdk/sdk/2.0.0/lib/tinyusb/src/class/cdc/cdc_device.c.obj
                0x100056d4                tud_cdc_n_write
 .text.tud_cdc_n_write_available
                0x1000571c       0x1c CMakeFiles/hello_serial.dir/Users/brianlesko/.pico-sdk/sdk/2.0.0/lib/tinyusb/src/class/cdc/cdc_device.c.obj
                0x1000571c                tud_cdc_n_write_available
 .text.cdcd_init
                0x10005738       0xc0 CMakeFiles/hello_serial.dir/Users/brianlesko/.pico-sdk/sdk/2.0.0/lib/tinyusb/src/class/cdc/cdc_device.c.obj
                0x10005738                cdcd_init
 .text.cdcd_deinit
                0x100057f8       0x50 CMakeFiles/hello_serial.dir/Users/brianlesko/.pico-sdk/sdk/2.0.0/lib/tinyusb/src/class/cdc/cdc_device.c.obj
                0x100057f8                cdcd_deinit
 .text.cdcd_reset
                0x10005848       0x78 CMakeFiles/hello_serial.dir/Users/brianlesko/.pico-sdk/sdk/2.0.0/lib/tinyusb/src/class/cdc/cdc_device.c.obj
                0x10005848                cdcd_reset
 .text.cdcd_open
                0x100058c0       0xf0 CMakeFiles/hello_serial.dir/Users/brianlesko/.pico-sdk/sdk/2.0.0/lib/tinyusb/src/class/cdc/cdc_device.c.obj
                0x100058c0                cdcd_open
 .text.cdcd_control_xfer_cb
                0x100059b0      0x138 CMakeFiles/hello_serial.dir/Users/brianlesko/.pico-sdk/sdk/2.0.0/lib/tinyusb/src/class/cdc/cdc_device.c.obj
                0x100059b0                cdcd_control_xfer_cb
 .text.cdcd_xfer_cb
                0x10005ae8      0x144 CMakeFiles/hello_serial.dir/Users/brianlesko/.pico-sdk/sdk/2.0.0/lib/tinyusb/src/class/cdc/cdc_device.c.obj
                0x10005ae8                cdcd_xfer_cb
 .text._prep_out_transaction
                0x10005c2c       0x3a CMakeFiles/hello_serial.dir/Users/brianlesko/.pico-sdk/sdk/2.0.0/lib/tinyusb/src/class/vendor/vendor_device.c.obj
 *fill*         0x10005c66        0x2 
 .text.tud_vendor_n_write_flush
                0x10005c68       0xcc CMakeFiles/hello_serial.dir/Users/brianlesko/.pico-sdk/sdk/2.0.0/lib/tinyusb/src/class/vendor/vendor_device.c.obj
                0x10005c68                tud_vendor_n_write_flush
 .text.vendord_init
                0x10005d34       0xa0 CMakeFiles/hello_serial.dir/Users/brianlesko/.pico-sdk/sdk/2.0.0/lib/tinyusb/src/class/vendor/vendor_device.c.obj
                0x10005d34                vendord_init
 .text.vendord_deinit
                0x10005dd4       0x50 CMakeFiles/hello_serial.dir/Users/brianlesko/.pico-sdk/sdk/2.0.0/lib/tinyusb/src/class/vendor/vendor_device.c.obj
                0x10005dd4                vendord_deinit
 .text.vendord_reset
                0x10005e24       0x38 CMakeFiles/hello_serial.dir/Users/brianlesko/.pico-sdk/sdk/2.0.0/lib/tinyusb/src/class/vendor/vendor_device.c.obj
                0x10005e24                vendord_reset
 .text.vendord_open
                0x10005e5c       0xd0 CMakeFiles/hello_serial.dir/Users/brianlesko/.pico-sdk/sdk/2.0.0/lib/tinyusb/src/class/vendor/vendor_device.c.obj
                0x10005e5c                vendord_open
 .text.vendord_xfer_cb
                0x10005f2c       0xc8 CMakeFiles/hello_serial.dir/Users/brianlesko/.pico-sdk/sdk/2.0.0/lib/tinyusb/src/class/vendor/vendor_device.c.obj
                0x10005f2c                vendord_xfer_cb
 .text.tusb_init
                0x10005ff4       0x24 CMakeFiles/hello_serial.dir/Users/brianlesko/.pico-sdk/sdk/2.0.0/lib/tinyusb/src/tusb.c.obj
                0x10005ff4                tusb_init
 .text.tu_edpt_claim
                0x10006018       0x50 CMakeFiles/hello_serial.dir/Users/brianlesko/.pico-sdk/sdk/2.0.0/lib/tinyusb/src/tusb.c.obj
                0x10006018                tu_edpt_claim
 .text.tu_edpt_release
                0x10006068       0x38 CMakeFiles/hello_serial.dir/Users/brianlesko/.pico-sdk/sdk/2.0.0/lib/tinyusb/src/tusb.c.obj
                0x10006068                tu_edpt_release
 .text.tu_edpt_validate
                0x100060a0       0xac CMakeFiles/hello_serial.dir/Users/brianlesko/.pico-sdk/sdk/2.0.0/lib/tinyusb/src/tusb.c.obj
                0x100060a0                tu_edpt_validate
 .text.tu_edpt_bind_driver
                0x1000614c       0x26 CMakeFiles/hello_serial.dir/Users/brianlesko/.pico-sdk/sdk/2.0.0/lib/tinyusb/src/tusb.c.obj
                0x1000614c                tu_edpt_bind_driver
 .text.advance_index
                0x10006172       0x1a CMakeFiles/hello_serial.dir/Users/brianlesko/.pico-sdk/sdk/2.0.0/lib/tinyusb/src/common/tusb_fifo.c.obj
 .text._tu_fifo_peek
                0x1000618c       0x56 CMakeFiles/hello_serial.dir/Users/brianlesko/.pico-sdk/sdk/2.0.0/lib/tinyusb/src/common/tusb_fifo.c.obj
 .text._ff_pull_n
                0x100061e2       0x68 CMakeFiles/hello_serial.dir/Users/brianlesko/.pico-sdk/sdk/2.0.0/lib/tinyusb/src/common/tusb_fifo.c.obj
 .text._tu_fifo_peek_n
                0x1000624a       0x6a CMakeFiles/hello_serial.dir/Users/brianlesko/.pico-sdk/sdk/2.0.0/lib/tinyusb/src/common/tusb_fifo.c.obj
 .text._tu_fifo_read_n
                0x100062b4       0x4e CMakeFiles/hello_serial.dir/Users/brianlesko/.pico-sdk/sdk/2.0.0/lib/tinyusb/src/common/tusb_fifo.c.obj
 .text._ff_push_n
                0x10006302       0x68 CMakeFiles/hello_serial.dir/Users/brianlesko/.pico-sdk/sdk/2.0.0/lib/tinyusb/src/common/tusb_fifo.c.obj
 .text._tu_fifo_write_n
                0x1000636a       0xf0 CMakeFiles/hello_serial.dir/Users/brianlesko/.pico-sdk/sdk/2.0.0/lib/tinyusb/src/common/tusb_fifo.c.obj
 .text.tu_fifo_config
                0x1000645a       0x7c CMakeFiles/hello_serial.dir/Users/brianlesko/.pico-sdk/sdk/2.0.0/lib/tinyusb/src/common/tusb_fifo.c.obj
                0x1000645a                tu_fifo_config
 .text.tu_fifo_count
                0x100064d6       0x2a CMakeFiles/hello_serial.dir/Users/brianlesko/.pico-sdk/sdk/2.0.0/lib/tinyusb/src/common/tusb_fifo.c.obj
                0x100064d6                tu_fifo_count
 .text.tu_fifo_empty
                0x10006500        0xe CMakeFiles/hello_serial.dir/Users/brianlesko/.pico-sdk/sdk/2.0.0/lib/tinyusb/src/common/tusb_fifo.c.obj
                0x10006500                tu_fifo_empty
 .text.tu_fifo_full
                0x1000650e       0x28 CMakeFiles/hello_serial.dir/Users/brianlesko/.pico-sdk/sdk/2.0.0/lib/tinyusb/src/common/tusb_fifo.c.obj
                0x1000650e                tu_fifo_full
 .text.tu_fifo_remaining
                0x10006536       0x2c CMakeFiles/hello_serial.dir/Users/brianlesko/.pico-sdk/sdk/2.0.0/lib/tinyusb/src/common/tusb_fifo.c.obj
                0x10006536                tu_fifo_remaining
 .text.tu_fifo_read
                0x10006562       0x42 CMakeFiles/hello_serial.dir/Users/brianlesko/.pico-sdk/sdk/2.0.0/lib/tinyusb/src/common/tusb_fifo.c.obj
                0x10006562                tu_fifo_read
 .text.tu_fifo_read_n
                0x100065a4        0xa CMakeFiles/hello_serial.dir/Users/brianlesko/.pico-sdk/sdk/2.0.0/lib/tinyusb/src/common/tusb_fifo.c.obj
                0x100065a4                tu_fifo_read_n
 .text.tu_fifo_write
                0x100065ae       0x64 CMakeFiles/hello_serial.dir/Users/brianlesko/.pico-sdk/sdk/2.0.0/lib/tinyusb/src/common/tusb_fifo.c.obj
                0x100065ae                tu_fifo_write
 .text.tu_fifo_write_n
                0x10006612        0xa CMakeFiles/hello_serial.dir/Users/brianlesko/.pico-sdk/sdk/2.0.0/lib/tinyusb/src/common/tusb_fifo.c.obj
                0x10006612                tu_fifo_write_n
 .text.tu_fifo_clear
                0x1000661c       0x3e CMakeFiles/hello_serial.dir/Users/brianlesko/.pico-sdk/sdk/2.0.0/lib/tinyusb/src/common/tusb_fifo.c.obj
                0x1000661c                tu_fifo_clear
 .text.tu_fifo_set_overwritable
                0x1000665a       0x46 CMakeFiles/hello_serial.dir/Users/brianlesko/.pico-sdk/sdk/2.0.0/lib/tinyusb/src/common/tusb_fifo.c.obj
                0x1000665a                tu_fifo_set_overwritable
 .text.strlen   0x100066a0       0x5c /Users/brianlesko/.pico-sdk/toolchain/13_2_Rel1/bin/../lib/gcc/arm-none-eabi/13.2.1/../../../../arm-none-eabi/lib/thumb/v6-m/nofp/libg.a(libc_a-strlen-stub.o)
                0x100066a0                strlen
 *(.fini)
 .fini          0x100066fc        0x4 /Users/brianlesko/.pico-sdk/toolchain/13_2_Rel1/bin/../lib/gcc/arm-none-eabi/13.2.1/thumb/v6-m/nofp/crti.o
                0x100066fc                _fini
 .fini.__stub   0x10006700       0xd0 linker stubs
 *crtbegin.o(.ctors)
 *crtbegin?.o(.ctors)
 *(EXCLUDE_FILE(*crtend.o *crtend?.o) .ctors)
 *(SORT_BY_NAME(.ctors.*))
 *(.ctors)
 *crtbegin.o(.dtors)
 *crtbegin?.o(.dtors)
 *(EXCLUDE_FILE(*crtend.o *crtend?.o) .dtors)
 *(SORT_BY_NAME(.dtors.*))
 *(.dtors)
                0x100067d0                        . = ALIGN (0x4)
                0x100067d0                        PROVIDE (__preinit_array_start = .)
 *(SORT_BY_NAME(.preinit_array.*))
 .preinit_array.00100
                0x100067d0        0x4 CMakeFiles/hello_serial.dir/Users/brianlesko/.pico-sdk/sdk/2.0.0/src/rp2_common/pico_runtime_init/runtime_init.c.obj
                0x100067d0                __pre_init_runtime_init_early_resets
 .preinit_array.00101
                0x100067d4        0x4 CMakeFiles/hello_serial.dir/Users/brianlesko/.pico-sdk/sdk/2.0.0/src/rp2_common/pico_runtime_init/runtime_init.c.obj
                0x100067d4                __pre_init_runtime_init_usb_power_down
 .preinit_array.00275
                0x100067d8        0x4 CMakeFiles/hello_serial.dir/Users/brianlesko/.pico-sdk/sdk/2.0.0/src/rp2_common/pico_bit_ops/bit_ops_aeabi.S.obj
 .preinit_array.00300
                0x100067dc        0x4 CMakeFiles/hello_serial.dir/Users/brianlesko/.pico-sdk/sdk/2.0.0/src/rp2_common/pico_mem_ops/mem_ops_aeabi.S.obj
 .preinit_array.00350
                0x100067e0        0x4 CMakeFiles/hello_serial.dir/Users/brianlesko/.pico-sdk/sdk/2.0.0/src/rp2_common/pico_double/double_aeabi_rp2040.S.obj
 .preinit_array.00350
                0x100067e4        0x4 CMakeFiles/hello_serial.dir/Users/brianlesko/.pico-sdk/sdk/2.0.0/src/rp2_common/pico_float/float_aeabi_rp2040.S.obj
 .preinit_array.00500
                0x100067e8        0x4 CMakeFiles/hello_serial.dir/Users/brianlesko/.pico-sdk/sdk/2.0.0/src/rp2_common/pico_runtime_init/runtime_init.c.obj
                0x100067e8                __pre_init_runtime_init_clocks
 .preinit_array.00600
                0x100067ec        0x4 CMakeFiles/hello_serial.dir/Users/brianlesko/.pico-sdk/sdk/2.0.0/src/rp2_common/pico_runtime_init/runtime_init.c.obj
                0x100067ec                __pre_init_runtime_init_post_clock_resets
 .preinit_array.00700
                0x100067f0        0x4 CMakeFiles/hello_serial.dir/Users/brianlesko/.pico-sdk/sdk/2.0.0/src/rp2_common/pico_runtime_init/runtime_init.c.obj
                0x100067f0                __pre_init_runtime_init_rp2040_gpio_ie_disable
 .preinit_array.01000
                0x100067f4        0x4 CMakeFiles/hello_serial.dir/Users/brianlesko/.pico-sdk/sdk/2.0.0/src/rp2_common/pico_runtime_init/runtime_init.c.obj
                0x100067f4                __pre_init_runtime_init_spin_locks_reset
 .preinit_array.01100
                0x100067f8        0x4 CMakeFiles/hello_serial.dir/Users/brianlesko/.pico-sdk/sdk/2.0.0/src/common/pico_sync/mutex.c.obj
                0x100067f8                __pre_init_runtime_init_mutex
 .preinit_array.10080
                0x100067fc        0x4 CMakeFiles/hello_serial.dir/Users/brianlesko/.pico-sdk/sdk/2.0.0/src/rp2_common/pico_runtime_init/runtime_init.c.obj
                0x100067fc                __pre_init_runtime_init_install_ram_vector_table
 .preinit_array.11000
                0x10006800        0x4 CMakeFiles/hello_serial.dir/Users/brianlesko/.pico-sdk/sdk/2.0.0/src/common/pico_time/time.c.obj
                0x10006800                __pre_init_runtime_init_default_alarm_pool
 .preinit_array.YYYYY
                0x10006804        0x4 CMakeFiles/hello_serial.dir/Users/brianlesko/.pico-sdk/sdk/2.0.0/src/rp2_common/pico_runtime/runtime.c.obj
                0x10006804                __pre_init_first_per_core_initializer
 .preinit_array.ZZZZZ.01200
                0x10006808        0x4 CMakeFiles/hello_serial.dir/Users/brianlesko/.pico-sdk/sdk/2.0.0/src/rp2_common/hardware_irq/irq.c.obj
                0x10006808                __pre_init_runtime_init_per_core_irq_priorities
 *(.preinit_array)
                0x1000680c                        PROVIDE (__preinit_array_end = .)
                0x1000680c                        . = ALIGN (0x4)
                0x1000680c                        PROVIDE (__init_array_start = .)
 *(SORT_BY_NAME(.init_array.*))
 *(.init_array)
 .init_array    0x1000680c        0x4 /Users/brianlesko/.pico-sdk/toolchain/13_2_Rel1/bin/../lib/gcc/arm-none-eabi/13.2.1/thumb/v6-m/nofp/crtbegin.o
 .init_array    0x10006810        0x4 CMakeFiles/hello_serial.dir/Users/brianlesko/.pico-sdk/sdk/2.0.0/src/rp2_common/pico_unique_id/unique_id.c.obj
                0x10006814                        PROVIDE (__init_array_end = .)
                0x10006814                        . = ALIGN (0x4)
                [!provide]                        PROVIDE (__fini_array_start = .)
 *(SORT_BY_NAME(.fini_array.*))
 *(.fini_array)
                [!provide]                        PROVIDE (__fini_array_end = .)
 *(.eh_frame*)
 .eh_frame      0x10006814        0x0 /Users/brianlesko/.pico-sdk/toolchain/13_2_Rel1/bin/../lib/gcc/arm-none-eabi/13.2.1/thumb/v6-m/nofp/crtbegin.o
                0x10006814                        . = ALIGN (0x4)

.glue_7         0x10006814        0x0
 .glue_7        0x10006814        0x0 linker stubs

.glue_7t        0x10006814        0x0
 .glue_7t       0x10006814        0x0 linker stubs

.vfp11_veneer   0x10006814        0x0
 .vfp11_veneer  0x10006814        0x0 linker stubs

.v4_bx          0x10006814        0x0
 .v4_bx         0x10006814        0x0 linker stubs

.iplt           0x10006814        0x0
 .iplt          0x10006814        0x0 /Users/brianlesko/.pico-sdk/toolchain/13_2_Rel1/bin/../lib/gcc/arm-none-eabi/13.2.1/thumb/v6-m/nofp/crtbegin.o

.rodata         0x10006818     0x1430
 *(EXCLUDE_FILE(*libm.a: *libc.a:*lib_a-mem*.o *libgcc.a:) .rodata*)
 .rodata.main.str1.4
                0x10006818      0xc4b CMakeFiles/hello_serial.dir/hello_serial.c.obj
                                 0x1e (size before relaxing)
 .rodata.rp2040_chip_version.str1.4
                0x10007463       0x81 CMakeFiles/hello_serial.dir/Users/brianlesko/.pico-sdk/sdk/2.0.0/src/rp2040/pico_platform/platform.c.obj
 *fill*         0x10007463        0x1 
 .rodata.__func__.0
                0x10007464       0x14 CMakeFiles/hello_serial.dir/Users/brianlesko/.pico-sdk/sdk/2.0.0/src/rp2040/pico_platform/platform.c.obj
 .rodata.panic.str1.4
                0x10007478       0x12 CMakeFiles/hello_serial.dir/Users/brianlesko/.pico-sdk/sdk/2.0.0/src/rp2_common/pico_platform_panic/panic.c.obj
 .rodata.spin_lock_claim_unused.str1.4
                0x10007478       0x1b CMakeFiles/hello_serial.dir/Users/brianlesko/.pico-sdk/sdk/2.0.0/src/rp2_common/hardware_sync/sync.c.obj
 .rodata.resolve_j_16.str1.4
                0x10007478       0x60 CMakeFiles/hello_serial.dir/Users/brianlesko/.pico-sdk/sdk/2.0.0/src/rp2_common/hardware_irq/irq.c.obj
 .rodata.make_j_16.str1.4
                0x10007478       0x30 CMakeFiles/hello_serial.dir/Users/brianlesko/.pico-sdk/sdk/2.0.0/src/rp2_common/hardware_irq/irq.c.obj
 .rodata.irq_set_exclusive_handler.str1.4
                0x10007478       0x36 CMakeFiles/hello_serial.dir/Users/brianlesko/.pico-sdk/sdk/2.0.0/src/rp2_common/hardware_irq/irq.c.obj
 .rodata.irq_add_shared_handler.str1.4
                0x10007478       0xd2 CMakeFiles/hello_serial.dir/Users/brianlesko/.pico-sdk/sdk/2.0.0/src/rp2_common/hardware_irq/irq.c.obj
 .rodata.irq_add_tail_to_free_list.str1.4
                0x10007478       0x3a CMakeFiles/hello_serial.dir/Users/brianlesko/.pico-sdk/sdk/2.0.0/src/rp2_common/hardware_irq/irq.c.obj
 .rodata.user_irq_claim_unused.str1.4
                0x10007478       0x1b CMakeFiles/hello_serial.dir/Users/brianlesko/.pico-sdk/sdk/2.0.0/src/rp2_common/hardware_irq/irq.c.obj
 .rodata.__func__.0
                0x10007478       0x1a CMakeFiles/hello_serial.dir/Users/brianlesko/.pico-sdk/sdk/2.0.0/src/rp2_common/hardware_irq/irq.c.obj
 *fill*         0x10007492        0x2 
 .rodata.__func__.3
                0x10007494        0xa CMakeFiles/hello_serial.dir/Users/brianlesko/.pico-sdk/sdk/2.0.0/src/rp2_common/hardware_irq/irq.c.obj
 *fill*         0x1000749e        0x2 
 .rodata.__func__.4
                0x100074a0        0xd CMakeFiles/hello_serial.dir/Users/brianlesko/.pico-sdk/sdk/2.0.0/src/rp2_common/hardware_irq/irq.c.obj
 *fill*         0x100074ad        0x3 
 .rodata.__func__.5
                0x100074b0       0x17 CMakeFiles/hello_serial.dir/Users/brianlesko/.pico-sdk/sdk/2.0.0/src/rp2_common/hardware_irq/irq.c.obj
 *fill*         0x100074c7        0x1 
 .rodata.__func__.6
                0x100074c8       0x1a CMakeFiles/hello_serial.dir/Users/brianlesko/.pico-sdk/sdk/2.0.0/src/rp2_common/hardware_irq/irq.c.obj
 .rodata.runtime_init_mutex.str1.4
                0x100074e2       0x63 CMakeFiles/hello_serial.dir/Users/brianlesko/.pico-sdk/sdk/2.0.0/src/common/pico_sync/mutex.c.obj
 .rodata.str1.4
                0x100074e2       0x51 CMakeFiles/hello_serial.dir/Users/brianlesko/.pico-sdk/sdk/2.0.0/src/common/pico_sync/mutex.c.obj
 *fill*         0x100074e2        0x2 
 .rodata.__func__.1
                0x100074e4        0xb CMakeFiles/hello_serial.dir/Users/brianlesko/.pico-sdk/sdk/2.0.0/src/common/pico_sync/mutex.c.obj
 *fill*         0x100074ef        0x1 
 .rodata.__func__.3
                0x100074f0       0x18 CMakeFiles/hello_serial.dir/Users/brianlesko/.pico-sdk/sdk/2.0.0/src/common/pico_sync/mutex.c.obj
 .rodata.__func__.6
                0x10007508       0x13 CMakeFiles/hello_serial.dir/Users/brianlesko/.pico-sdk/sdk/2.0.0/src/common/pico_sync/mutex.c.obj
 .rodata.alarm_pool_irq_handler.str1.4
                0x1000751b       0x6e CMakeFiles/hello_serial.dir/Users/brianlesko/.pico-sdk/sdk/2.0.0/src/common/pico_time/time.c.obj
 .rodata.alarm_pool_get_default.str1.4
                0x1000751b       0x21 CMakeFiles/hello_serial.dir/Users/brianlesko/.pico-sdk/sdk/2.0.0/src/common/pico_time/time.c.obj
 .rodata.sleep_until.str1.4
                0x1000751b       0x4d CMakeFiles/hello_serial.dir/Users/brianlesko/.pico-sdk/sdk/2.0.0/src/common/pico_time/time.c.obj
 *fill*         0x1000751b        0x1 
 .rodata.__func__.1
                0x1000751c       0x17 CMakeFiles/hello_serial.dir/Users/brianlesko/.pico-sdk/sdk/2.0.0/src/common/pico_time/time.c.obj
 *fill*         0x10007533        0x1 
 .rodata.__func__.2
                0x10007534       0x17 CMakeFiles/hello_serial.dir/Users/brianlesko/.pico-sdk/sdk/2.0.0/src/common/pico_time/time.c.obj
 .rodata.timer_hardware_alarm_claim.str1.4
                0x1000754b       0x22 CMakeFiles/hello_serial.dir/Users/brianlesko/.pico-sdk/sdk/2.0.0/src/rp2_common/hardware_timer/timer.c.obj
 .rodata.pll_init.str1.4
                0x1000754b      0x11c CMakeFiles/hello_serial.dir/Users/brianlesko/.pico-sdk/sdk/2.0.0/src/rp2_common/hardware_pll/pll.c.obj
 *fill*         0x1000754b        0x1 
 .rodata.__func__.0
                0x1000754c        0x9 CMakeFiles/hello_serial.dir/Users/brianlesko/.pico-sdk/sdk/2.0.0/src/rp2_common/hardware_pll/pll.c.obj
 .rodata.__aeabi_double_init.str1.4
                0x10007555       0x9e CMakeFiles/hello_serial.dir/Users/brianlesko/.pico-sdk/sdk/2.0.0/src/rp2_common/pico_double/double_init_rom_rp2040.c.obj
 *fill*         0x10007555        0x3 
 .rodata.__func__.0
                0x10007558       0x14 CMakeFiles/hello_serial.dir/Users/brianlesko/.pico-sdk/sdk/2.0.0/src/rp2_common/pico_double/double_init_rom_rp2040.c.obj
 .rodata.__aeabi_float_init.str1.4
                0x1000756c       0x90 CMakeFiles/hello_serial.dir/Users/brianlesko/.pico-sdk/sdk/2.0.0/src/rp2_common/pico_float/float_init_rom_rp2040.c.obj
 .rodata.__func__.0
                0x1000756c       0x13 CMakeFiles/hello_serial.dir/Users/brianlesko/.pico-sdk/sdk/2.0.0/src/rp2_common/pico_float/float_init_rom_rp2040.c.obj
 .rodata.str1.4
                0x1000757f       0x34 CMakeFiles/hello_serial.dir/Users/brianlesko/.pico-sdk/sdk/2.0.0/src/rp2_common/pico_standard_binary_info/standard_binary_info.c.obj
 *fill*         0x1000757f        0x1 
 .rodata.__bi_84
                0x10007580        0xc CMakeFiles/hello_serial.dir/Users/brianlesko/.pico-sdk/sdk/2.0.0/src/rp2_common/pico_standard_binary_info/standard_binary_info.c.obj
 .rodata.__bi_54
                0x1000758c        0xc CMakeFiles/hello_serial.dir/Users/brianlesko/.pico-sdk/sdk/2.0.0/src/rp2_common/pico_standard_binary_info/standard_binary_info.c.obj
 .rodata.__bi_48
                0x10007598        0xc CMakeFiles/hello_serial.dir/Users/brianlesko/.pico-sdk/sdk/2.0.0/src/rp2_common/pico_standard_binary_info/standard_binary_info.c.obj
 .rodata.__bi_42
                0x100075a4        0xc CMakeFiles/hello_serial.dir/Users/brianlesko/.pico-sdk/sdk/2.0.0/src/rp2_common/pico_standard_binary_info/standard_binary_info.c.obj
 .rodata.__bi_34
                0x100075b0        0xc CMakeFiles/hello_serial.dir/Users/brianlesko/.pico-sdk/sdk/2.0.0/src/rp2_common/pico_standard_binary_info/standard_binary_info.c.obj
 .rodata.__bi_26
                0x100075bc        0xc CMakeFiles/hello_serial.dir/Users/brianlesko/.pico-sdk/sdk/2.0.0/src/rp2_common/pico_standard_binary_info/standard_binary_info.c.obj
 .rodata._ftoa.str1.4
                0x100075c8       0x15 CMakeFiles/hello_serial.dir/Users/brianlesko/.pico-sdk/sdk/2.0.0/src/rp2_common/pico_printf/printf.c.obj
 .rodata._vsnprintf
                0x100075c8      0x19c CMakeFiles/hello_serial.dir/Users/brianlesko/.pico-sdk/sdk/2.0.0/src/rp2_common/pico_printf/printf.c.obj
 *fill*         0x10007764        0x4 
 .rodata.pow10.0
                0x10007768       0x50 CMakeFiles/hello_serial.dir/Users/brianlesko/.pico-sdk/sdk/2.0.0/src/rp2_common/pico_printf/printf.c.obj
 .rodata.__assert_func.str1.4
                0x100077b8       0x43 CMakeFiles/hello_serial.dir/Users/brianlesko/.pico-sdk/sdk/2.0.0/src/rp2_common/pico_clib_interface/newlib_interface.c.obj
 .rodata.stdio_getchar_timeout_us.str1.4
                0x100077b8       0x4c CMakeFiles/hello_serial.dir/Users/brianlesko/.pico-sdk/sdk/2.0.0/src/rp2_common/pico_stdio/stdio.c.obj
 .rodata.__func__.1
                0x100077b8       0x19 CMakeFiles/hello_serial.dir/Users/brianlesko/.pico-sdk/sdk/2.0.0/src/rp2_common/pico_stdio/stdio.c.obj
 *fill*         0x100077d1        0x3 
 .rodata.crlf_str.0
                0x100077d4        0x2 CMakeFiles/hello_serial.dir/Users/brianlesko/.pico-sdk/sdk/2.0.0/src/rp2_common/pico_stdio/stdio.c.obj
 *fill*         0x100077d6        0x2 
 .rodata._resetd_driver
                0x100077d8       0x20 CMakeFiles/hello_serial.dir/Users/brianlesko/.pico-sdk/sdk/2.0.0/src/rp2_common/pico_stdio_usb/reset_interface.c.obj
 .rodata.desc_ms_os_20
                0x100077f8       0xa6 CMakeFiles/hello_serial.dir/Users/brianlesko/.pico-sdk/sdk/2.0.0/src/rp2_common/pico_stdio_usb/reset_interface.c.obj
 *fill*         0x1000789e        0x2 
 .rodata.desc_bos
                0x100078a0       0x21 CMakeFiles/hello_serial.dir/Users/brianlesko/.pico-sdk/sdk/2.0.0/src/rp2_common/pico_stdio_usb/reset_interface.c.obj
                0x100078a0                desc_bos
 .rodata.stdio_usb_init.str1.4
                0x100078c1       0x58 CMakeFiles/hello_serial.dir/Users/brianlesko/.pico-sdk/sdk/2.0.0/src/rp2_common/pico_stdio_usb/stdio_usb.c.obj
 .rodata.str1.4
                0x100078c1       0x13 CMakeFiles/hello_serial.dir/Users/brianlesko/.pico-sdk/sdk/2.0.0/src/rp2_common/pico_stdio_usb/stdio_usb.c.obj
 *fill*         0x100078c1        0x3 
 .rodata.__bi_197.1
                0x100078c4        0xc CMakeFiles/hello_serial.dir/Users/brianlesko/.pico-sdk/sdk/2.0.0/src/rp2_common/pico_stdio_usb/stdio_usb.c.obj
 .rodata.__func__.2
                0x100078d0        0xf CMakeFiles/hello_serial.dir/Users/brianlesko/.pico-sdk/sdk/2.0.0/src/rp2_common/pico_stdio_usb/stdio_usb.c.obj
 .rodata.str1.4
                0x100078df       0x2a CMakeFiles/hello_serial.dir/Users/brianlesko/.pico-sdk/sdk/2.0.0/src/rp2_common/pico_stdio_usb/stdio_usb_descriptors.c.obj
 *fill*         0x100078df        0x1 
 .rodata.usbd_desc_str
                0x100078e0       0x18 CMakeFiles/hello_serial.dir/Users/brianlesko/.pico-sdk/sdk/2.0.0/src/rp2_common/pico_stdio_usb/stdio_usb_descriptors.c.obj
 .rodata.usbd_desc_cfg
                0x100078f8       0x54 CMakeFiles/hello_serial.dir/Users/brianlesko/.pico-sdk/sdk/2.0.0/src/rp2_common/pico_stdio_usb/stdio_usb_descriptors.c.obj
 .rodata.usbd_desc_device
                0x1000794c       0x12 CMakeFiles/hello_serial.dir/Users/brianlesko/.pico-sdk/sdk/2.0.0/src/rp2_common/pico_stdio_usb/stdio_usb_descriptors.c.obj
 .rodata.pico_get_unique_board_id_string.str1.4
                0x1000795e       0x58 CMakeFiles/hello_serial.dir/Users/brianlesko/.pico-sdk/sdk/2.0.0/src/rp2_common/pico_unique_id/unique_id.c.obj
 *fill*         0x1000795e        0x2 
 .rodata.__func__.0
                0x10007960       0x20 CMakeFiles/hello_serial.dir/Users/brianlesko/.pico-sdk/sdk/2.0.0/src/rp2_common/pico_unique_id/unique_id.c.obj
 .rodata.str1.4
                0x10007980      0x199 CMakeFiles/hello_serial.dir/Users/brianlesko/.pico-sdk/sdk/2.0.0/src/rp2_common/hardware_flash/flash.c.obj
 .rodata.__func__.0
                0x10007980        0xd CMakeFiles/hello_serial.dir/Users/brianlesko/.pico-sdk/sdk/2.0.0/src/rp2_common/hardware_flash/flash.c.obj
 .rodata._hw_endpoint_alloc.str1.4
                0x1000798d       0xc1 CMakeFiles/hello_serial.dir/Users/brianlesko/.pico-sdk/sdk/2.0.0/lib/tinyusb/src/portable/raspberrypi/rp2040/dcd_rp2040.c.obj
 .rodata.str1.4
                0x1000798d       0x14 CMakeFiles/hello_serial.dir/Users/brianlesko/.pico-sdk/sdk/2.0.0/lib/tinyusb/src/portable/raspberrypi/rp2040/dcd_rp2040.c.obj
 .rodata.dcd_int_enable.str1.4
                0x1000798d        0xc CMakeFiles/hello_serial.dir/Users/brianlesko/.pico-sdk/sdk/2.0.0/lib/tinyusb/src/portable/raspberrypi/rp2040/dcd_rp2040.c.obj
 *fill*         0x1000798d        0x3 
 .rodata.__func__.0
                0x10007990        0xe CMakeFiles/hello_serial.dir/Users/brianlesko/.pico-sdk/sdk/2.0.0/lib/tinyusb/src/portable/raspberrypi/rp2040/dcd_rp2040.c.obj
 *fill*         0x1000799e        0x2 
 .rodata.__func__.1
                0x100079a0        0xe CMakeFiles/hello_serial.dir/Users/brianlesko/.pico-sdk/sdk/2.0.0/lib/tinyusb/src/portable/raspberrypi/rp2040/dcd_rp2040.c.obj
 *fill*         0x100079ae        0x2 
 .rodata.__func__.3
                0x100079b0       0x10 CMakeFiles/hello_serial.dir/Users/brianlesko/.pico-sdk/sdk/2.0.0/lib/tinyusb/src/portable/raspberrypi/rp2040/dcd_rp2040.c.obj
 .rodata.__func__.5
                0x100079c0        0xf CMakeFiles/hello_serial.dir/Users/brianlesko/.pico-sdk/sdk/2.0.0/lib/tinyusb/src/portable/raspberrypi/rp2040/dcd_rp2040.c.obj
 *fill*         0x100079cf        0x1 
 .rodata.__func__.6
                0x100079d0       0x13 CMakeFiles/hello_serial.dir/Users/brianlesko/.pico-sdk/sdk/2.0.0/lib/tinyusb/src/portable/raspberrypi/rp2040/dcd_rp2040.c.obj
 *fill*         0x100079e3        0x1 
 .rodata.__func__.7
                0x100079e4        0x9 CMakeFiles/hello_serial.dir/Users/brianlesko/.pico-sdk/sdk/2.0.0/lib/tinyusb/src/portable/raspberrypi/rp2040/dcd_rp2040.c.obj
 .rodata.str1.4
                0x100079ed       0xe8 CMakeFiles/hello_serial.dir/Users/brianlesko/.pico-sdk/sdk/2.0.0/lib/tinyusb/src/portable/raspberrypi/rp2040/rp2040_usb.c.obj
 .rodata.hw_endpoint_xfer_start.str1.4
                0x100079ed       0x38 CMakeFiles/hello_serial.dir/Users/brianlesko/.pico-sdk/sdk/2.0.0/lib/tinyusb/src/portable/raspberrypi/rp2040/rp2040_usb.c.obj
 *fill*         0x100079ed        0x3 
 .rodata.__func__.0
                0x100079f0        0xf CMakeFiles/hello_serial.dir/Users/brianlesko/.pico-sdk/sdk/2.0.0/lib/tinyusb/src/portable/raspberrypi/rp2040/rp2040_usb.c.obj
 .rodata.configuration_reset.str1.4
                0x100079ff       0x17 CMakeFiles/hello_serial.dir/Users/brianlesko/.pico-sdk/sdk/2.0.0/lib/tinyusb/src/device/usbd.c.obj
 *fill*         0x100079ff        0x1 
 .rodata.process_get_descriptor
                0x10007a00       0x40 CMakeFiles/hello_serial.dir/Users/brianlesko/.pico-sdk/sdk/2.0.0/lib/tinyusb/src/device/usbd.c.obj
 .rodata        0x10007a40       0x1c CMakeFiles/hello_serial.dir/Users/brianlesko/.pico-sdk/sdk/2.0.0/lib/tinyusb/src/device/usbd.c.obj
 .rodata.process_control_request
                0x10007a5c       0x28 CMakeFiles/hello_serial.dir/Users/brianlesko/.pico-sdk/sdk/2.0.0/lib/tinyusb/src/device/usbd.c.obj
 .rodata.tud_task_ext
                0x10007a84       0x24 CMakeFiles/hello_serial.dir/Users/brianlesko/.pico-sdk/sdk/2.0.0/lib/tinyusb/src/device/usbd.c.obj
 .rodata.__func__.4
                0x10007aa8        0xf CMakeFiles/hello_serial.dir/Users/brianlesko/.pico-sdk/sdk/2.0.0/lib/tinyusb/src/device/usbd.c.obj
 *fill*         0x10007ab7        0x1 
 .rodata.__func__.5
                0x10007ab8        0xf CMakeFiles/hello_serial.dir/Users/brianlesko/.pico-sdk/sdk/2.0.0/lib/tinyusb/src/device/usbd.c.obj
 *fill*         0x10007ac7        0x1 
 .rodata.__func__.6
                0x10007ac8       0x14 CMakeFiles/hello_serial.dir/Users/brianlesko/.pico-sdk/sdk/2.0.0/lib/tinyusb/src/device/usbd.c.obj
 .rodata.__func__.7
                0x10007adc        0xc CMakeFiles/hello_serial.dir/Users/brianlesko/.pico-sdk/sdk/2.0.0/lib/tinyusb/src/device/usbd.c.obj
 .rodata.__func__.8
                0x10007ae8       0x17 CMakeFiles/hello_serial.dir/Users/brianlesko/.pico-sdk/sdk/2.0.0/lib/tinyusb/src/device/usbd.c.obj
 *fill*         0x10007aff        0x1 
 .rodata.__func__.9
                0x10007b00       0x13 CMakeFiles/hello_serial.dir/Users/brianlesko/.pico-sdk/sdk/2.0.0/lib/tinyusb/src/device/usbd.c.obj
 *fill*         0x10007b13        0x1 
 .rodata.__func__.10
                0x10007b14       0x18 CMakeFiles/hello_serial.dir/Users/brianlesko/.pico-sdk/sdk/2.0.0/lib/tinyusb/src/device/usbd.c.obj
 .rodata.__func__.11
                0x10007b2c       0x14 CMakeFiles/hello_serial.dir/Users/brianlesko/.pico-sdk/sdk/2.0.0/lib/tinyusb/src/device/usbd.c.obj
 .rodata.__func__.12
                0x10007b40        0xd CMakeFiles/hello_serial.dir/Users/brianlesko/.pico-sdk/sdk/2.0.0/lib/tinyusb/src/device/usbd.c.obj
 *fill*         0x10007b4d        0x3 
 .rodata.__func__.13
                0x10007b50        0x9 CMakeFiles/hello_serial.dir/Users/brianlesko/.pico-sdk/sdk/2.0.0/lib/tinyusb/src/device/usbd.c.obj
 *fill*         0x10007b59        0x3 
 .rodata._usbd_driver
                0x10007b5c       0x40 CMakeFiles/hello_serial.dir/Users/brianlesko/.pico-sdk/sdk/2.0.0/lib/tinyusb/src/device/usbd.c.obj
 .rodata.tud_control_xfer.str1.4
                0x10007b9c       0x17 CMakeFiles/hello_serial.dir/Users/brianlesko/.pico-sdk/sdk/2.0.0/lib/tinyusb/src/device/usbd_control.c.obj
 .rodata.__func__.0
                0x10007b9c       0x15 CMakeFiles/hello_serial.dir/Users/brianlesko/.pico-sdk/sdk/2.0.0/lib/tinyusb/src/device/usbd_control.c.obj
 *fill*         0x10007bb1        0x3 
 .rodata.__func__.1
                0x10007bb4       0x11 CMakeFiles/hello_serial.dir/Users/brianlesko/.pico-sdk/sdk/2.0.0/lib/tinyusb/src/device/usbd_control.c.obj
 .rodata.tud_cdc_n_write_flush.str1.4
                0x10007bc5       0x17 CMakeFiles/hello_serial.dir/Users/brianlesko/.pico-sdk/sdk/2.0.0/lib/tinyusb/src/class/cdc/cdc_device.c.obj
 *fill*         0x10007bc5        0x3 
 .rodata.__func__.0
                0x10007bc8        0xd CMakeFiles/hello_serial.dir/Users/brianlesko/.pico-sdk/sdk/2.0.0/lib/tinyusb/src/class/cdc/cdc_device.c.obj
 *fill*         0x10007bd5        0x3 
 .rodata.__func__.1
                0x10007bd8        0xa CMakeFiles/hello_serial.dir/Users/brianlesko/.pico-sdk/sdk/2.0.0/lib/tinyusb/src/class/cdc/cdc_device.c.obj
 *fill*         0x10007be2        0x2 
 .rodata.__func__.3
                0x10007be4       0x16 CMakeFiles/hello_serial.dir/Users/brianlesko/.pico-sdk/sdk/2.0.0/lib/tinyusb/src/class/cdc/cdc_device.c.obj
 .rodata.tud_vendor_n_write_flush.str1.4
                0x10007bfa       0x17 CMakeFiles/hello_serial.dir/Users/brianlesko/.pico-sdk/sdk/2.0.0/lib/tinyusb/src/class/vendor/vendor_device.c.obj
 *fill*         0x10007bfa        0x2 
 .rodata.__func__.0
                0x10007bfc        0xd CMakeFiles/hello_serial.dir/Users/brianlesko/.pico-sdk/sdk/2.0.0/lib/tinyusb/src/class/vendor/vendor_device.c.obj
 *fill*         0x10007c09        0x3 
 .rodata.__func__.2
                0x10007c0c       0x19 CMakeFiles/hello_serial.dir/Users/brianlesko/.pico-sdk/sdk/2.0.0/lib/tinyusb/src/class/vendor/vendor_device.c.obj
 .rodata.tusb_init.str1.4
                0x10007c25       0x17 CMakeFiles/hello_serial.dir/Users/brianlesko/.pico-sdk/sdk/2.0.0/lib/tinyusb/src/tusb.c.obj
 *fill*         0x10007c25        0x3 
 .rodata.__func__.3
                0x10007c28       0x11 CMakeFiles/hello_serial.dir/Users/brianlesko/.pico-sdk/sdk/2.0.0/lib/tinyusb/src/tusb.c.obj
 *fill*         0x10007c39        0x3 
 .rodata.__func__.4
                0x10007c3c        0xa CMakeFiles/hello_serial.dir/Users/brianlesko/.pico-sdk/sdk/2.0.0/lib/tinyusb/src/tusb.c.obj
                0x10007c48                        . = ALIGN (0x4)
 *fill*         0x10007c46        0x2 
 *(SORT_BY_ALIGNMENT(SORT_BY_NAME(.flashdata*)))
                0x10007c48                        . = ALIGN (0x4)

.ARM.extab
 *(.ARM.extab* .gnu.linkonce.armextab.*)
                0x10007c48                        __exidx_start = .

.ARM.exidx
 *(.ARM.exidx* .gnu.linkonce.armexidx.*)
                0x10007c48                        __exidx_end = .
                0x10007c48                        . = ALIGN (0x4)
                0x10007c48                        __binary_info_start = .

.binary_info    0x10007c48       0x1c
 *(.binary_info.keep.*)
 .binary_info.keep.__bi_ptr84
                0x10007c48        0x4 CMakeFiles/hello_serial.dir/Users/brianlesko/.pico-sdk/sdk/2.0.0/src/rp2_common/pico_standard_binary_info/standard_binary_info.c.obj
 .binary_info.keep.__bi_ptr54
                0x10007c4c        0x4 CMakeFiles/hello_serial.dir/Users/brianlesko/.pico-sdk/sdk/2.0.0/src/rp2_common/pico_standard_binary_info/standard_binary_info.c.obj
 .binary_info.keep.__bi_ptr48
                0x10007c50        0x4 CMakeFiles/hello_serial.dir/Users/brianlesko/.pico-sdk/sdk/2.0.0/src/rp2_common/pico_standard_binary_info/standard_binary_info.c.obj
 .binary_info.keep.__bi_ptr42
                0x10007c54        0x4 CMakeFiles/hello_serial.dir/Users/brianlesko/.pico-sdk/sdk/2.0.0/src/rp2_common/pico_standard_binary_info/standard_binary_info.c.obj
 .binary_info.keep.__bi_ptr34
                0x10007c58        0x4 CMakeFiles/hello_serial.dir/Users/brianlesko/.pico-sdk/sdk/2.0.0/src/rp2_common/pico_standard_binary_info/standard_binary_info.c.obj
 .binary_info.keep.__bi_ptr26
                0x10007c5c        0x4 CMakeFiles/hello_serial.dir/Users/brianlesko/.pico-sdk/sdk/2.0.0/src/rp2_common/pico_standard_binary_info/standard_binary_info.c.obj
 *(.binary_info.*)
 .binary_info.__bi_ptr197
                0x10007c60        0x4 CMakeFiles/hello_serial.dir/Users/brianlesko/.pico-sdk/sdk/2.0.0/src/rp2_common/pico_stdio_usb/stdio_usb.c.obj
                0x10007c64                        __binary_info_end = .

.rel.dyn        0x10007c64        0x0
 .rel.iplt      0x10007c64        0x0 /Users/brianlesko/.pico-sdk/toolchain/13_2_Rel1/bin/../lib/gcc/arm-none-eabi/13.2.1/thumb/v6-m/nofp/crtbegin.o
                0x10007c64                        . = ALIGN (0x4)

.ram_vector_table
                0x20000000       0xc0
 *(.ram_vector_table)
 .ram_vector_table
                0x20000000       0xc0 CMakeFiles/hello_serial.dir/Users/brianlesko/.pico-sdk/sdk/2.0.0/src/rp2_common/pico_runtime_init/runtime_init.c.obj
                0x20000000                ram_vector_table

.uninitialized_data
                0x200000c0        0x0
                0x200000c0                        . = ALIGN (0x4)
 *(.uninitialized_data*)

.data           0x200000c0      0xbd0 load address 0x10007c64
                0x200000c0                        __data_start__ = .
 *(vtable)
 *(.time_critical*)
 .time_critical.mutex_try_enter
                0x200000c0       0x48 CMakeFiles/hello_serial.dir/Users/brianlesko/.pico-sdk/sdk/2.0.0/src/common/pico_sync/mutex.c.obj
                0x200000c0                mutex_try_enter
 .time_critical.mutex_enter_block_until
                0x20000108       0x90 CMakeFiles/hello_serial.dir/Users/brianlesko/.pico-sdk/sdk/2.0.0/src/common/pico_sync/mutex.c.obj
                0x20000108                mutex_enter_block_until
 .time_critical.mutex_try_enter_block_until
                0x20000198       0x34 CMakeFiles/hello_serial.dir/Users/brianlesko/.pico-sdk/sdk/2.0.0/src/common/pico_sync/mutex.c.obj
                0x20000198                mutex_try_enter_block_until
 .time_critical.mutex_enter_timeout_ms
                0x200001cc       0x3c CMakeFiles/hello_serial.dir/Users/brianlesko/.pico-sdk/sdk/2.0.0/src/common/pico_sync/mutex.c.obj
                0x200001cc                mutex_enter_timeout_ms
 .time_critical.mutex_exit
                0x20000208       0x4c CMakeFiles/hello_serial.dir/Users/brianlesko/.pico-sdk/sdk/2.0.0/src/common/pico_sync/mutex.c.obj
                0x20000208                mutex_exit
 .time_critical.flash_init_boot2_copyout
                0x20000254       0x30 CMakeFiles/hello_serial.dir/Users/brianlesko/.pico-sdk/sdk/2.0.0/src/rp2_common/hardware_flash/flash.c.obj